Archive member included because of file (symbol)

calypso/libcalypso.a(clock.o)
                              board/pirelli_dpl10/init.o (calypso_clock_set)
calypso/libcalypso.a(dma.o)   board/pirelli_dpl10/init.o (dma_init)
calypso/libcalypso.a(irq.o)   abb/twl3025.o (irq_enable)
calypso/libcalypso.a(rtc.o)   board/pirelli_dpl10/init.o (rtc_init)
calypso/libcalypso.a(spi.o)   abb/twl3025.o (spi_init)
calypso/libcalypso.a(tpu.o)   rf/trf6151.o (tpu_enable)
calypso/libcalypso.a(tsp.o)   abb/twl3025.o (tsp_write)
calypso/libcalypso.a(keypad.o)
                              board/pirelli_dpl10/init.o (keypad_init)
calypso/libcalypso.a(timer.o)
                              board/pirelli_dpl10/init.o (hwtimer_init)
calypso/libcalypso.a(backlight.o)
                              board/pirelli_dpl10/init.o (bl_mode_pwl)
calypso/libcalypso.a(uart.o)  board/pirelli_dpl10/init.o (uart_init)
calypso/libcalypso.a(arm.o)   calypso/libcalypso.a(irq.o) (arm_enable_interrupts)
lib/libmini.a(vsprintf.o)     apps/loader/main.o (puts)
lib/libmini.a(string.o)       lib/libmini.a(vsprintf.o) (strnlen)
lib/libmini.a(ctype.o)        lib/libmini.a(vsprintf.o) (_ctype)
lib/libmini.a(printf.o)       apps/loader/main.o (printf)
lib/libmini.a(console.o)      board/pirelli_dpl10/init.o (cons_bind_uart)
lib/libmini.a(ctors.o)        board/compal/start.ram.o (do_global_ctors)
lib/libmini.a(delay.o)        calypso/libcalypso.a(tpu.o) (delay_us)
lib/libmini.a(div64.o)        lib/libmini.a(vsprintf.o) (__do_div64)
lib/libmini.a(lib1funcs.o)    rf/trf6151.o (__udivsi3)
lib/libmini.a(memcpy.o)       apps/loader/main.o (memcpy)
lib/libmini.a(memset.o)       lib/libmini.a(console.o) (memset)
comm/libcomm.a(sercomm.o)     apps/loader/main.o (sercomm_sendmsg)
comm/libcomm.a(sercomm_cons.o)
                              lib/libmini.a(vsprintf.o) (sercomm_puts)
comm/libcomm.a(timer.o)       calypso/libcalypso.a(keypad.o) (jiffies)
../../shared/libosmocore/build-target/src/.libs/libosmocore.a(msgb.o)
                              apps/loader/main.o (msgb_alloc)
../../shared/libosmocore/build-target/src/.libs/libosmocore.a(crc16.o)
                              apps/loader/main.o (osmo_crc16)
../../shared/libosmocore/build-target/src/.libs/libosmocore.a(panic.o)
                              apps/loader/main.o (osmo_panic)
../../shared/libosmocore/build-target/src/gsm/.libs/libosmogsm.a(gsm_utils.o)
                              rf/trf6151.o (gsm_arfcn2band)
comm/libcomm.a(msgb.o)        ../../shared/libosmocore/build-target/src/.libs/libosmocore.a(msgb.o) (_talloc_zero)

Allocating common symbols
Common symbol       size              file

tall_msgb_ctx       0x4               ../../shared/libosmocore/build-target/src/.libs/libosmocore.a(msgb.o)
battery_info        0x14              battery/dummy.o
the_flash           0x3c              apps/loader/main.o
jiffies             0x4               comm/libcomm.a(timer.o)

Discarded input sections

 .text          0x0000000000000000        0x0 apps/loader/main.o
 .text          0x0000000000000000        0x0 abb/twl3025.o
 .data          0x0000000000000000        0x0 abb/twl3025.o
 .text.tpu_enq_at
                0x0000000000000000       0x34 abb/twl3025.o
 .text.tpu_enq_wait
                0x0000000000000000       0x14 abb/twl3025.o
 .text.twl3025_tsp_write
                0x0000000000000000       0x10 abb/twl3025.o
 .text.twl3025_downlink
                0x0000000000000000       0x98 abb/twl3025.o
 .text.twl3025_uplink
                0x0000000000000000       0xac abb/twl3025.o
 .text.twl3025_afc_set
                0x0000000000000000       0x64 abb/twl3025.o
 .text.twl3025_afc_get
                0x0000000000000000       0x40 abb/twl3025.o
 .text.twl3025_afcout_get
                0x0000000000000000       0x14 abb/twl3025.o
 .text.twl3025_afcout_set
                0x0000000000000000       0x24 abb/twl3025.o
 .rodata        0x0000000000000000       0x20 abb/twl3025.o
 .text          0x0000000000000000        0x0 rf/trf6151.o
 .data          0x0000000000000000       0x1c rf/trf6151.o
 .bss           0x0000000000000000        0x4 rf/trf6151.o
 .text.tpu_enq_at
                0x0000000000000000       0x34 rf/trf6151.o
 .text.tpu_enq_wait
                0x0000000000000000       0x14 rf/trf6151.o
 .text.trf6151_reg_write
                0x0000000000000000       0x38 rf/trf6151.o
 .text.trf6151_set_gain_reg
                0x0000000000000000       0x64 rf/trf6151.o
 .text.trf6151_set_gain
                0x0000000000000000       0x74 rf/trf6151.o
 .text.trf6151_power
                0x0000000000000000       0x64 rf/trf6151.o
 .text.trf6151_init
                0x0000000000000000       0x5c rf/trf6151.o
 .text.trf6151_set_mode
                0x0000000000000000       0x34 rf/trf6151.o
 .text.trf6151_set_arfcn
                0x0000000000000000      0x21c rf/trf6151.o
 .text.trf6151_calib_dc_offs
                0x0000000000000000       0x28 rf/trf6151.o
 .text.trf6151_get_gain_reg
[...]
Memory Configuration

Name             Origin             Length             Attributes
XRAM             0x0000000000800000 0x0000000000020000 rw
RAM              0x0000000000820000 0x0000000000030000 rw
*default*        0x0000000000000000 0xffffffffffffffff

Linker script and memory map

                0x0000000000820000                . = 0x820000

.text.start     0x0000000000820000       0x6c
                0x0000000000820000                PROVIDE (_start, .)
 *(.text.start)
 .text.start    0x0000000000820000       0x6c board/compal/start.ram.o
                0x0000000000820000                _start
 *(.text.start)

.text.exceptions
                0x000000000080001c       0x1c load address 0x000000000082006c
 *(.text.exceptions)
 .text.exceptions
                0x000000000080001c       0x1c board/compal/exceptions_redirected.o
 *(.text.exceptions)
                0x0000000000800038                . = ALIGN (0x4)
                0x000000000082006c                PROVIDE (_exceptions, LOADADDR (.text.exceptions))
                0x0000000000800038                . = ALIGN (0x4)

.text           0x0000000000820088     0x48a4
 *(.text*)
 .text.msgb_pull_u32
                0x0000000000820088       0x38 apps/loader/main.o
 .text.sercomm_alloc_msgb
                0x00000000008200c0       0x40 apps/loader/main.o
 .text.msgb_put
                0x0000000000820100       0x58 apps/loader/main.o
 .text.msgb_put_u8
                0x0000000000820158       0x18 apps/loader/main.o
 .text.loader_send_simple
                0x0000000000820170       0x24 apps/loader/main.o
 .text.msgb_put_u32
                0x0000000000820194       0x30 apps/loader/main.o
 .text.msgb_put_u16
                0x00000000008201c4       0x24 apps/loader/main.o
 .text.flush_uart
                0x00000000008201e8       0x30 apps/loader/main.o
 .text.key_handler
                0x0000000000820218       0x4c apps/loader/main.o
 .text.cmd_handler
                0x0000000000820264      0x5d4 apps/loader/main.o
 .text.main     0x0000000000820838      0x238 apps/loader/main.o
                0x0000000000820838                main
 .text.twl3025_wait_ibic_access
                0x0000000000820a70        0x8 abb/twl3025.o
 .text.twl3025_reg_write
                0x0000000000820a78       0x58 abb/twl3025.o
                0x0000000000820a78                twl3025_reg_write
 .text.twl3025_switch_page
                0x0000000000820ad0       0x2c abb/twl3025.o
 .text.twl3025_reg_read
                0x0000000000820afc       0x74 abb/twl3025.o
                0x0000000000820afc                twl3025_reg_read
 .text.twl3025_power_off
                0x0000000000820b70       0x30 abb/twl3025.o
                0x0000000000820b70                twl3025_power_off
 .text.twl3025_irq
                0x0000000000820ba0       0x48 abb/twl3025.o
 .text.twl3025_clk13m
                0x0000000000820be8       0x38 abb/twl3025.o
                0x0000000000820be8                twl3025_clk13m
 .text.twl3025_unit_enable
                0x0000000000820c20       0x6c abb/twl3025.o
                0x0000000000820c20                twl3025_unit_enable
 .text.twl3025_init
                0x0000000000820c8c       0x8c abb/twl3025.o
                0x0000000000820c8c                twl3025_init
 .text          0x0000000000820d18       0xfc board/common/calypso_uart.o
                0x0000000000820d24                phex
                0x0000000000820d58                puts_asm
                0x0000000000820d94                putchar_asm
                0x0000000000820da4                memdump_asm
 .text.board_init
                0x0000000000820e14      0x1f0 board/pirelli_dpl10/init.o
                0x0000000000820e14                board_init
 .text.fb_font_get_char
                0x0000000000821004       0x58 fb/font.o
                0x0000000000821004                fb_font_get_char
 .text.fb_limit_fb_range
                0x000000000082105c       0x38 fb/fb_rgb332.o
 .text.fb_rgb332_update_damage
                0x0000000000821094       0xf0 fb/fb_rgb332.o
 .text.rgb_to_pixel
                0x0000000000821184       0x20 fb/fb_rgb332.o
 .text.fb_rgb332_clear
                0x00000000008211a4       0x78 fb/fb_rgb332.o
                0x00000000008211a4                fb_rgb332_clear
 .text.fb_rgb332_boxto
                0x000000000082121c      0x14c fb/fb_rgb332.o
                0x000000000082121c                fb_rgb332_boxto
 .text.fb_rgb332_lineto
                0x0000000000821368      0x128 fb/fb_rgb332.o
                0x0000000000821368                fb_rgb332_lineto
 .text.fb_rgb332_putstr
                0x0000000000821490      0x2a8 fb/fb_rgb332.o
                0x0000000000821490                fb_rgb332_putstr
 .text.fb_s6b33b1x_send_cmdlist
                0x0000000000821738       0x20 fb/fb_s6b33b1x.o
 .text.fb_s6b33b1x_flush
                0x0000000000821758      0x150 fb/fb_s6b33b1x.o
 .text.fb_s6b33b1x_init
                0x00000000008218a8       0xec fb/fb_s6b33b1x.o
 .text          0x0000000000821994       0x90 board/compal/handlers.o
                0x0000000000821994                handle_abort
                0x00000000008219d4                irq_entry
                0x00000000008219fc                fiq_entry
 .text.calypso_pll_set
                0x0000000000821a24       0x34 calypso/libcalypso.a(clock.o)
                0x0000000000821a24                calypso_pll_set
 .text.calypso_clock_set
                0x0000000000821a58       0x70 calypso/libcalypso.a(clock.o)
                0x0000000000821a58                calypso_clock_set
 .text.calypso_mem_cfg
                0x0000000000821ac8       0x24 calypso/libcalypso.a(clock.o)
                0x0000000000821ac8                calypso_mem_cfg
 .text.calypso_bootrom
                0x0000000000821aec       0x20 calypso/libcalypso.a(clock.o)
                0x0000000000821aec                calypso_bootrom
 .text.calypso_rhea_cfg
                0x0000000000821b0c       0x4c calypso/libcalypso.a(clock.o)
                0x0000000000821b0c                calypso_rhea_cfg
 .text.dma_init
                0x0000000000821b58       0x10 calypso/libcalypso.a(dma.o)
                0x0000000000821b58                dma_init
 .text._irq_enable
                0x0000000000821b68       0x40 calypso/libcalypso.a(irq.o)
 .text.irq_enable
                0x0000000000821ba8        0x8 calypso/libcalypso.a(irq.o)
                0x0000000000821ba8                irq_enable
 .text.irq_disable
                0x0000000000821bb0        0x8 calypso/libcalypso.a(irq.o)
                0x0000000000821bb0                irq_disable
 .text.irq_config
                0x0000000000821bb8       0x48 calypso/libcalypso.a(irq.o)
                0x0000000000821bb8                irq_config
 .text.irq      0x0000000000821c00       0x3c calypso/libcalypso.a(irq.o)
                0x0000000000821c00                irq
 .text.fiq      0x0000000000821c3c       0x3c calypso/libcalypso.a(irq.o)
                0x0000000000821c3c                fiq
 .text.irq_register_handler
                0x0000000000821c78       0x14 calypso/libcalypso.a(irq.o)
                0x0000000000821c78                irq_register_handler
 .text.calypso_exceptions_install
                0x0000000000821c8c       0x34 calypso/libcalypso.a(irq.o)
                0x0000000000821c8c                calypso_exceptions_install
 .text.irq_init
                0x0000000000821cc0       0x5c calypso/libcalypso.a(irq.o)
                0x0000000000821cc0                irq_init
 .text.rtc_irq_tick
                0x0000000000821d1c       0x18 calypso/libcalypso.a(rtc.o)
 .text.rtc_init
                0x0000000000821d34       0x54 calypso/libcalypso.a(rtc.o)
                0x0000000000821d34                rtc_init
 .text.spi_init
                0x0000000000821d88       0x1c calypso/libcalypso.a(spi.o)
                0x0000000000821d88                spi_init
 .text.spi_xfer
                0x0000000000821da4      0x100 calypso/libcalypso.a(spi.o)
                0x0000000000821da4                spi_xfer
 .text.keypad_irq
                0x0000000000821ea4       0x18 calypso/libcalypso.a(keypad.o)
 .text.emit_key
                0x0000000000821ebc       0x58 calypso/libcalypso.a(keypad.o)
                0x0000000000821ebc                emit_key
 .text.dispatch_buttons
                0x0000000000821f14       0xc4 calypso/libcalypso.a(keypad.o)
                0x0000000000821f14                dispatch_buttons
 .text.keypad_init
                0x0000000000821fd8       0x6c calypso/libcalypso.a(keypad.o)
                0x0000000000821fd8                keypad_init
 .text.keypad_set_handler
                0x0000000000822044       0x10 calypso/libcalypso.a(keypad.o)
                0x0000000000822044                keypad_set_handler
 .text.keypad_poll
                0x0000000000822054      0x174 calypso/libcalypso.a(keypad.o)
                0x0000000000822054                keypad_poll
 .text.hwtimer_enable
                0x00000000008221c8       0x68 calypso/libcalypso.a(timer.o)
                0x00000000008221c8                hwtimer_enable
 .text.hwtimer_config
                0x0000000000822230       0x34 calypso/libcalypso.a(timer.o)
                0x0000000000822230                hwtimer_config
 .text.hwtimer_load
                0x0000000000822264       0x28 calypso/libcalypso.a(timer.o)
                0x0000000000822264                hwtimer_load
 .text.hwtimer_init
                0x000000000082228c       0x1c calypso/libcalypso.a(timer.o)
                0x000000000082228c                hwtimer_init
 .text.wdog_reset
                0x00000000008222a8       0x1c calypso/libcalypso.a(timer.o)
                0x00000000008222a8                wdog_reset
 .text.bl_mode_pwl
                0x00000000008222c4       0x3c calypso/libcalypso.a(backlight.o)
                0x00000000008222c4                bl_mode_pwl
 .text.bl_level
                0x0000000000822300       0x34 calypso/libcalypso.a(backlight.o)
                0x0000000000822300                bl_level
 .text.uart_set_lcr7bit
                0x0000000000822334       0x2c calypso/libcalypso.a(uart.o)
 .text.uart_set_lcr_bf
                0x0000000000822360       0x38 calypso/libcalypso.a(uart.o)
 .text.uart_set_mcr6bit
                0x0000000000822398       0x2c calypso/libcalypso.a(uart.o)
 .text.uart_reg_write
                0x00000000008223c4       0xa0 calypso/libcalypso.a(uart.o)
 .text.uart_reg_read
                0x0000000000822464       0xa0 calypso/libcalypso.a(uart.o)
 .text.uart_irq_handler_cons
                0x0000000000822504       0x5c calypso/libcalypso.a(uart.o)
 .text.uart_irq_enable
                0x0000000000822560       0x50 calypso/libcalypso.a(uart.o)
                0x0000000000822560                uart_irq_enable
 .text.uart_init
                0x00000000008225b0      0x188 calypso/libcalypso.a(uart.o)
                0x00000000008225b0                uart_init
 .text.uart_putchar_wait
                0x0000000000822738       0x30 calypso/libcalypso.a(uart.o)
                0x0000000000822738                uart_putchar_wait
 .text.uart_putchar_nb
                0x0000000000822768       0x30 calypso/libcalypso.a(uart.o)
                0x0000000000822768                uart_putchar_nb
 .text.uart_getchar_nb
                0x0000000000822798       0x88 calypso/libcalypso.a(uart.o)
                0x0000000000822798                uart_getchar_nb
 .text.uart_tx_busy
                0x0000000000822820       0x20 calypso/libcalypso.a(uart.o)
                0x0000000000822820                uart_tx_busy
 .text.uart_irq_handler_sercomm
                0x0000000000822840      0x124 calypso/libcalypso.a(uart.o)
 .text.uart_poll
                0x0000000000822964       0x2c calypso/libcalypso.a(uart.o)
                0x0000000000822964                uart_poll
 .text.uart_baudrate
                0x0000000000822990       0x68 calypso/libcalypso.a(uart.o)
                0x0000000000822990                uart_baudrate
 .text.arm_enable_interrupts
                0x00000000008229f8       0x10 calypso/libcalypso.a(arm.o)
                0x00000000008229f8                arm_enable_interrupts
 .text.skip_atoi
                0x0000000000822a08       0x44 lib/libmini.a(vsprintf.o)
 .text.number   0x0000000000822a4c      0x254 lib/libmini.a(vsprintf.o)
 .text.vsnprintf
                0x0000000000822ca0      0x518 lib/libmini.a(vsprintf.o)
                0x0000000000822ca0                vsnprintf
 .text.puts     0x00000000008231b8        0x4 lib/libmini.a(vsprintf.o)
                0x00000000008231b8                puts
 .text.strnlen  0x00000000008231bc       0x28 lib/libmini.a(string.o)
                0x00000000008231bc                strnlen
 .text.strlen   0x00000000008231e4       0x1c lib/libmini.a(string.o)
                0x00000000008231e4                strlen
 .text.printf   0x0000000000823200       0x44 lib/libmini.a(printf.o)
                0x0000000000823200                printf
 .text.cons_rb_pull
                0x0000000000823244       0x6c lib/libmini.a(console.o)
 .text.__cons_rb_append
                0x00000000008232b0       0x70 lib/libmini.a(console.o)
 .text.cons_bind_uart
                0x0000000000823320       0x18 lib/libmini.a(console.o)
                0x0000000000823320                cons_bind_uart
 .text.cons_get_uart
                0x0000000000823338       0x18 lib/libmini.a(console.o)
                0x0000000000823338                cons_get_uart
 .text.cons_init
                0x0000000000823350       0x40 lib/libmini.a(console.o)
                0x0000000000823350                cons_init
 .text.cons_rb_flush
                0x0000000000823390       0x58 lib/libmini.a(console.o)
                0x0000000000823390                cons_rb_flush
 .text.cons_rb_append
                0x00000000008233e8       0xe0 lib/libmini.a(console.o)
                0x00000000008233e8                cons_rb_append
 .text.cons_puts
                0x00000000008234c8       0x74 lib/libmini.a(console.o)
                0x00000000008234c8                cons_puts
 .text.do_global_ctors
                0x000000000082353c       0x2c lib/libmini.a(ctors.o)
                0x000000000082353c                do_global_ctors
 .text.delay_ms
                0x0000000000823568       0x40 lib/libmini.a(delay.o)
                0x0000000000823568                delay_ms
 .text          0x00000000008235a8      0x130 lib/libmini.a(div64.o)
                0x00000000008235a8                __do_div64
 .text          0x00000000008236d8      0x3d4 lib/libmini.a(lib1funcs.o)
                0x00000000008236d8                __udivsi3
                0x00000000008236d8                __aeabi_uidiv
                0x00000000008237c0                __umodsi3
                0x000000000082387c                __aeabi_idiv
                0x000000000082387c                __divsi3
                0x0000000000823994                __modsi3
                0x0000000000823a68                __aeabi_uidivmod
                0x0000000000823a80                __aeabi_idivmod
                0x0000000000823aa8                __div0
 .text          0x0000000000823aac      0x29c lib/libmini.a(memcpy.o)
                0x0000000000823aac                memcpy
 *fill*         0x0000000000823d48       0x18 00
 .text          0x0000000000823d60       0xc0 lib/libmini.a(memset.o)
                0x0000000000823d80                memset
 .text.sercomm_sendmsg
                0x0000000000823e20       0x8c comm/libcomm.a(sercomm.o)
                0x0000000000823e20                sercomm_sendmsg
 .text.sercomm_alloc_msgb.clone.2
                0x0000000000823eac       0x38 comm/libcomm.a(sercomm.o)
 .text.sercomm_bind_uart
                0x0000000000823ee4       0x10 comm/libcomm.a(sercomm.o)
                0x0000000000823ee4                sercomm_bind_uart
 .text.sercomm_get_uart
                0x0000000000823ef4       0x10 comm/libcomm.a(sercomm.o)
                0x0000000000823ef4                sercomm_get_uart
 .text.sercomm_initialized
                0x0000000000823f04       0x10 comm/libcomm.a(sercomm.o)
                0x0000000000823f04                sercomm_initialized
 .text.sercomm_tx_queue_depth
                0x0000000000823f14       0x34 comm/libcomm.a(sercomm.o)
                0x0000000000823f14                sercomm_tx_queue_depth
 .text.sercomm_drv_pull
                0x0000000000823f48      0x118 comm/libcomm.a(sercomm.o)
                0x0000000000823f48                sercomm_drv_pull
 .text.sercomm_register_rx_cb
                0x0000000000824060       0x34 comm/libcomm.a(sercomm.o)
                0x0000000000824060                sercomm_register_rx_cb
 .text.sercomm_init
                0x0000000000824094       0x50 comm/libcomm.a(sercomm.o)
                0x0000000000824094                sercomm_init
 .text.sercomm_drv_rx_char
                0x00000000008240e4      0x1a8 comm/libcomm.a(sercomm.o)
                0x00000000008240e4                sercomm_drv_rx_char
 .text.raw_puts
                0x000000000082428c       0x38 comm/libcomm.a(sercomm_cons.o)
 .text.sercomm_puts
                0x00000000008242c4      0x178 comm/libcomm.a(sercomm_cons.o)
                0x00000000008242c4                sercomm_puts
 .text.timer_irq
                0x000000000082443c       0x18 comm/libcomm.a(timer.o)
 .text.timer_init
                0x0000000000824454       0x6c comm/libcomm.a(timer.o)
                0x0000000000824454                timer_init
 .text.msgb_alloc
                0x00000000008244c0       0x5c ../../shared/libosmocore/build-target/src/.libs/libosmocore.a(msgb.o)
                0x00000000008244c0                msgb_alloc
 .text.msgb_free
                0x000000000082451c        0x4 ../../shared/libosmocore/build-target/src/.libs/libosmocore.a(msgb.o)
                0x000000000082451c                msgb_free
 .text.msgb_enqueue
                0x0000000000824520       0x18 ../../shared/libosmocore/build-target/src/.libs/libosmocore.a(msgb.o)
                0x0000000000824520                msgb_enqueue
 .text.msgb_dequeue
                0x0000000000824538       0x40 ../../shared/libosmocore/build-target/src/.libs/libosmocore.a(msgb.o)
                0x0000000000824538                msgb_dequeue
 .text.osmo_crc16
                0x0000000000824578       0x50 ../../shared/libosmocore/build-target/src/.libs/libosmocore.a(crc16.o)
                0x0000000000824578                osmo_crc16
 .text.osmo_panic
                0x00000000008245c8       0x4c ../../shared/libosmocore/build-target/src/.libs/libosmocore.a(panic.o)
                0x00000000008245c8                osmo_panic
 .text._talloc_zero
                0x0000000000824614       0xa0 comm/libcomm.a(msgb.o)
                0x0000000000824614                _talloc_zero
 .text.talloc_free
                0x00000000008246b4        0xc comm/libcomm.a(msgb.o)
                0x00000000008246b4                talloc_free
 *(.ramtext*)
 .ramtext       0x00000000008246c0      0x26c flash/cfi_flash.o
                0x00000000008246c0                flash_block_getlock
                0x00000000008246f0                flash_block_unlock
                0x0000000000824704                flash_block_lock
                0x0000000000824750                flash_block_lockdown
                0x000000000082479c                flash_block_erase
                0x00000000008247b0                flash_program
                0x00000000008247f4                flash_init
 *(.glue_7t)
 .glue_7t       0x0000000000000000        0x0 linker stubs
 *(.glue_7)
 .glue_7        0x0000000000000000        0x0 linker stubs
 *(.vfp11_veneer)
 .vfp11_veneer  0x0000000000000000        0x0 linker stubs
 *(.v4_bx)
 .v4_bx         0x0000000000000000        0x0 linker stubs
                0x000000000082492c                . = ALIGN (0x4)
                0x0000000000820088                PROVIDE (_text_start, LOADADDR (.text))
                0x000000000082492c                PROVIDE (_text_end, (LOADADDR (.text) + SIZEOF (.text)))

.ctors          0x000000000082492c        0x8
                0x000000000082492c        0x4 LONG 0x0 ((SIZEOF (.ctors) / 0x4) - 0x2)
 *(SORT(.ctors))
                0x0000000000824930        0x4 LONG 0x0
                0x000000000082492c                PROVIDE (_ctor_start, LOADADDR (.ctors))
                0x0000000000824934                PROVIDE (_ctor_end, (LOADADDR (.ctors) + SIZEOF (.ctors)))

.dtors          0x0000000000824934        0x8
                0x0000000000824934        0x4 LONG 0x0 ((SIZEOF (.dtors) / 0x4) - 0x2)
 *(SORT(.dtors))
                0x0000000000824938        0x4 LONG 0x0
                0x0000000000824934                PROVIDE (_dtor_start, LOADADDR (.dtors))
                0x000000000082493c                PROVIDE (_dtor_end, (LOADADDR (.dtors) + SIZEOF (.dtors)))
                0x000000000082493c                . = ALIGN (0x4)

.rodata         0x000000000082493c     0x18f1
 *(.rodata*)
 .rodata        0x000000000082493c        0x8 apps/loader/main.o
 .rodata.str1.1
                0x0000000000824944      0x1ea apps/loader/main.o
 .rodata.str1.1
                0x0000000000824b2e       0x58 abb/twl3025.o
 .rodata.str1.1
                0x0000000000824b86       0x37 flash/cfi_flash.o
 *fill*         0x0000000000824bbd        0x3 00
 .rodata        0x0000000000824bc0       0x18 board/pirelli_dpl10/init.o
 .rodata        0x0000000000824bd8      0x4bc fb/helvR08.o
                0x0000000000824bd8                font_helvR08
 .rodata        0x0000000000825094      0x70c fb/helvB14.o
                0x0000000000825094                font_helvB14
 .rodata        0x00000000008257a0      0x5b0 fb/c64.o
                0x00000000008257a0                font_c64
 .rodata        0x0000000000825d50       0x9c fb/symbols.o
                0x0000000000825d50                font_symbols
 .rodata        0x0000000000825dec       0x70 fb/fb_s6b33b1x.o
 .rodata.str1.1
                0x0000000000825e5c       0x26 fb/fb_s6b33b1x.o
 .rodata.str1.1
                0x0000000000825e82       0x3d board/pirelli_dpl10/loader.highram.manifest.o
                                         0x44 (size before relaxing)
 *fill*         0x0000000000825ebf        0x1 00
 .rodata        0x0000000000825ec0       0x18 calypso/libcalypso.a(irq.o)
 .rodata.str1.1
                0x0000000000825ed8       0x1c calypso/libcalypso.a(keypad.o)
 .rodata.str1.1
                0x0000000000825ef4       0x1f calypso/libcalypso.a(timer.o)
 *fill*         0x0000000000825f13        0x1 00
 .rodata        0x0000000000825f14       0x18 calypso/libcalypso.a(uart.o)
 .rodata.str1.1
                0x0000000000825f2c       0x61 calypso/libcalypso.a(uart.o)
 *fill*         0x0000000000825f8d        0x3 00
 .rodata        0x0000000000825f90       0x50 lib/libmini.a(vsprintf.o)
 .rodata.str1.1
                0x0000000000825fe0       0x33 comm/libcomm.a(sercomm.o)
                                         0x71 (size before relaxing)
 .rodata.str1.1
                0x0000000000000000       0x3e comm/libcomm.a(sercomm_cons.o)
 *fill*         0x0000000000826013        0x1 00
 .rodata        0x0000000000826014      0x200 ../../shared/libosmocore/build-target/src/.libs/libosmocore.a(crc16.o)
                0x0000000000826014                osmo_crc16_table
 .rodata.str1.1
                0x0000000000826214       0x19 comm/libcomm.a(msgb.o)
                0x000000000082493c                PROVIDE (_rodata_start, LOADADDR (.rodata))
                0x000000000082622d                PROVIDE (_rodata_end, (LOADADDR (.rodata) + SIZEOF (.rodata)))

.rel.dyn        0x0000000000826230        0x0
 .rel.got       0x0000000000000000        0x0 ../../shared/libosmocore/build-target/src/.libs/libosmocore.a(msgb.o)
                0x0000000000826230                . = ALIGN (0x4)

.data           0x0000000000826230      0x16c
 *(.data)
 .data          0x0000000000826230        0x4 apps/loader/main.o
                0x0000000000826230                hr
 .data          0x0000000000826234       0x10 fb/font.o
                0x0000000000826234                fb_fonts
 .data          0x0000000000826244       0x48 fb/fb_s6b33b1x.o
                0x0000000000826244                fb_rgb332
                0x0000000000826248                framebuffer
 .data          0x000000000082628c       0x10 board/pirelli_dpl10/loader.highram.manifest.o
                0x000000000082628c                manifest_application
                0x0000000000826290                manifest_revision
                0x0000000000826294                manifest_board
                0x0000000000826298                manifest_environment
 .data          0x000000000082629c      0x100 lib/libmini.a(ctype.o)
                0x000000000082629c                _ctype
                0x0000000000826230                PROVIDE (_data_start, LOADADDR (.data))
                0x000000000082639c                PROVIDE (_data_end, (LOADADDR (.data) + SIZEOF (.data)))
                0x000000000082639c                . = ALIGN (0x4)

.got            0x000000000082639c       0x14
 *(.got)
 .got           0x000000000082639c        0x8 ../../shared/libosmocore/build-target/src/.libs/libosmocore.a(msgb.o)
 *(.got.plt)
 .got.plt       0x00000000008263a4        0xc ../../shared/libosmocore/build-target/src/.libs/libosmocore.a(msgb.o)
                0x00000000008263a4                _GLOBAL_OFFSET_TABLE_
 *(.igot.plt)
 *(.got)
 *(.igot)
                0x000000000082639c                PROVIDE (_got_start, LOADADDR (.got))
                0x00000000008263b0                PROVIDE (_got_end, (LOADADDR (.got) + SIZEOF (.got)))

.bss            0x00000000008263b0     0x84c4
                0x00000000008263b0                . = ALIGN (0x4)
                0x00000000008263b0                __bss_start = .
 *(.bss)
 .bss           0x00000000008263b0        0x8 apps/loader/main.o
                0x00000000008263b4                flag
 .bss           0x00000000008263b8        0x4 abb/twl3025.o
 .bss           0x00000000008263bc     0x4000 fb/fb_s6b33b1x.o
 .bss           0x000000000082a3bc       0x80 calypso/libcalypso.a(irq.o)
 .bss           0x000000000082a43c        0x4 calypso/libcalypso.a(rtc.o)
 .bss           0x000000000082a440       0x28 calypso/libcalypso.a(keypad.o)
                0x000000000082a44c                lastbuttons
                0x000000000082a450                power_hold
 .bss           0x000000000082a468        0x1 calypso/libcalypso.a(uart.o)
 *fill*         0x000000000082a469        0x3 00
 .bss           0x000000000082a46c      0x400 lib/libmini.a(printf.o)
 .bss           0x000000000082a86c     0x1010 lib/libmini.a(console.o)
 .bss           0x000000000082b87c      0x62c comm/libcomm.a(sercomm.o)
 .bss           0x000000000082bea8        0x4 comm/libcomm.a(sercomm_cons.o)
 .bss           0x000000000082beac        0x4 ../../shared/libosmocore/build-target/src/.libs/libosmocore.a(panic.o)
 .bss           0x000000000082beb0     0x2980 comm/libcomm.a(msgb.o)
 COMMON         0x000000000082e830       0x3c apps/loader/main.o
                0x000000000082e830                the_flash
 COMMON         0x000000000082e86c        0x4 comm/libcomm.a(timer.o)
                0x000000000082e86c                jiffies
 COMMON         0x000000000082e870        0x4 ../../shared/libosmocore/build-target/src/.libs/libosmocore.a(msgb.o)
                0x000000000082e870                tall_msgb_ctx
                0x000000000082e874                . = ALIGN (0x4)
                0x000000000082e874                __bss_end = .
                0x00000000008263b0                PROVIDE (_bss_start, __bss_start)
                0x000000000082e874                PROVIDE (_bss_end, __bss_end)
                0x000000000082e874                . = ALIGN (0x4)
                0x000000000082e874                _end = .
                0x000000000082e874                PROVIDE (end, .)
START GROUP
LOAD apps/loader/main.o
LOAD abb/twl3025.o
LOAD rf/trf6151.o
LOAD flash/cfi_flash.o
LOAD board/common/calypso_uart.o
LOAD board/common/calypso_pwl.o
LOAD board/pirelli_dpl10/init.o
LOAD board/pirelli_dpl10/rffe_dpl10_triband.o
LOAD board/pirelli_dpl10/rf_power.o
LOAD battery/dummy.o
LOAD fb/framebuffer.o
LOAD fb/font.o
LOAD fb/helvR08.o
LOAD fb/helvB14.o
LOAD fb/c64.o
LOAD fb/symbols.o
LOAD fb/fb_rgb332.o
LOAD fb/fb_s6b33b1x.o
LOAD board/compal/start.ram.o
LOAD board/compal/exceptions_redirected.o
LOAD board/compal/handlers.o
LOAD board/pirelli_dpl10/loader.highram.manifest.o
LOAD calypso/libcalypso.a
LOAD layer1/liblayer1.a
LOAD lib/libmini.a
LOAD comm/libcomm.a
LOAD ../../shared/libosmocore/build-target/src/.libs/libosmocore.a
LOAD ../../shared/libosmocore/build-target/src/gsm/.libs/libosmogsm.a
END GROUP
OUTPUT(board/pirelli_dpl10/loader.highram.elf elf32-littlearm)

.debug_abbrev   0x0000000000000000     0x378f
 .debug_abbrev  0x0000000000000000      0x432 apps/loader/main.o
 .debug_abbrev  0x0000000000000432      0x2b1 abb/twl3025.o
 .debug_abbrev  0x00000000000006e3      0x2df rf/trf6151.o
 .debug_abbrev  0x00000000000009c2      0x324 flash/cfi_flash.o
 .debug_abbrev  0x0000000000000ce6      0x15b board/pirelli_dpl10/init.o
 .debug_abbrev  0x0000000000000e41      0x121 board/pirelli_dpl10/rffe_dpl10_triband.o
 .debug_abbrev  0x0000000000000f62       0x72 board/pirelli_dpl10/rf_power.o
 .debug_abbrev  0x0000000000000fd4       0x8c battery/dummy.o
 .debug_abbrev  0x0000000000001060       0xc0 fb/framebuffer.o
 .debug_abbrev  0x0000000000001120       0xd9 fb/font.o
 .debug_abbrev  0x00000000000011f9       0xaf fb/helvR08.o
 .debug_abbrev  0x00000000000012a8       0xaf fb/helvB14.o
 .debug_abbrev  0x0000000000001357       0xaf fb/c64.o
 .debug_abbrev  0x0000000000001406       0x97 fb/symbols.o
 .debug_abbrev  0x000000000000149d      0x29f fb/fb_rgb332.o
 .debug_abbrev  0x000000000000173c      0x237 fb/fb_s6b33b1x.o
 .debug_abbrev  0x0000000000001973       0x40 board/pirelli_dpl10/loader.highram.manifest.o
 .debug_abbrev  0x00000000000019b3      0x154 calypso/libcalypso.a(clock.o)
 .debug_abbrev  0x0000000000001b07       0x43 calypso/libcalypso.a(dma.o)
 .debug_abbrev  0x0000000000001b4a      0x198 calypso/libcalypso.a(irq.o)
 .debug_abbrev  0x0000000000001ce2       0x8c calypso/libcalypso.a(rtc.o)
 .debug_abbrev  0x0000000000001d6e       0xd0 calypso/libcalypso.a(spi.o)
 .debug_abbrev  0x0000000000001e3e      0x27c calypso/libcalypso.a(tpu.o)
 .debug_abbrev  0x00000000000020ba      0x127 calypso/libcalypso.a(tsp.o)
 .debug_abbrev  0x00000000000021e1      0x164 calypso/libcalypso.a(keypad.o)
 .debug_abbrev  0x0000000000002345      0x10b calypso/libcalypso.a(timer.o)
 .debug_abbrev  0x0000000000002450       0xaa calypso/libcalypso.a(backlight.o)
 .debug_abbrev  0x00000000000024fa      0x1f6 calypso/libcalypso.a(uart.o)
 .debug_abbrev  0x00000000000026f0       0x78 calypso/libcalypso.a(arm.o)
 .debug_abbrev  0x0000000000002768      0x213 lib/libmini.a(vsprintf.o)
 .debug_abbrev  0x000000000000297b       0xae lib/libmini.a(string.o)
 .debug_abbrev  0x0000000000002a29       0x53 lib/libmini.a(ctype.o)
 .debug_abbrev  0x0000000000002a7c       0xaf lib/libmini.a(printf.o)
 .debug_abbrev  0x0000000000002b2b      0x20b lib/libmini.a(console.o)
 .debug_abbrev  0x0000000000002d36       0x7a lib/libmini.a(ctors.o)
 .debug_abbrev  0x0000000000002db0       0x81 lib/libmini.a(delay.o)
 .debug_abbrev  0x0000000000002e31      0x350 comm/libcomm.a(sercomm.o)
 .debug_abbrev  0x0000000000003181      0x24e comm/libcomm.a(sercomm_cons.o)
 .debug_abbrev  0x00000000000033cf      0x237 comm/libcomm.a(timer.o)
 .debug_abbrev  0x0000000000003606      0x189 comm/libcomm.a(msgb.o)

.debug_info     0x0000000000000000     0xa1c2
 .debug_info    0x0000000000000000     0x12aa apps/loader/main.o
 .debug_info    0x00000000000012aa      0x784 abb/twl3025.o
 .debug_info    0x0000000000001a2e      0xa18 rf/trf6151.o
 .debug_info    0x0000000000002446      0xa9e flash/cfi_flash.o
 .debug_info    0x0000000000002ee4      0x594 board/pirelli_dpl10/init.o
 .debug_info    0x0000000000003478      0x2ab board/pirelli_dpl10/rffe_dpl10_triband.o
 .debug_info    0x0000000000003723       0xce board/pirelli_dpl10/rf_power.o
 .debug_info    0x00000000000037f1       0xdb battery/dummy.o
 .debug_info    0x00000000000038cc      0x1f4 fb/framebuffer.o
 .debug_info    0x0000000000003ac0      0x275 fb/font.o
 .debug_info    0x0000000000003d35      0x17f fb/helvR08.o
 .debug_info    0x0000000000003eb4      0x17f fb/helvB14.o
 .debug_info    0x0000000000004033      0x17f fb/c64.o
 .debug_info    0x00000000000041b2      0x17c fb/symbols.o
 .debug_info    0x000000000000432e      0x8fe fb/fb_rgb332.o
 .debug_info    0x0000000000004c2c      0x653 fb/fb_s6b33b1x.o
 .debug_info    0x000000000000527f       0x80 board/pirelli_dpl10/loader.highram.manifest.o
 .debug_info    0x00000000000052ff      0x44d calypso/libcalypso.a(clock.o)
 .debug_info    0x000000000000574c       0x57 calypso/libcalypso.a(dma.o)
 .debug_info    0x00000000000057a3      0x480 calypso/libcalypso.a(irq.o)
 .debug_info    0x0000000000005c23      0x1d1 calypso/libcalypso.a(rtc.o)
 .debug_info    0x0000000000005df4      0x188 calypso/libcalypso.a(spi.o)
 .debug_info    0x0000000000005f7c      0x57d calypso/libcalypso.a(tpu.o)
 .debug_info    0x00000000000064f9      0x35d calypso/libcalypso.a(tsp.o)
 .debug_info    0x0000000000006856      0x461 calypso/libcalypso.a(keypad.o)
 .debug_info    0x0000000000006cb7      0x320 calypso/libcalypso.a(timer.o)
 .debug_info    0x0000000000006fd7       0xf9 calypso/libcalypso.a(backlight.o)
 .debug_info    0x00000000000070d0      0x719 calypso/libcalypso.a(uart.o)
 .debug_info    0x00000000000077e9       0x91 calypso/libcalypso.a(arm.o)
 .debug_info    0x000000000000787a      0x9fa lib/libmini.a(vsprintf.o)
 .debug_info    0x0000000000008274      0x131 lib/libmini.a(string.o)
 .debug_info    0x00000000000083a5       0x63 lib/libmini.a(ctype.o)
 .debug_info    0x0000000000008408      0x109 lib/libmini.a(printf.o)
 .debug_info    0x0000000000008511      0x3a5 lib/libmini.a(console.o)
 .debug_info    0x00000000000088b6       0xab lib/libmini.a(ctors.o)
 .debug_info    0x0000000000008961       0x9a lib/libmini.a(delay.o)
 .debug_info    0x00000000000089fb      0x949 comm/libcomm.a(sercomm.o)
 .debug_info    0x0000000000009344      0x589 comm/libcomm.a(sercomm_cons.o)
 .debug_info    0x00000000000098cd      0x5ca comm/libcomm.a(timer.o)
 .debug_info    0x0000000000009e97      0x32b comm/libcomm.a(msgb.o)

.debug_line     0x0000000000000000     0x38d8
 .debug_line    0x0000000000000000      0x543 apps/loader/main.o
 .debug_line    0x0000000000000543      0x2c4 abb/twl3025.o
 .debug_line    0x0000000000000807      0x370 rf/trf6151.o
 .debug_line    0x0000000000000b77      0x1d8 flash/cfi_flash.o
 .debug_line    0x0000000000000d4f      0x16d board/pirelli_dpl10/init.o
 .debug_line    0x0000000000000ebc      0x1b1 board/pirelli_dpl10/rffe_dpl10_triband.o
 .debug_line    0x000000000000106d       0x96 board/pirelli_dpl10/rf_power.o
 .debug_line    0x0000000000001103       0x5c battery/dummy.o
 .debug_line    0x000000000000115f       0x9a fb/framebuffer.o
 .debug_line    0x00000000000011f9       0xb6 fb/font.o
 .debug_line    0x00000000000012af       0x99 fb/helvR08.o
 .debug_line    0x0000000000001348       0x99 fb/helvB14.o
 .debug_line    0x00000000000013e1       0x95 fb/c64.o
 .debug_line    0x0000000000001476       0x99 fb/symbols.o
 .debug_line    0x000000000000150f      0x2c1 fb/fb_rgb332.o
 .debug_line    0x00000000000017d0      0x1bd fb/fb_s6b33b1x.o
 .debug_line    0x000000000000198d       0x31 board/pirelli_dpl10/loader.highram.manifest.o
 .debug_line    0x00000000000019be      0x19d calypso/libcalypso.a(clock.o)
 .debug_line    0x0000000000001b5b       0x3f calypso/libcalypso.a(dma.o)
 .debug_line    0x0000000000001b9a      0x18b calypso/libcalypso.a(irq.o)
 .debug_line    0x0000000000001d25       0x6f calypso/libcalypso.a(rtc.o)
 .debug_line    0x0000000000001d94       0xe1 calypso/libcalypso.a(spi.o)
 .debug_line    0x0000000000001e75      0x275 calypso/libcalypso.a(tpu.o)
 .debug_line    0x00000000000020ea      0x185 calypso/libcalypso.a(tsp.o)
 .debug_line    0x000000000000226f      0x195 calypso/libcalypso.a(keypad.o)
 .debug_line    0x0000000000002404      0x156 calypso/libcalypso.a(timer.o)
 .debug_line    0x000000000000255a       0xc4 calypso/libcalypso.a(backlight.o)
 .debug_line    0x000000000000261e      0x28c calypso/libcalypso.a(uart.o)
 .debug_line    0x00000000000028aa       0x4f calypso/libcalypso.a(arm.o)
 .debug_line    0x00000000000028f9      0x573 lib/libmini.a(vsprintf.o)
 .debug_line    0x0000000000002e6c       0xb2 lib/libmini.a(string.o)
 .debug_line    0x0000000000002f1e       0x3f lib/libmini.a(ctype.o)
 .debug_line    0x0000000000002f5d       0x80 lib/libmini.a(printf.o)
 .debug_line    0x0000000000002fdd      0x149 lib/libmini.a(console.o)
 .debug_line    0x0000000000003126       0x47 lib/libmini.a(ctors.o)
 .debug_line    0x000000000000316d       0x66 lib/libmini.a(delay.o)
 .debug_line    0x00000000000031d3      0x2be comm/libcomm.a(sercomm.o)
 .debug_line    0x0000000000003491      0x199 comm/libcomm.a(sercomm_cons.o)
 .debug_line    0x000000000000362a      0x1ad comm/libcomm.a(timer.o)
 .debug_line    0x00000000000037d7      0x101 comm/libcomm.a(msgb.o)

.debug_loc      0x0000000000000000     0x5b84
 .debug_loc     0x0000000000000000      0x911 apps/loader/main.o
 .debug_loc     0x0000000000000911      0x413 abb/twl3025.o
 .debug_loc     0x0000000000000d24      0x784 rf/trf6151.o
 .debug_loc     0x00000000000014a8      0x60c flash/cfi_flash.o
 .debug_loc     0x0000000000001ab4       0xdb board/pirelli_dpl10/init.o
 .debug_loc     0x0000000000001b8f      0x182 board/pirelli_dpl10/rffe_dpl10_triband.o
 .debug_loc     0x0000000000001d11       0x4f fb/font.o
 .debug_loc     0x0000000000001d60      0x746 fb/fb_rgb332.o
 .debug_loc     0x00000000000024a6      0x168 fb/fb_s6b33b1x.o
 .debug_loc     0x000000000000260e      0x297 calypso/libcalypso.a(clock.o)
 .debug_loc     0x00000000000028a5      0x215 calypso/libcalypso.a(irq.o)
 .debug_loc     0x0000000000002aba       0x20 calypso/libcalypso.a(rtc.o)
 .debug_loc     0x0000000000002ada      0x155 calypso/libcalypso.a(spi.o)
 .debug_loc     0x0000000000002c2f      0x31e calypso/libcalypso.a(tpu.o)
 .debug_loc     0x0000000000002f4d      0x153 calypso/libcalypso.a(tsp.o)
 .debug_loc     0x00000000000030a0      0x174 calypso/libcalypso.a(keypad.o)
 .debug_loc     0x0000000000003214      0x154 calypso/libcalypso.a(timer.o)
 .debug_loc     0x0000000000003368       0x44 calypso/libcalypso.a(backlight.o)
 .debug_loc     0x00000000000033ac      0x4b2 calypso/libcalypso.a(uart.o)
 .debug_loc     0x000000000000385e     0x1604 lib/libmini.a(vsprintf.o)
 .debug_loc     0x0000000000004e62       0x8b lib/libmini.a(string.o)
 .debug_loc     0x0000000000004eed       0x4a lib/libmini.a(printf.o)
 .debug_loc     0x0000000000004f37      0x23b lib/libmini.a(console.o)
 .debug_loc     0x0000000000005172       0x7b lib/libmini.a(ctors.o)
 .debug_loc     0x00000000000051ed       0xa9 lib/libmini.a(delay.o)
 .debug_loc     0x0000000000005296      0x2fc comm/libcomm.a(sercomm.o)
 .debug_loc     0x0000000000005592      0x2ea comm/libcomm.a(sercomm_cons.o)
 .debug_loc     0x000000000000587c      0x291 comm/libcomm.a(timer.o)
 .debug_loc     0x0000000000005b0d       0x77 comm/libcomm.a(msgb.o)

.debug_pubnames
                0x0000000000000000     0x1065
 .debug_pubnames
                0x0000000000000000       0x39 apps/loader/main.o
 .debug_pubnames
                0x0000000000000039      0x13c abb/twl3025.o
 .debug_pubnames
                0x0000000000000175      0x164 rf/trf6151.o
 .debug_pubnames
                0x00000000000002d9       0xa6 flash/cfi_flash.o
 .debug_pubnames
                0x000000000000037f       0x21 board/pirelli_dpl10/init.o
 .debug_pubnames
                0x00000000000003a0       0xd6 board/pirelli_dpl10/rffe_dpl10_triband.o
 .debug_pubnames
                0x0000000000000476       0x3c board/pirelli_dpl10/rf_power.o
 .debug_pubnames
                0x00000000000004b2       0x3a battery/dummy.o
 .debug_pubnames
                0x00000000000004ec       0x34 fb/font.o
 .debug_pubnames
                0x0000000000000520       0x23 fb/helvR08.o
 .debug_pubnames
                0x0000000000000543       0x23 fb/helvB14.o
 .debug_pubnames
                0x0000000000000566       0x1f fb/c64.o
 .debug_pubnames
                0x0000000000000585       0x23 fb/symbols.o
 .debug_pubnames
                0x00000000000005a8       0x64 fb/fb_rgb332.o
 .debug_pubnames
                0x000000000000060c       0x30 fb/fb_s6b33b1x.o
 .debug_pubnames
                0x000000000000063c       0x6d board/pirelli_dpl10/loader.highram.manifest.o
 .debug_pubnames
                0x00000000000006a9       0xd0 calypso/libcalypso.a(clock.o)
 .debug_pubnames
                0x0000000000000779       0x1f calypso/libcalypso.a(dma.o)
 .debug_pubnames
                0x0000000000000798       0x95 calypso/libcalypso.a(irq.o)
 .debug_pubnames
                0x000000000000082d       0x1f calypso/libcalypso.a(rtc.o)
 .debug_pubnames
                0x000000000000084c       0x2c calypso/libcalypso.a(spi.o)
 .debug_pubnames
                0x0000000000000878      0x12d calypso/libcalypso.a(tpu.o)
 .debug_pubnames
                0x00000000000009a5       0x9a calypso/libcalypso.a(tsp.o)
 .debug_pubnames
                0x0000000000000a3f       0x8a calypso/libcalypso.a(keypad.o)
 .debug_pubnames
                0x0000000000000ac9       0x8a calypso/libcalypso.a(timer.o)
 .debug_pubnames
                0x0000000000000b53       0x2f calypso/libcalypso.a(backlight.o)
 .debug_pubnames
                0x0000000000000b82       0xa3 calypso/libcalypso.a(uart.o)
 .debug_pubnames
                0x0000000000000c25       0x47 calypso/libcalypso.a(arm.o)
 .debug_pubnames
                0x0000000000000c6c       0xb3 lib/libmini.a(vsprintf.o)
 .debug_pubnames
                0x0000000000000d1f       0x29 lib/libmini.a(string.o)
 .debug_pubnames
                0x0000000000000d48       0x1d lib/libmini.a(ctype.o)
 .debug_pubnames
                0x0000000000000d65       0x1d lib/libmini.a(printf.o)
 .debug_pubnames
                0x0000000000000d82       0x89 lib/libmini.a(console.o)
 .debug_pubnames
                0x0000000000000e0b       0x26 lib/libmini.a(ctors.o)
 .debug_pubnames
                0x0000000000000e31       0x2c lib/libmini.a(delay.o)
 .debug_pubnames
                0x0000000000000e5d       0xdd comm/libcomm.a(sercomm.o)
 .debug_pubnames
                0x0000000000000f3a       0x37 comm/libcomm.a(sercomm_cons.o)
 .debug_pubnames
                0x0000000000000f71       0xaf comm/libcomm.a(timer.o)
 .debug_pubnames
                0x0000000000001020       0x45 comm/libcomm.a(msgb.o)

.debug_pubtypes
                0x0000000000000000      0xda4
 .debug_pubtypes
                0x0000000000000000      0x101 apps/loader/main.o
 .debug_pubtypes
                0x0000000000000101       0xa2 abb/twl3025.o
 .debug_pubtypes
                0x00000000000001a3       0xa3 rf/trf6151.o
 .debug_pubtypes
                0x0000000000000246      0x109 flash/cfi_flash.o
 .debug_pubtypes
                0x000000000000034f       0xc7 board/pirelli_dpl10/init.o
 .debug_pubtypes
                0x0000000000000416       0x5f board/pirelli_dpl10/rffe_dpl10_triband.o
 .debug_pubtypes
                0x0000000000000475       0x1e board/pirelli_dpl10/rf_power.o
 .debug_pubtypes
                0x0000000000000493       0x35 battery/dummy.o
 .debug_pubtypes
                0x00000000000004c8       0x4b fb/framebuffer.o
 .debug_pubtypes
                0x0000000000000513       0x4e fb/font.o
 .debug_pubtypes
                0x0000000000000561       0x42 fb/helvR08.o
 .debug_pubtypes
                0x00000000000005a3       0x42 fb/helvB14.o
 .debug_pubtypes
                0x00000000000005e5       0x42 fb/c64.o
 .debug_pubtypes
                0x0000000000000627       0x42 fb/symbols.o
 .debug_pubtypes
                0x0000000000000669       0x88 fb/fb_rgb332.o
 .debug_pubtypes
                0x00000000000006f1       0x8f fb/fb_s6b33b1x.o
 .debug_pubtypes
                0x0000000000000780       0x97 calypso/libcalypso.a(clock.o)
 .debug_pubtypes
                0x0000000000000817       0x1e calypso/libcalypso.a(dma.o)
 .debug_pubtypes
                0x0000000000000835       0x6a calypso/libcalypso.a(irq.o)
 .debug_pubtypes
                0x000000000000089f       0x29 calypso/libcalypso.a(rtc.o)
 .debug_pubtypes
                0x00000000000008c8       0x45 calypso/libcalypso.a(spi.o)
 .debug_pubtypes
                0x000000000000090d       0x89 calypso/libcalypso.a(tpu.o)
 .debug_pubtypes
                0x0000000000000996       0x6a calypso/libcalypso.a(tsp.o)
 .debug_pubtypes
                0x0000000000000a00       0x72 calypso/libcalypso.a(keypad.o)
 .debug_pubtypes
                0x0000000000000a72       0x6d calypso/libcalypso.a(timer.o)
 .debug_pubtypes
                0x0000000000000adf       0x37 calypso/libcalypso.a(backlight.o)
 .debug_pubtypes
                0x0000000000000b16       0x7c calypso/libcalypso.a(uart.o)
 .debug_pubtypes
                0x0000000000000b92       0x3c lib/libmini.a(vsprintf.o)
 .debug_pubtypes
                0x0000000000000bce       0x1d lib/libmini.a(string.o)
 .debug_pubtypes
                0x0000000000000beb       0x31 lib/libmini.a(printf.o)
 .debug_pubtypes
                0x0000000000000c1c       0x28 lib/libmini.a(console.o)
 .debug_pubtypes
                0x0000000000000c44       0x7c comm/libcomm.a(sercomm.o)
 .debug_pubtypes
                0x0000000000000cc0       0x54 comm/libcomm.a(sercomm_cons.o)
 .debug_pubtypes
                0x0000000000000d14       0x40 comm/libcomm.a(timer.o)
 .debug_pubtypes
                0x0000000000000d54       0x50 comm/libcomm.a(msgb.o)

.debug_aranges  0x0000000000000000      0x9a0
 .debug_aranges
                0x0000000000000000       0x70 apps/loader/main.o
 .debug_aranges
                0x0000000000000070       0xa8 abb/twl3025.o
 .debug_aranges
                0x0000000000000118       0xa8 rf/trf6151.o
 .debug_aranges
                0x00000000000001c0       0x50 flash/cfi_flash.o
 .debug_aranges
                0x0000000000000210       0x20 board/pirelli_dpl10/init.o
 .debug_aranges
                0x0000000000000230       0x60 board/pirelli_dpl10/rffe_dpl10_triband.o
 .debug_aranges
                0x0000000000000290       0x20 battery/dummy.o
 .debug_aranges
                0x00000000000002b0       0x20 fb/font.o
 .debug_aranges
                0x00000000000002d0       0x50 fb/fb_rgb332.o
 .debug_aranges
                0x0000000000000320       0x30 fb/fb_s6b33b1x.o
 .debug_aranges
                0x0000000000000350       0x68 calypso/libcalypso.a(clock.o)
 .debug_aranges
                0x00000000000003b8       0x20 calypso/libcalypso.a(dma.o)
 .debug_aranges
                0x00000000000003d8       0x60 calypso/libcalypso.a(irq.o)
 .debug_aranges
                0x0000000000000438       0x28 calypso/libcalypso.a(rtc.o)
 .debug_aranges
                0x0000000000000460       0x28 calypso/libcalypso.a(spi.o)
 .debug_aranges
                0x0000000000000488       0x98 calypso/libcalypso.a(tpu.o)
 .debug_aranges
                0x0000000000000520       0x60 calypso/libcalypso.a(tsp.o)
 .debug_aranges
                0x0000000000000580       0x48 calypso/libcalypso.a(keypad.o)
 .debug_aranges
                0x00000000000005c8       0x58 calypso/libcalypso.a(timer.o)
 .debug_aranges
                0x0000000000000620       0x28 calypso/libcalypso.a(backlight.o)
 .debug_aranges
                0x0000000000000648       0x90 calypso/libcalypso.a(uart.o)
 .debug_aranges
                0x00000000000006d8       0x28 calypso/libcalypso.a(arm.o)
 .debug_aranges
                0x0000000000000700       0x98 lib/libmini.a(vsprintf.o)
 .debug_aranges
                0x0000000000000798       0x28 lib/libmini.a(string.o)
 .debug_aranges
                0x00000000000007c0       0x20 lib/libmini.a(printf.o)
 .debug_aranges
                0x00000000000007e0       0x60 lib/libmini.a(console.o)
 .debug_aranges
                0x0000000000000840       0x20 lib/libmini.a(ctors.o)
 .debug_aranges
                0x0000000000000860       0x28 lib/libmini.a(delay.o)
 .debug_aranges
                0x0000000000000888       0x68 comm/libcomm.a(sercomm.o)
 .debug_aranges
                0x00000000000008f0       0x30 comm/libcomm.a(sercomm_cons.o)
 .debug_aranges
                0x0000000000000920       0x58 comm/libcomm.a(timer.o)
 .debug_aranges
                0x0000000000000978       0x28 comm/libcomm.a(msgb.o)

.debug_ranges   0x0000000000000000      0xf08
 .debug_ranges  0x0000000000000000      0x418 apps/loader/main.o
 .debug_ranges  0x0000000000000418       0xc8 abb/twl3025.o
 .debug_ranges  0x00000000000004e0       0x98 rf/trf6151.o
 .debug_ranges  0x0000000000000578      0x110 flash/cfi_flash.o
 .debug_ranges  0x0000000000000688       0x10 board/pirelli_dpl10/init.o
 .debug_ranges  0x0000000000000698       0x50 board/pirelli_dpl10/rffe_dpl10_triband.o
 .debug_ranges  0x00000000000006e8       0x10 battery/dummy.o
 .debug_ranges  0x00000000000006f8       0x10 fb/font.o
 .debug_ranges  0x0000000000000708       0xc0 fb/fb_rgb332.o
 .debug_ranges  0x00000000000007c8       0xd0 fb/fb_s6b33b1x.o
 .debug_ranges  0x0000000000000898       0x58 calypso/libcalypso.a(clock.o)
 .debug_ranges  0x00000000000008f0       0x10 calypso/libcalypso.a(dma.o)
 .debug_ranges  0x0000000000000900       0x50 calypso/libcalypso.a(irq.o)
 .debug_ranges  0x0000000000000950       0x18 calypso/libcalypso.a(rtc.o)
 .debug_ranges  0x0000000000000968       0x18 calypso/libcalypso.a(spi.o)
 .debug_ranges  0x0000000000000980       0xd0 calypso/libcalypso.a(tpu.o)
 .debug_ranges  0x0000000000000a50       0x50 calypso/libcalypso.a(tsp.o)
 .debug_ranges  0x0000000000000aa0       0x38 calypso/libcalypso.a(keypad.o)
 .debug_ranges  0x0000000000000ad8       0x48 calypso/libcalypso.a(timer.o)
 .debug_ranges  0x0000000000000b20       0x18 calypso/libcalypso.a(backlight.o)
 .debug_ranges  0x0000000000000b38       0x98 calypso/libcalypso.a(uart.o)
 .debug_ranges  0x0000000000000bd0       0x18 calypso/libcalypso.a(arm.o)
 .debug_ranges  0x0000000000000be8       0xd0 lib/libmini.a(vsprintf.o)
 .debug_ranges  0x0000000000000cb8       0x18 lib/libmini.a(string.o)
 .debug_ranges  0x0000000000000cd0       0x10 lib/libmini.a(printf.o)
 .debug_ranges  0x0000000000000ce0       0x68 lib/libmini.a(console.o)
 .debug_ranges  0x0000000000000d48       0x10 lib/libmini.a(ctors.o)
 .debug_ranges  0x0000000000000d58       0x18 lib/libmini.a(delay.o)
 .debug_ranges  0x0000000000000d70       0xb8 comm/libcomm.a(sercomm.o)
 .debug_ranges  0x0000000000000e28       0x50 comm/libcomm.a(sercomm_cons.o)
 .debug_ranges  0x0000000000000e78       0x78 comm/libcomm.a(timer.o)
 .debug_ranges  0x0000000000000ef0       0x18 comm/libcomm.a(msgb.o)

.debug_str      0x0000000000000000     0x3108
 .debug_str     0x0000000000000000      0x6b0 apps/loader/main.o
                                        0x7be (size before relaxing)
 .debug_str     0x00000000000006b0      0x5f0 abb/twl3025.o
                                        0x6f9 (size before relaxing)
 .debug_str     0x0000000000000ca0      0x3f4 rf/trf6151.o
                                        0x5c9 (size before relaxing)
 .debug_str     0x0000000000001094      0x4ed flash/cfi_flash.o
                                        0x6a8 (size before relaxing)
 .debug_str     0x0000000000001581      0x1f7 board/pirelli_dpl10/init.o
                                        0x620 (size before relaxing)
 .debug_str     0x0000000000001778       0xb7 board/pirelli_dpl10/rffe_dpl10_triband.o
                                        0x295 (size before relaxing)
 .debug_str     0x000000000000182f       0x41 board/pirelli_dpl10/rf_power.o
                                        0x10f (size before relaxing)
 .debug_str     0x0000000000001870       0xc5 battery/dummy.o
                                        0x108 (size before relaxing)
 .debug_str     0x0000000000001935       0x11 fb/framebuffer.o
                                        0x19c (size before relaxing)
 .debug_str     0x0000000000001946       0xb3 fb/font.o
                                        0x1a8 (size before relaxing)
 .debug_str     0x00000000000019f9       0x34 fb/helvR08.o
                                        0x161 (size before relaxing)
 .debug_str     0x0000000000001a2d       0x34 fb/helvB14.o
                                        0x161 (size before relaxing)
 .debug_str     0x0000000000001a61       0x28 fb/c64.o
                                        0x151 (size before relaxing)
 .debug_str     0x0000000000001a89       0x34 fb/symbols.o
                                        0x161 (size before relaxing)
 .debug_str     0x0000000000001abd      0x18b fb/fb_rgb332.o
                                        0x3a7 (size before relaxing)
 .debug_str     0x0000000000001c48      0x11c fb/fb_s6b33b1x.o
                                        0x2f7 (size before relaxing)
 .debug_str     0x0000000000001d64       0x38 board/pirelli_dpl10/loader.highram.manifest.o
                                         0x9e (size before relaxing)
 .debug_str     0x0000000000001d9c      0x193 calypso/libcalypso.a(clock.o)
                                        0x3e1 (size before relaxing)
 .debug_str     0x0000000000001f2f       0x3c calypso/libcalypso.a(dma.o)
                                         0x79 (size before relaxing)
 .debug_str     0x0000000000001f6b      0x112 calypso/libcalypso.a(irq.o)
                                        0x35b (size before relaxing)
 .debug_str     0x000000000000207d       0xe4 calypso/libcalypso.a(rtc.o)
                                        0x30b (size before relaxing)
 .debug_str     0x0000000000002161       0xb2 calypso/libcalypso.a(spi.o)
                                        0x192 (size before relaxing)
 .debug_str     0x0000000000002213      0x27e calypso/libcalypso.a(tpu.o)
                                        0x402 (size before relaxing)
 .debug_str     0x0000000000002491      0x1a1 calypso/libcalypso.a(tsp.o)
                                        0x316 (size before relaxing)
 .debug_str     0x0000000000002632       0xd8 calypso/libcalypso.a(keypad.o)
                                        0x3f3 (size before relaxing)
 .debug_str     0x000000000000270a      0x145 calypso/libcalypso.a(timer.o)
                                        0x35f (size before relaxing)
 .debug_str     0x000000000000284f       0x44 calypso/libcalypso.a(backlight.o)
                                        0x11c (size before relaxing)
 .debug_str     0x0000000000002893      0x28e calypso/libcalypso.a(uart.o)
                                        0x4fc (size before relaxing)
 .debug_str     0x0000000000002b21       0x3b calypso/libcalypso.a(arm.o)
                                         0x8f (size before relaxing)
 .debug_str     0x0000000000002b5c      0x111 lib/libmini.a(vsprintf.o)
                                        0x233 (size before relaxing)
 .debug_str     0x0000000000002c6d       0x1c lib/libmini.a(string.o)
                                         0xf6 (size before relaxing)
 .debug_str     0x0000000000002c89        0xc lib/libmini.a(ctype.o)
                                         0x70 (size before relaxing)
 .debug_str     0x0000000000002c95       0x1b lib/libmini.a(printf.o)
                                        0x116 (size before relaxing)
 .debug_str     0x0000000000002cb0       0xdc lib/libmini.a(console.o)
                                        0x20b (size before relaxing)
 .debug_str     0x0000000000002d8c       0x41 lib/libmini.a(ctors.o)
                                         0x8f (size before relaxing)
 .debug_str     0x0000000000002dcd       0x1e lib/libmini.a(delay.o)
                                         0x68 (size before relaxing)
 .debug_str     0x0000000000002deb      0x178 comm/libcomm.a(sercomm.o)
                                        0x3e2 (size before relaxing)
 .debug_str     0x0000000000002f63       0x5d comm/libcomm.a(sercomm_cons.o)
                                        0x283 (size before relaxing)
 .debug_str     0x0000000000002fc0       0xf2 comm/libcomm.a(timer.o)
                                        0x347 (size before relaxing)
 .debug_str     0x00000000000030b2       0x56 comm/libcomm.a(msgb.o)
                                        0x19b (size before relaxing)

.comment        0x0000000000000000       0x11
 .comment       0x0000000000000000       0x11 apps/loader/main.o
                                         0x12 (size before relaxing)
 .comment       0x0000000000000000       0x12 abb/twl3025.o
 .comment       0x0000000000000000       0x12 rf/trf6151.o
 .comment       0x0000000000000000       0x12 flash/cfi_flash.o
 .comment       0x0000000000000000       0x12 board/pirelli_dpl10/init.o
 .comment       0x0000000000000000       0x12 board/pirelli_dpl10/rffe_dpl10_triband.o
 .comment       0x0000000000000000       0x12 board/pirelli_dpl10/rf_power.o
 .comment       0x0000000000000000       0x12 battery/dummy.o
 .comment       0x0000000000000000       0x12 fb/framebuffer.o
 .comment       0x0000000000000000       0x12 fb/font.o
 .comment       0x0000000000000000       0x12 fb/helvR08.o
 .comment       0x0000000000000000       0x12 fb/helvB14.o
 .comment       0x0000000000000000       0x12 fb/c64.o
 .comment       0x0000000000000000       0x12 fb/symbols.o
 .comment       0x0000000000000000       0x12 fb/fb_rgb332.o
 .comment       0x0000000000000000       0x12 fb/fb_s6b33b1x.o
 .comment       0x0000000000000000       0x12 board/pirelli_dpl10/loader.highram.manifest.o
 .comment       0x0000000000000000       0x12 calypso/libcalypso.a(clock.o)
 .comment       0x0000000000000000       0x12 calypso/libcalypso.a(dma.o)
 .comment       0x0000000000000000       0x12 calypso/libcalypso.a(irq.o)
 .comment       0x0000000000000000       0x12 calypso/libcalypso.a(rtc.o)
 .comment       0x0000000000000000       0x12 calypso/libcalypso.a(spi.o)
 .comment       0x0000000000000000       0x12 calypso/libcalypso.a(tpu.o)
 .comment       0x0000000000000000       0x12 calypso/libcalypso.a(tsp.o)
 .comment       0x0000000000000000       0x12 calypso/libcalypso.a(keypad.o)
 .comment       0x0000000000000000       0x12 calypso/libcalypso.a(timer.o)
 .comment       0x0000000000000000       0x12 calypso/libcalypso.a(backlight.o)
 .comment       0x0000000000000000       0x12 calypso/libcalypso.a(uart.o)
 .comment       0x0000000000000000       0x12 calypso/libcalypso.a(arm.o)
 .comment       0x0000000000000000       0x12 lib/libmini.a(vsprintf.o)
 .comment       0x0000000000000000       0x12 lib/libmini.a(string.o)
 .comment       0x0000000000000000       0x12 lib/libmini.a(ctype.o)
 .comment       0x0000000000000000       0x12 lib/libmini.a(printf.o)
 .comment       0x0000000000000000       0x12 lib/libmini.a(console.o)
 .comment       0x0000000000000000       0x12 lib/libmini.a(ctors.o)
 .comment       0x0000000000000000       0x12 lib/libmini.a(delay.o)
 .comment       0x0000000000000000       0x12 comm/libcomm.a(sercomm.o)
 .comment       0x0000000000000000       0x12 comm/libcomm.a(sercomm_cons.o)
 .comment       0x0000000000000000       0x12 comm/libcomm.a(timer.o)
 .comment       0x0000000000000000       0x12 ../../shared/libosmocore/build-target/src/.libs/libosmocore.a(msgb.o)
 .comment       0x0000000000000000       0x12 ../../shared/libosmocore/build-target/src/.libs/libosmocore.a(crc16.o)
 .comment       0x0000000000000000       0x12 ../../shared/libosmocore/build-target/src/.libs/libosmocore.a(panic.o)
 .comment       0x0000000000000000       0x12 ../../shared/libosmocore/build-target/src/gsm/.libs/libosmogsm.a(gsm_utils.o)
 .comment       0x0000000000000000       0x12 comm/libcomm.a(msgb.o)

.ARM.attributes
                0x0000000000000000       0x10
 .ARM.attributes
                0x0000000000000000       0x10 apps/loader/main.o
 .ARM.attributes
                0x0000000000000010       0x10 abb/twl3025.o
 .ARM.attributes
                0x0000000000000020       0x10 rf/trf6151.o
 .ARM.attributes
                0x0000000000000030       0x10 flash/cfi_flash.o
 .ARM.attributes
                0x0000000000000040       0x10 board/common/calypso_uart.o
 .ARM.attributes
                0x0000000000000050       0x10 board/common/calypso_pwl.o
 .ARM.attributes
                0x0000000000000060       0x10 board/pirelli_dpl10/init.o
 .ARM.attributes
                0x0000000000000070       0x10 board/pirelli_dpl10/rffe_dpl10_triband.o
 .ARM.attributes
                0x0000000000000080       0x10 board/pirelli_dpl10/rf_power.o
 .ARM.attributes
                0x0000000000000090       0x10 battery/dummy.o
 .ARM.attributes
                0x00000000000000a0       0x10 fb/framebuffer.o
 .ARM.attributes
                0x00000000000000b0       0x10 fb/font.o
 .ARM.attributes
                0x00000000000000c0       0x10 fb/helvR08.o
 .ARM.attributes
                0x00000000000000d0       0x10 fb/helvB14.o
 .ARM.attributes
                0x00000000000000e0       0x10 fb/c64.o
 .ARM.attributes
                0x00000000000000f0       0x10 fb/symbols.o
 .ARM.attributes
                0x0000000000000100       0x10 fb/fb_rgb332.o
 .ARM.attributes
                0x0000000000000110       0x10 fb/fb_s6b33b1x.o
 .ARM.attributes
                0x0000000000000120       0x10 board/compal/start.ram.o
 .ARM.attributes
                0x0000000000000130       0x10 board/compal/exceptions_redirected.o
 .ARM.attributes
                0x0000000000000140       0x10 board/compal/handlers.o
 .ARM.attributes
                0x0000000000000150       0x10 board/pirelli_dpl10/loader.highram.manifest.o
 .ARM.attributes
                0x0000000000000160       0x10 calypso/libcalypso.a(clock.o)
 .ARM.attributes
                0x0000000000000170       0x10 calypso/libcalypso.a(dma.o)
 .ARM.attributes
                0x0000000000000180       0x10 calypso/libcalypso.a(irq.o)
 .ARM.attributes
                0x0000000000000190       0x10 calypso/libcalypso.a(rtc.o)
 .ARM.attributes
                0x00000000000001a0       0x10 calypso/libcalypso.a(spi.o)
 .ARM.attributes
                0x00000000000001b0       0x10 calypso/libcalypso.a(tpu.o)
 .ARM.attributes
                0x00000000000001c0       0x10 calypso/libcalypso.a(tsp.o)
 .ARM.attributes
                0x00000000000001d0       0x10 calypso/libcalypso.a(keypad.o)
 .ARM.attributes
                0x00000000000001e0       0x10 calypso/libcalypso.a(timer.o)
 .ARM.attributes
                0x00000000000001f0       0x10 calypso/libcalypso.a(backlight.o)
 .ARM.attributes
                0x0000000000000200       0x10 calypso/libcalypso.a(uart.o)
 .ARM.attributes
                0x0000000000000210       0x10 calypso/libcalypso.a(arm.o)
 .ARM.attributes
                0x0000000000000220       0x10 lib/libmini.a(vsprintf.o)
 .ARM.attributes
                0x0000000000000230       0x10 lib/libmini.a(string.o)
 .ARM.attributes
                0x0000000000000240       0x10 lib/libmini.a(ctype.o)
 .ARM.attributes
                0x0000000000000250       0x10 lib/libmini.a(printf.o)
 .ARM.attributes
                0x0000000000000260       0x10 lib/libmini.a(console.o)
 .ARM.attributes
                0x0000000000000270       0x10 lib/libmini.a(ctors.o)
 .ARM.attributes
                0x0000000000000280       0x10 lib/libmini.a(delay.o)
 .ARM.attributes
                0x0000000000000290       0x10 lib/libmini.a(div64.o)
 .ARM.attributes
                0x00000000000002a0       0x10 lib/libmini.a(lib1funcs.o)
 .ARM.attributes
                0x00000000000002b0       0x10 lib/libmini.a(memcpy.o)
 .ARM.attributes
                0x00000000000002c0       0x10 lib/libmini.a(memset.o)
 .ARM.attributes
                0x00000000000002d0       0x10 comm/libcomm.a(sercomm.o)
 .ARM.attributes
                0x00000000000002e0       0x10 comm/libcomm.a(sercomm_cons.o)
 .ARM.attributes
                0x00000000000002f0       0x10 comm/libcomm.a(timer.o)
 .ARM.attributes
                0x0000000000000300       0x10 ../../shared/libosmocore/build-target/src/.libs/libosmocore.a(msgb.o)
 .ARM.attributes
                0x0000000000000310       0x10 ../../shared/libosmocore/build-target/src/.libs/libosmocore.a(crc16.o)
 .ARM.attributes
                0x0000000000000320       0x10 ../../shared/libosmocore/build-target/src/.libs/libosmocore.a(panic.o)
 .ARM.attributes
                0x0000000000000330       0x10 ../../shared/libosmocore/build-target/src/gsm/.libs/libosmogsm.a(gsm_utils.o)
 .ARM.attributes
                0x0000000000000340       0x10 comm/libcomm.a(msgb.o)

.debug_frame    0x0000000000000000     0x1604
 .debug_frame   0x0000000000000000      0x150 apps/loader/main.o
 .debug_frame   0x0000000000000150      0x1cc abb/twl3025.o
 .debug_frame   0x000000000000031c      0x1a8 rf/trf6151.o
 .debug_frame   0x00000000000004c4       0xac flash/cfi_flash.o
 .debug_frame   0x0000000000000570       0x34 board/pirelli_dpl10/init.o
 .debug_frame   0x00000000000005a4       0xb4 board/pirelli_dpl10/rffe_dpl10_triband.o
 .debug_frame   0x0000000000000658       0x20 battery/dummy.o
 .debug_frame   0x0000000000000678       0x20 fb/font.o
 .debug_frame   0x0000000000000698      0x108 fb/fb_rgb332.o
 .debug_frame   0x00000000000007a0       0x78 fb/fb_s6b33b1x.o
 .debug_frame   0x0000000000000818       0xd0 calypso/libcalypso.a(clock.o)
 .debug_frame   0x00000000000008e8       0x20 calypso/libcalypso.a(dma.o)
 .debug_frame   0x0000000000000908       0xb0 calypso/libcalypso.a(irq.o)
 .debug_frame   0x00000000000009b8       0x38 calypso/libcalypso.a(rtc.o)
 .debug_frame   0x00000000000009f0       0x3c calypso/libcalypso.a(spi.o)
 .debug_frame   0x0000000000000a2c      0x13c calypso/libcalypso.a(tpu.o)
 .debug_frame   0x0000000000000b68       0xc4 calypso/libcalypso.a(tsp.o)
 .debug_frame   0x0000000000000c2c       0xac calypso/libcalypso.a(keypad.o)
 .debug_frame   0x0000000000000cd8       0x98 calypso/libcalypso.a(timer.o)
 .debug_frame   0x0000000000000d70       0x30 calypso/libcalypso.a(backlight.o)
 .debug_frame   0x0000000000000da0      0x18c calypso/libcalypso.a(uart.o)
 .debug_frame   0x0000000000000f2c       0x30 calypso/libcalypso.a(arm.o)
 .debug_frame   0x0000000000000f5c      0x23c lib/libmini.a(vsprintf.o)
 .debug_frame   0x0000000000001198       0x30 lib/libmini.a(string.o)
 .debug_frame   0x00000000000011c8       0x3c lib/libmini.a(printf.o)
 .debug_frame   0x0000000000001204      0x128 lib/libmini.a(console.o)
 .debug_frame   0x000000000000132c       0x2c lib/libmini.a(ctors.o)
 .debug_frame   0x0000000000001358       0x38 lib/libmini.a(delay.o)
 .debug_frame   0x0000000000001390       0xf8 comm/libcomm.a(sercomm.o)
 .debug_frame   0x0000000000001488       0x80 comm/libcomm.a(sercomm_cons.o)
 .debug_frame   0x0000000000001508       0xb4 comm/libcomm.a(timer.o)
 .debug_frame   0x00000000000015bc       0x48 comm/libcomm.a(msgb.o)

Cross Reference Table

Symbol                                            File
_GLOBAL_OFFSET_TABLE_                             ../../shared/libosmocore/build-target/src/.libs/libosmocore.a(msgb.o)
                                                  ../../shared/libosmocore/build-target/src/gsm/.libs/libosmogsm.a(gsm_utils.o)
                                                  ../../shared/libosmocore/build-target/src/.libs/libosmocore.a(panic.o)
                                                  ../../shared/libosmocore/build-target/src/.libs/libosmocore.a(crc16.o)
__aeabi_idiv                                      lib/libmini.a(lib1funcs.o)
__aeabi_idivmod                                   lib/libmini.a(lib1funcs.o)
__aeabi_uidiv                                     lib/libmini.a(lib1funcs.o)
__aeabi_uidivmod                                  lib/libmini.a(lib1funcs.o)
__bss_end                                         board/compal/start.ram.o
__bss_start                                       board/compal/start.ram.o
__div0                                            lib/libmini.a(lib1funcs.o)
                                                  lib/libmini.a(div64.o)
__divsi3                                          lib/libmini.a(lib1funcs.o)
                                                  ../../shared/libosmocore/build-target/src/gsm/.libs/libosmogsm.a(gsm_utils.o)
                                                  comm/libcomm.a(timer.o)
__do_div64                                        lib/libmini.a(div64.o)
                                                  lib/libmini.a(vsprintf.o)
__modsi3                                          lib/libmini.a(lib1funcs.o)
                                                  ../../shared/libosmocore/build-target/src/gsm/.libs/libosmogsm.a(gsm_utils.o)
                                                  calypso/libcalypso.a(tpu.o)
__udivsi3                                         lib/libmini.a(lib1funcs.o)
                                                  ../../shared/libosmocore/build-target/src/gsm/.libs/libosmogsm.a(gsm_utils.o)
                                                  rf/trf6151.o
__umodsi3                                         lib/libmini.a(lib1funcs.o)
                                                  ../../shared/libosmocore/build-target/src/gsm/.libs/libosmogsm.a(gsm_utils.o)
_ctor_end                                         board/compal/start.ram.o
_ctor_start                                       board/compal/start.ram.o
_ctype                                            lib/libmini.a(ctype.o)
                                                  ../../shared/libosmocore/build-target/src/gsm/.libs/libosmogsm.a(gsm_utils.o)
                                                  lib/libmini.a(vsprintf.o)
_exceptions                                       calypso/libcalypso.a(irq.o)
_start                                            board/compal/start.ram.o
                                                  apps/loader/main.o
_talloc_zero                                      comm/libcomm.a(msgb.o)
                                                  ../../shared/libosmocore/build-target/src/.libs/libosmocore.a(msgb.o)
add_mod5000                                       calypso/libcalypso.a(tpu.o)
                                                  rf/trf6151.o
arm_disable_interrupts                            calypso/libcalypso.a(arm.o)
arm_enable_interrupts                             calypso/libcalypso.a(arm.o)
                                                  calypso/libcalypso.a(irq.o)
battery_dummy_init                                battery/dummy.o
battery_info                                      battery/dummy.o
bl_level                                          calypso/libcalypso.a(backlight.o)
                                                  board/pirelli_dpl10/init.o
bl_mode_pwl                                       calypso/libcalypso.a(backlight.o)
                                                  board/pirelli_dpl10/init.o
board_init                                        board/pirelli_dpl10/init.o
                                                  apps/loader/main.o
calloc                                            ../../shared/libosmocore/build-target/src/gsm/.libs/libosmogsm.a(gsm_utils.o)
calypso_bootrom                                   calypso/libcalypso.a(clock.o)
                                                  board/pirelli_dpl10/init.o
                                                  apps/loader/main.o
calypso_clk_dump                                  calypso/libcalypso.a(clock.o)
calypso_clock_set                                 calypso/libcalypso.a(clock.o)
                                                  board/pirelli_dpl10/init.o
calypso_debugunit                                 calypso/libcalypso.a(clock.o)
calypso_exceptions_install                        calypso/libcalypso.a(irq.o)
                                                  board/pirelli_dpl10/init.o
calypso_mem_cfg                                   calypso/libcalypso.a(clock.o)
                                                  board/pirelli_dpl10/init.o
calypso_pll_set                                   calypso/libcalypso.a(clock.o)
calypso_reset_get                                 calypso/libcalypso.a(clock.o)
calypso_reset_set                                 calypso/libcalypso.a(clock.o)
calypso_rhea_cfg                                  calypso/libcalypso.a(clock.o)
                                                  board/pirelli_dpl10/init.o
cons_bind_uart                                    lib/libmini.a(console.o)
                                                  board/pirelli_dpl10/init.o
cons_get_uart                                     lib/libmini.a(console.o)
                                                  calypso/libcalypso.a(uart.o)
cons_init                                         lib/libmini.a(console.o)
                                                  calypso/libcalypso.a(uart.o)
cons_putchar                                      lib/libmini.a(console.o)
cons_puts                                         lib/libmini.a(console.o)
                                                  comm/libcomm.a(msgb.o)
cons_rb_append                                    lib/libmini.a(console.o)
cons_rb_flush                                     lib/libmini.a(console.o)
                                                  calypso/libcalypso.a(uart.o)
dbm2apc_gsm900                                    board/pirelli_dpl10/rf_power.o
dbm2apc_gsm900_max                                board/pirelli_dpl10/rf_power.o
dbm2rxlev                                         ../../shared/libosmocore/build-target/src/gsm/.libs/libosmogsm.a(gsm_utils.o)
delay_ms                                          lib/libmini.a(delay.o)
                                                  calypso/libcalypso.a(spi.o)
                                                  fb/fb_s6b33b1x.o
                                                  abb/twl3025.o
                                                  apps/loader/main.o
delay_us                                          lib/libmini.a(delay.o)
                                                  calypso/libcalypso.a(tpu.o)
dispatch_buttons                                  calypso/libcalypso.a(keypad.o)
dma_init                                          calypso/libcalypso.a(dma.o)
                                                  board/pirelli_dpl10/init.o
do_global_ctors                                   lib/libmini.a(ctors.o)
                                                  board/compal/start.ram.o
emit_key                                          calypso/libcalypso.a(keypad.o)
fb_font_get_char                                  fb/font.o
                                                  fb/fb_rgb332.o
fb_fonts                                          fb/font.o
                                                  fb/fb_rgb332.o
fb_rgb332                                         fb/fb_s6b33b1x.o
                                                  fb/fb_rgb332.o
fb_rgb332_boxto                                   fb/fb_rgb332.o
                                                  fb/fb_s6b33b1x.o
fb_rgb332_clear                                   fb/fb_rgb332.o
                                                  fb/fb_s6b33b1x.o
fb_rgb332_lineto                                  fb/fb_rgb332.o
                                                  fb/fb_s6b33b1x.o
fb_rgb332_putstr                                  fb/fb_rgb332.o
                                                  fb/fb_s6b33b1x.o
fiq                                               calypso/libcalypso.a(irq.o)
                                                  board/compal/handlers.o
fiq_entry                                         board/compal/handlers.o
                                                  board/compal/exceptions_redirected.o
flag                                              apps/loader/main.o
flash_block_erase                                 flash/cfi_flash.o
                                                  apps/loader/main.o
flash_block_getlock                               flash/cfi_flash.o
                                                  apps/loader/main.o
flash_block_lock                                  flash/cfi_flash.o
                                                  apps/loader/main.o
flash_block_lockdown                              flash/cfi_flash.o
                                                  apps/loader/main.o
flash_block_unlock                                flash/cfi_flash.o
                                                  apps/loader/main.o
flash_init                                        flash/cfi_flash.o
                                                  apps/loader/main.o
flash_program                                     flash/cfi_flash.o
                                                  apps/loader/main.o
font_c64                                          fb/c64.o
                                                  fb/font.o
font_helvB14                                      fb/helvB14.o
                                                  fb/font.o
font_helvR08                                      fb/helvR08.o
                                                  fb/font.o
font_symbols                                      fb/symbols.o
                                                  fb/font.o
framebuffer                                       fb/fb_s6b33b1x.o
                                                  fb/fb_rgb332.o
                                                  board/pirelli_dpl10/init.o
                                                  apps/loader/main.o
free                                              ../../shared/libosmocore/build-target/src/gsm/.libs/libosmogsm.a(gsm_utils.o)
gprs_tlli_type                                    ../../shared/libosmocore/build-target/src/gsm/.libs/libosmogsm.a(gsm_utils.o)
gprs_tmsi2tlli                                    ../../shared/libosmocore/build-target/src/gsm/.libs/libosmogsm.a(gsm_utils.o)
gsm_7bit_decode                                   ../../shared/libosmocore/build-target/src/gsm/.libs/libosmogsm.a(gsm_utils.o)
gsm_7bit_decode_hdr                               ../../shared/libosmocore/build-target/src/gsm/.libs/libosmogsm.a(gsm_utils.o)
gsm_7bit_encode                                   ../../shared/libosmocore/build-target/src/gsm/.libs/libosmogsm.a(gsm_utils.o)
gsm_arfcn2band                                    ../../shared/libosmocore/build-target/src/gsm/.libs/libosmogsm.a(gsm_utils.o)
                                                  rf/trf6151.o
gsm_arfcn2freq10                                  ../../shared/libosmocore/build-target/src/gsm/.libs/libosmogsm.a(gsm_utils.o)
                                                  rf/trf6151.o
gsm_band_name                                     ../../shared/libosmocore/build-target/src/gsm/.libs/libosmogsm.a(gsm_utils.o)
gsm_band_parse                                    ../../shared/libosmocore/build-target/src/gsm/.libs/libosmogsm.a(gsm_utils.o)
gsm_fn2gsmtime                                    ../../shared/libosmocore/build-target/src/gsm/.libs/libosmogsm.a(gsm_utils.o)
gsm_get_octet_len                                 ../../shared/libosmocore/build-target/src/gsm/.libs/libosmogsm.a(gsm_utils.o)
gsm_gsmtime2fn                                    ../../shared/libosmocore/build-target/src/gsm/.libs/libosmogsm.a(gsm_utils.o)
gsm_septet_encode                                 ../../shared/libosmocore/build-target/src/gsm/.libs/libosmogsm.a(gsm_utils.o)
gsm_septets2octets                                ../../shared/libosmocore/build-target/src/gsm/.libs/libosmogsm.a(gsm_utils.o)
handle_abort                                      board/compal/handlers.o
                                                  board/compal/exceptions_redirected.o
hr                                                apps/loader/main.o
hwtimer_config                                    calypso/libcalypso.a(timer.o)
                                                  comm/libcomm.a(timer.o)
hwtimer_enable                                    calypso/libcalypso.a(timer.o)
                                                  comm/libcomm.a(timer.o)
hwtimer_init                                      calypso/libcalypso.a(timer.o)
                                                  board/pirelli_dpl10/init.o
hwtimer_load                                      calypso/libcalypso.a(timer.o)
                                                  comm/libcomm.a(timer.o)
hwtimer_read                                      calypso/libcalypso.a(timer.o)
irq                                               calypso/libcalypso.a(irq.o)
                                                  board/compal/handlers.o
irq_config                                        calypso/libcalypso.a(irq.o)
                                                  comm/libcomm.a(timer.o)
                                                  calypso/libcalypso.a(uart.o)
                                                  calypso/libcalypso.a(timer.o)
                                                  calypso/libcalypso.a(keypad.o)
                                                  calypso/libcalypso.a(rtc.o)
                                                  abb/twl3025.o
irq_disable                                       calypso/libcalypso.a(irq.o)
                                                  calypso/libcalypso.a(keypad.o)
irq_enable                                        calypso/libcalypso.a(irq.o)
                                                  comm/libcomm.a(timer.o)
                                                  calypso/libcalypso.a(uart.o)
                                                  calypso/libcalypso.a(timer.o)
                                                  calypso/libcalypso.a(keypad.o)
                                                  calypso/libcalypso.a(rtc.o)
                                                  abb/twl3025.o
irq_entry                                         board/compal/handlers.o
                                                  board/compal/exceptions_redirected.o
irq_init                                          calypso/libcalypso.a(irq.o)
                                                  board/pirelli_dpl10/init.o
irq_register_handler                              calypso/libcalypso.a(irq.o)
                                                  comm/libcomm.a(timer.o)
                                                  calypso/libcalypso.a(uart.o)
                                                  calypso/libcalypso.a(timer.o)
                                                  calypso/libcalypso.a(keypad.o)
                                                  calypso/libcalypso.a(rtc.o)
                                                  abb/twl3025.o
jiffies                                           comm/libcomm.a(timer.o)
                                                  calypso/libcalypso.a(keypad.o)
keypad_init                                       calypso/libcalypso.a(keypad.o)
                                                  board/pirelli_dpl10/init.o
keypad_poll                                       calypso/libcalypso.a(keypad.o)
                                                  comm/libcomm.a(timer.o)
                                                  apps/loader/main.o
keypad_set_handler                                calypso/libcalypso.a(keypad.o)
                                                  apps/loader/main.o
lastbuttons                                       calypso/libcalypso.a(keypad.o)
main                                              apps/loader/main.o
                                                  board/compal/start.ram.o
manifest_application                              board/pirelli_dpl10/loader.highram.manifest.o
manifest_board                                    board/pirelli_dpl10/loader.highram.manifest.o
                                                  apps/loader/main.o
manifest_environment                              board/pirelli_dpl10/loader.highram.manifest.o
                                                  apps/loader/main.o
manifest_revision                                 board/pirelli_dpl10/loader.highram.manifest.o
memcpy                                            lib/libmini.a(memcpy.o)
                                                  ../../shared/libosmocore/build-target/src/gsm/.libs/libosmogsm.a(gsm_utils.o)
                                                  lib/libmini.a(console.o)
                                                  apps/loader/main.o
memdump_asm                                       board/common/calypso_uart.o
memset                                            lib/libmini.a(memset.o)
                                                  comm/libcomm.a(msgb.o)
                                                  ../../shared/libosmocore/build-target/src/.libs/libosmocore.a(msgb.o)
                                                  lib/libmini.a(console.o)
ms_class_gmsk_dbm                                 ../../shared/libosmocore/build-target/src/gsm/.libs/libosmogsm.a(gsm_utils.o)
ms_pwr_ctl_lvl                                    ../../shared/libosmocore/build-target/src/gsm/.libs/libosmogsm.a(gsm_utils.o)
ms_pwr_dbm                                        ../../shared/libosmocore/build-target/src/gsm/.libs/libosmogsm.a(gsm_utils.o)
msgb_alloc                                        ../../shared/libosmocore/build-target/src/.libs/libosmocore.a(msgb.o)
                                                  comm/libcomm.a(sercomm_cons.o)
                                                  comm/libcomm.a(sercomm.o)
                                                  apps/loader/main.o
msgb_data                                         ../../shared/libosmocore/build-target/src/.libs/libosmocore.a(msgb.o)
msgb_dequeue                                      ../../shared/libosmocore/build-target/src/.libs/libosmocore.a(msgb.o)
                                                  comm/libcomm.a(sercomm.o)
msgb_enqueue                                      ../../shared/libosmocore/build-target/src/.libs/libosmocore.a(msgb.o)
                                                  comm/libcomm.a(sercomm.o)
msgb_free                                         ../../shared/libosmocore/build-target/src/.libs/libosmocore.a(msgb.o)
                                                  comm/libcomm.a(sercomm.o)
                                                  apps/loader/main.o
msgb_length                                       ../../shared/libosmocore/build-target/src/.libs/libosmocore.a(msgb.o)
msgb_reset                                        ../../shared/libosmocore/build-target/src/.libs/libosmocore.a(msgb.o)
msgb_set_talloc_ctx                               ../../shared/libosmocore/build-target/src/.libs/libosmocore.a(msgb.o)
osmo_crc16                                        ../../shared/libosmocore/build-target/src/.libs/libosmocore.a(crc16.o)
                                                  apps/loader/main.o
osmo_crc16_table                                  ../../shared/libosmocore/build-target/src/.libs/libosmocore.a(crc16.o)
osmo_panic                                        ../../shared/libosmocore/build-target/src/.libs/libosmocore.a(panic.o)
                                                  comm/libcomm.a(sercomm_cons.o)
                                                  comm/libcomm.a(sercomm.o)
                                                  apps/loader/main.o
osmo_set_panic_handler                            ../../shared/libosmocore/build-target/src/.libs/libosmocore.a(panic.o)
osmo_timer_add                                    comm/libcomm.a(timer.o)
osmo_timer_del                                    comm/libcomm.a(timer.o)
osmo_timer_pending                                comm/libcomm.a(timer.o)
osmo_timer_schedule                               comm/libcomm.a(timer.o)
osmo_timers_check                                 comm/libcomm.a(timer.o)
osmo_timers_update                                comm/libcomm.a(timer.o)
phex                                              board/common/calypso_uart.o
                                                  board/compal/handlers.o
phexubf                                           board/common/calypso_uart.o
power_hold                                        calypso/libcalypso.a(keypad.o)
printf                                            lib/libmini.a(printf.o)
                                                  calypso/libcalypso.a(timer.o)
                                                  calypso/libcalypso.a(keypad.o)
                                                  calypso/libcalypso.a(clock.o)
                                                  fb/fb_s6b33b1x.o
                                                  flash/cfi_flash.o
                                                  abb/twl3025.o
                                                  apps/loader/main.o
putchar_asm                                       board/common/calypso_uart.o
                                                  board/compal/handlers.o
                                                  apps/loader/main.o
puts                                              lib/libmini.a(vsprintf.o)
                                                  lib/libmini.a(printf.o)
                                                  calypso/libcalypso.a(uart.o)
                                                  calypso/libcalypso.a(timer.o)
                                                  calypso/libcalypso.a(tpu.o)
                                                  rf/trf6151.o
                                                  abb/twl3025.o
                                                  apps/loader/main.o
puts_asm                                          board/common/calypso_uart.o
pwl_init                                          board/common/calypso_pwl.o
pwl_set_level                                     board/common/calypso_pwl.o
rf_arfcn                                          rf/trf6151.o
rffe_compute_gain                                 board/pirelli_dpl10/rffe_dpl10_triband.o
rffe_get_gain                                     board/pirelli_dpl10/rffe_dpl10_triband.o
rffe_get_rx_ports                                 board/pirelli_dpl10/rffe_dpl10_triband.o
                                                  rf/trf6151.o
rffe_get_tx_ports                                 board/pirelli_dpl10/rffe_dpl10_triband.o
rffe_init                                         board/pirelli_dpl10/rffe_dpl10_triband.o
rffe_iq_swapped                                   board/pirelli_dpl10/rffe_dpl10_triband.o
rffe_mode                                         board/pirelli_dpl10/rffe_dpl10_triband.o
rffe_rx_win_ctrl                                  board/pirelli_dpl10/rffe_dpl10_triband.o
rffe_set_gain                                     board/pirelli_dpl10/rffe_dpl10_triband.o
rtc_init                                          calypso/libcalypso.a(rtc.o)
                                                  board/pirelli_dpl10/init.o
rxlev2dbm                                         ../../shared/libosmocore/build-target/src/gsm/.libs/libosmogsm.a(gsm_utils.o)
scnprintf                                         lib/libmini.a(vsprintf.o)
sercomm_bind_uart                                 comm/libcomm.a(sercomm.o)
                                                  board/pirelli_dpl10/init.o
sercomm_drv_pull                                  comm/libcomm.a(sercomm.o)
                                                  calypso/libcalypso.a(uart.o)
sercomm_drv_rx_char                               comm/libcomm.a(sercomm.o)
                                                  calypso/libcalypso.a(uart.o)
sercomm_get_uart                                  comm/libcomm.a(sercomm.o)
                                                  comm/libcomm.a(sercomm_cons.o)
                                                  calypso/libcalypso.a(uart.o)
                                                  apps/loader/main.o
sercomm_init                                      comm/libcomm.a(sercomm.o)
                                                  calypso/libcalypso.a(uart.o)
sercomm_initialized                               comm/libcomm.a(sercomm.o)
                                                  comm/libcomm.a(sercomm_cons.o)
sercomm_putchar                                   comm/libcomm.a(sercomm_cons.o)
sercomm_puts                                      comm/libcomm.a(sercomm_cons.o)
                                                  lib/libmini.a(vsprintf.o)
sercomm_register_rx_cb                            comm/libcomm.a(sercomm.o)
                                                  apps/loader/main.o
sercomm_sendmsg                                   comm/libcomm.a(sercomm.o)
                                                  comm/libcomm.a(sercomm_cons.o)
                                                  apps/loader/main.o
sercomm_tx_queue_depth                            comm/libcomm.a(sercomm.o)
                                                  comm/libcomm.a(sercomm_cons.o)
snprintf                                          lib/libmini.a(vsprintf.o)
spi_init                                          calypso/libcalypso.a(spi.o)
                                                  abb/twl3025.o
spi_xfer                                          calypso/libcalypso.a(spi.o)
                                                  abb/twl3025.o
sprintf                                           lib/libmini.a(vsprintf.o)
sscanf                                            lib/libmini.a(vsprintf.o)
strlen                                            lib/libmini.a(string.o)
                                                  ../../shared/libosmocore/build-target/src/gsm/.libs/libosmogsm.a(gsm_utils.o)
                                                  comm/libcomm.a(sercomm_cons.o)
                                                  lib/libmini.a(console.o)
strnlen                                           lib/libmini.a(string.o)
                                                  lib/libmini.a(vsprintf.o)
strtol                                            lib/libmini.a(vsprintf.o)