Archive member included because of file (symbol)

calypso/libcalypso.a(clock.o)
                              apps/layer1/main.o (calypso_clk_dump)
calypso/libcalypso.a(dma.o)   board/se_j100/init.o (dma_init)
calypso/libcalypso.a(irq.o)   abb/twl3025.o (irq_enable)
calypso/libcalypso.a(rtc.o)   board/se_j100/init.o (rtc_init)
calypso/libcalypso.a(sim.o)   apps/layer1/main.o (sim_handler)
calypso/libcalypso.a(spi.o)   abb/twl3025.o (spi_init)
calypso/libcalypso.a(tpu.o)   apps/layer1/main.o (tpu_enable)
calypso/libcalypso.a(tsp.o)   abb/twl3025.o (tsp_write)
calypso/libcalypso.a(keypad.o)
                              board/se_j100/init.o (keypad_init)
calypso/libcalypso.a(misc.o)  apps/layer1/main.o (dump_dev_id)
calypso/libcalypso.a(timer.o)
                              board/se_j100/init.o (hwtimer_init)
calypso/libcalypso.a(backlight.o)
                              board/se_j100/init.o (bl_mode_pwl)
calypso/libcalypso.a(uart.o)  board/se_j100/init.o (uart_init)
calypso/libcalypso.a(uwire.o)
                              fb/fb_ssd1963.o (uwire_init)
calypso/libcalypso.a(arm.o)   calypso/libcalypso.a(irq.o) (arm_enable_interrupts)
layer1/liblayer1.a(init.o)    apps/layer1/main.o (layer1_init)
layer1/liblayer1.a(l23_api.o)
                              calypso/libcalypso.a(sim.o) (l1_queue_for_l2)
layer1/liblayer1.a(mframe_sched.o)
                              layer1/liblayer1.a(l23_api.o) (mframe_enable)
layer1/liblayer1.a(sched_gsmtime.o)
                              layer1/liblayer1.a(l23_api.o) (sched_gsmtime_reset)
layer1/liblayer1.a(async.o)   layer1/liblayer1.a(l23_api.o) (l1a_txq_msgb_enq)
layer1/liblayer1.a(trx_dummy.o)
                              layer1/liblayer1.a(l23_api.o) (trx_put_burst)
layer1/liblayer1.a(prim_pm.o)
                              layer1/liblayer1.a(l23_api.o) (l1s_pm_test)
layer1/liblayer1.a(prim_rach.o)
                              layer1/liblayer1.a(l23_api.o) (l1a_rach_req)
layer1/liblayer1.a(prim_tx_nb.o)
                              layer1/liblayer1.a(mframe_sched.o) (nb_sched_set_ul)
layer1/liblayer1.a(prim_rx_nb.o)
                              layer1/liblayer1.a(mframe_sched.o) (nb_sched_set)
layer1/liblayer1.a(prim_fbsb.o)
                              layer1/liblayer1.a(l23_api.o) (l1s_fbsb_req)
layer1/liblayer1.a(prim_freq.o)
                              layer1/liblayer1.a(l23_api.o) (l1a_freq_req)
layer1/liblayer1.a(prim_utils.o)
                              layer1/liblayer1.a(prim_tx_nb.o) (pu_get_idle_frame)
layer1/liblayer1.a(prim_tch.o)
                              layer1/liblayer1.a(mframe_sched.o) (tch_sched_set)
layer1/liblayer1.a(prim_bts.o)
                              layer1/liblayer1.a(mframe_sched.o) (bts_sched_set)
layer1/liblayer1.a(prim_bts_sync.o)
                              layer1/liblayer1.a(mframe_sched.o) (bts_sync_sched_set)
layer1/liblayer1.a(agc.o)     layer1/liblayer1.a(prim_pm.o) (agc_inp_dbm8_by_pm)
layer1/liblayer1.a(afc.o)     layer1/liblayer1.a(prim_fbsb.o) (afc_correct)
layer1/liblayer1.a(toa.o)     layer1/liblayer1.a(prim_rx_nb.o) (toa_input)
layer1/liblayer1.a(sync.o)    layer1/liblayer1.a(prim_fbsb.o) (l1s_time_inc)
layer1/liblayer1.a(tdma_sched.o)
                              layer1/liblayer1.a(prim_pm.o) (tdma_end_set)
layer1/liblayer1.a(tpu_window.o)
                              layer1/liblayer1.a(sync.o) (l1s_win_init)
layer1/liblayer1.a(rfch.o)    layer1/liblayer1.a(prim_tx_nb.o) (rfch_get_params)
layer1/liblayer1.a(apc.o)     layer1/liblayer1.a(sync.o) (apc_tx_pwrlvl2auxapc)
layer1/liblayer1.a(avg.o)     layer1/liblayer1.a(afc.o) (runavg_input)
lib/libmini.a(vsprintf.o)     apps/layer1/main.o (puts)
lib/libmini.a(string.o)       lib/libmini.a(vsprintf.o) (strnlen)
lib/libmini.a(ctype.o)        lib/libmini.a(vsprintf.o) (_ctype)
lib/libmini.a(printf.o)       apps/layer1/main.o (printf)
lib/libmini.a(console.o)      board/se_j100/init.o (cons_bind_uart)
lib/libmini.a(ctors.o)        board/compal/start.ram.o (do_global_ctors)
lib/libmini.a(delay.o)        calypso/libcalypso.a(tpu.o) (delay_us)
lib/libmini.a(div64.o)        lib/libmini.a(vsprintf.o) (__do_div64)
lib/libmini.a(lib1funcs.o)    rf/trf6151.o (__udivsi3)
lib/libmini.a(memcpy.o)       calypso/libcalypso.a(sim.o) (memcpy)
lib/libmini.a(memset.o)       apps/layer1/main.o (memset)
comm/libcomm.a(sercomm.o)     layer1/liblayer1.a(l23_api.o) (sercomm_sendmsg)
comm/libcomm.a(sercomm_cons.o)
                              lib/libmini.a(vsprintf.o) (sercomm_puts)
comm/libcomm.a(timer.o)       calypso/libcalypso.a(keypad.o) (jiffies)
../../shared/libosmocore/build-target/src/.libs/libosmocore.a(msgb.o)
                              calypso/libcalypso.a(sim.o) (msgb_alloc)
../../shared/libosmocore/build-target/src/.libs/libosmocore.a(utils.o)
                              calypso/libcalypso.a(sim.o) (osmo_hexdump)
../../shared/libosmocore/build-target/src/.libs/libosmocore.a(panic.o)
                              calypso/libcalypso.a(sim.o) (osmo_panic)
[...]
Memory Configuration

Name             Origin             Length             Attributes
XRAM             0x0000000000800000 0x0000000000020000 rw
RAM              0x0000000000820000 0x0000000000030000 rw
*default*        0x0000000000000000 0xffffffffffffffff

Linker script and memory map

                0x0000000000820000                . = 0x820000

.text.start     0x0000000000820000       0x6c
                0x0000000000820000                PROVIDE (_start, .)
 *(.text.start)
 .text.start    0x0000000000820000       0x6c board/compal/start.ram.o
                0x0000000000820000                _start
 *(.text.start)

.text.exceptions
                0x000000000080001c       0x1c load address 0x000000000082006c
 *(.text.exceptions)
 .text.exceptions
                0x000000000080001c       0x1c board/compal/exceptions_redirected.o
 *(.text.exceptions)
                0x0000000000800038                . = ALIGN (0x4)
                0x000000000082006c                PROVIDE (_exceptions, LOADADDR (.text.exceptions))
                0x0000000000800038                . = ALIGN (0x4)

.text           0x0000000000820088     0xbdf8
 *(.text*)
 .text.tspact_toggle
                0x0000000000820088       0x44 apps/layer1/main.o
 .text.key_handler
                0x00000000008200cc       0xc4 apps/layer1/main.o
 .text.main     0x0000000000820190      0x178 apps/layer1/main.o
                0x0000000000820190                main
 .text.tpu_enq_at
                0x0000000000820308       0x34 abb/twl3025.o
 .text.tpu_enq_wait
                0x000000000082033c       0x14 abb/twl3025.o
 .text.twl3025_wait_ibic_access
                0x0000000000820350        0x8 abb/twl3025.o
 .text.twl3025_reg_write
                0x0000000000820358       0x58 abb/twl3025.o
                0x0000000000820358                twl3025_reg_write
 .text.twl3025_switch_page
                0x00000000008203b0       0x2c abb/twl3025.o
 .text.twl3025_tsp_write
                0x00000000008203dc       0x10 abb/twl3025.o
                0x00000000008203dc                twl3025_tsp_write
 .text.twl3025_reg_read
                0x00000000008203ec       0x74 abb/twl3025.o
                0x00000000008203ec                twl3025_reg_read
 .text.twl3025_power_off
                0x0000000000820460       0x30 abb/twl3025.o
                0x0000000000820460                twl3025_power_off
 .text.twl3025_irq
                0x0000000000820490       0x48 abb/twl3025.o
 .text.twl3025_clk13m
                0x00000000008204d8       0x38 abb/twl3025.o
                0x00000000008204d8                twl3025_clk13m
 .text.twl3025_downlink
                0x0000000000820510       0x98 abb/twl3025.o
                0x0000000000820510                twl3025_downlink
 .text.twl3025_uplink
                0x00000000008205a8       0xac abb/twl3025.o
                0x00000000008205a8                twl3025_uplink
 .text.twl3025_afc_set
                0x0000000000820654       0x64 abb/twl3025.o
                0x0000000000820654                twl3025_afc_set
 .text.twl3025_unit_enable
                0x00000000008206b8       0x6c abb/twl3025.o
                0x00000000008206b8                twl3025_unit_enable
 .text.twl3025_init
                0x0000000000820724       0x8c abb/twl3025.o
                0x0000000000820724                twl3025_init
 .text.twl3025_afcout_get
                0x00000000008207b0       0x14 abb/twl3025.o
                0x00000000008207b0                twl3025_afcout_get
 .text.tpu_enq_at
                0x00000000008207c4       0x34 rf/trf6151.o
 .text.tpu_enq_wait
                0x00000000008207f8       0x14 rf/trf6151.o
 .text.trf6151_reg_write
                0x000000000082080c       0x38 rf/trf6151.o
 .text.trf6151_set_gain_reg
                0x0000000000820844       0x64 rf/trf6151.o
                0x0000000000820844                trf6151_set_gain_reg
 .text.trf6151_set_gain
                0x00000000008208a8       0x74 rf/trf6151.o
                0x00000000008208a8                trf6151_set_gain
 .text.trf6151_power
                0x000000000082091c       0x64 rf/trf6151.o
                0x000000000082091c                trf6151_power
 .text.trf6151_init
                0x0000000000820980       0x5c rf/trf6151.o
                0x0000000000820980                trf6151_init
 .text.trf6151_set_mode
                0x00000000008209dc       0x34 rf/trf6151.o
                0x00000000008209dc                trf6151_set_mode
 .text.trf6151_set_arfcn
                0x0000000000820a10      0x21c rf/trf6151.o
                0x0000000000820a10                trf6151_set_arfcn
 .text.trf6151_get_gain
                0x0000000000820c2c       0x28 rf/trf6151.o
                0x0000000000820c2c                trf6151_get_gain
 .text.trf6151_rx_window
                0x0000000000820c54       0x54 rf/trf6151.o
                0x0000000000820c54                trf6151_rx_window
 .text.trf6151_tx_window
                0x0000000000820ca8       0x44 rf/trf6151.o
                0x0000000000820ca8                trf6151_tx_window
 .text.trf6151_compute_gain
                0x0000000000820cec       0x28 rf/trf6151.o
                0x0000000000820cec                trf6151_compute_gain
 .text.trf6151_iq_swapped
                0x0000000000820d14       0x30 rf/trf6151.o
                0x0000000000820d14                trf6151_iq_swapped
 .text          0x0000000000820d44       0xfc board/common/calypso_uart.o
                0x0000000000820d50                phex
                0x0000000000820d84                puts_asm
                0x0000000000820dc0                putchar_asm
                0x0000000000820dd0                memdump_asm
 .text.rffe_mode
                0x0000000000820e40       0x44 board/compal/rffe_dualband.o
                0x0000000000820e40                rffe_mode
 .text.rffe_get_rx_ports
                0x0000000000820e84        0x8 board/compal/rffe_dualband.o
                0x0000000000820e84                rffe_get_rx_ports
 .text.rffe_iq_swapped
                0x0000000000820e8c        0xc board/compal/rffe_dualband.o
                0x0000000000820e8c                rffe_iq_swapped
 .text.rffe_init
                0x0000000000820e98       0x54 board/compal/rffe_dualband.o
                0x0000000000820e98                rffe_init
 .text.rffe_get_gain
                0x0000000000820eec        0x4 board/compal/rffe_dualband.o
                0x0000000000820eec                rffe_get_gain
 .text.rffe_set_gain
                0x0000000000820ef0        0x8 board/compal/rffe_dualband.o
                0x0000000000820ef0                rffe_set_gain
 .text.rffe_compute_gain
                0x0000000000820ef8       0x14 board/compal/rffe_dualband.o
                0x0000000000820ef8                rffe_compute_gain
 .text.board_init
                0x0000000000820f0c      0x1cc board/se_j100/init.o
                0x0000000000820f0c                board_init
 .text.fb_font_get_char
                0x00000000008210d8       0x58 fb/font.o
                0x00000000008210d8                fb_font_get_char
 .text.fb_limit_fb_range
                0x0000000000821130       0x38 fb/fb_rgb332.o
 .text.fb_rgb332_update_damage
                0x0000000000821168       0xf0 fb/fb_rgb332.o
 .text.rgb_to_pixel
                0x0000000000821258       0x20 fb/fb_rgb332.o
 .text.fb_rgb332_clear
                0x0000000000821278       0x78 fb/fb_rgb332.o
                0x0000000000821278                fb_rgb332_clear
 .text.fb_rgb332_boxto
                0x00000000008212f0      0x14c fb/fb_rgb332.o
                0x00000000008212f0                fb_rgb332_boxto
 .text.fb_rgb332_lineto
                0x000000000082143c      0x128 fb/fb_rgb332.o
                0x000000000082143c                fb_rgb332_lineto
 .text.fb_rgb332_putstr
                0x0000000000821564      0x2a8 fb/fb_rgb332.o
                0x0000000000821564                fb_rgb332_putstr
 .text.fb_ssd1963_send_cmdlist
                0x000000000082180c       0x4c fb/fb_ssd1963.o
 .text.fb_ssd1963_flush
                0x0000000000821858      0x174 fb/fb_ssd1963.o
 .text.fb_ssd1963_init
                0x00000000008219cc       0x48 fb/fb_ssd1963.o
 .text          0x0000000000821a14       0x90 board/compal/handlers.o
                0x0000000000821a14                handle_abort
                0x0000000000821a54                irq_entry
                0x0000000000821a7c                fiq_entry
 .text.dump_reg16
                0x0000000000821aa4       0x10 calypso/libcalypso.a(clock.o)
 .text.calypso_clk_dump
                0x0000000000821ab4       0x6c calypso/libcalypso.a(clock.o)
                0x0000000000821ab4                calypso_clk_dump
 .text.calypso_pll_set
                0x0000000000821b20       0x34 calypso/libcalypso.a(clock.o)
                0x0000000000821b20                calypso_pll_set
 .text.calypso_reset_set
                0x0000000000821b54       0x28 calypso/libcalypso.a(clock.o)
                0x0000000000821b54                calypso_reset_set
 .text.calypso_clock_set
                0x0000000000821b7c       0x70 calypso/libcalypso.a(clock.o)
                0x0000000000821b7c                calypso_clock_set
 .text.calypso_mem_cfg
                0x0000000000821bec       0x24 calypso/libcalypso.a(clock.o)
                0x0000000000821bec                calypso_mem_cfg
 .text.calypso_bootrom
                0x0000000000821c10       0x20 calypso/libcalypso.a(clock.o)
                0x0000000000821c10                calypso_bootrom
 .text.calypso_rhea_cfg
                0x0000000000821c30       0x4c calypso/libcalypso.a(clock.o)
                0x0000000000821c30                calypso_rhea_cfg
 .text.dma_init
                0x0000000000821c7c       0x10 calypso/libcalypso.a(dma.o)
                0x0000000000821c7c                dma_init
 .text._irq_enable
                0x0000000000821c8c       0x40 calypso/libcalypso.a(irq.o)
 .text.irq_enable
                0x0000000000821ccc        0x8 calypso/libcalypso.a(irq.o)
                0x0000000000821ccc                irq_enable
 .text.irq_disable
                0x0000000000821cd4        0x8 calypso/libcalypso.a(irq.o)
                0x0000000000821cd4                irq_disable
 .text.irq_config
                0x0000000000821cdc       0x48 calypso/libcalypso.a(irq.o)
                0x0000000000821cdc                irq_config
 .text.irq      0x0000000000821d24       0x3c calypso/libcalypso.a(irq.o)
                0x0000000000821d24                irq
 .text.fiq      0x0000000000821d60       0x3c calypso/libcalypso.a(irq.o)
                0x0000000000821d60                fiq
 .text.irq_register_handler
                0x0000000000821d9c       0x14 calypso/libcalypso.a(irq.o)
                0x0000000000821d9c                irq_register_handler
 .text.calypso_exceptions_install
                0x0000000000821db0       0x34 calypso/libcalypso.a(irq.o)
                0x0000000000821db0                calypso_exceptions_install
 .text.irq_init
                0x0000000000821de4       0x5c calypso/libcalypso.a(irq.o)
                0x0000000000821de4                irq_init
 .text.rtc_irq_tick
                0x0000000000821e40       0x18 calypso/libcalypso.a(rtc.o)
 .text.rtc_init
                0x0000000000821e58       0x54 calypso/libcalypso.a(rtc.o)
                0x0000000000821e58                rtc_init
 .text.sim_irq_handler
                0x0000000000821eac       0xf0 calypso/libcalypso.a(sim.o)
                0x0000000000821eac                sim_irq_handler
 .text.calypso_sim_receive
                0x0000000000821f9c       0x48 calypso/libcalypso.a(sim.o)
                0x0000000000821f9c                calypso_sim_receive
 .text.calypso_sim_transmit
                0x0000000000821fe4       0x54 calypso/libcalypso.a(sim.o)
                0x0000000000821fe4                calypso_sim_transmit
 .text.sim_apdu
                0x0000000000822038       0x48 calypso/libcalypso.a(sim.o)
                0x0000000000822038                sim_apdu
 .text.sim_handler
                0x0000000000822080      0x49c calypso/libcalypso.a(sim.o)
                0x0000000000822080                sim_handler
 .text.calypso_sim_init
                0x000000000082251c       0x34 calypso/libcalypso.a(sim.o)
                0x000000000082251c                calypso_sim_init
 .text.calypso_sim_powerup
                0x0000000000822550       0x70 calypso/libcalypso.a(sim.o)
                0x0000000000822550                calypso_sim_powerup
 .text.calypso_sim_powerdown
                0x00000000008225c0       0x60 calypso/libcalypso.a(sim.o)
                0x00000000008225c0                calypso_sim_powerdown
 .text.spi_init
                0x0000000000822620       0x1c calypso/libcalypso.a(spi.o)
                0x0000000000822620                spi_init
 .text.spi_xfer
                0x000000000082263c      0x100 calypso/libcalypso.a(spi.o)
                0x000000000082263c                spi_xfer
 .text.tpu_wait_ctrl_bit
                0x000000000082273c       0x60 calypso/libcalypso.a(tpu.o)
 .text.tpu_reset
                0x000000000082279c       0x2c calypso/libcalypso.a(tpu.o)
                0x000000000082279c                tpu_reset
 .text.tpu_enable
                0x00000000008227c8       0x34 calypso/libcalypso.a(tpu.o)
                0x00000000008227c8                tpu_enable
 .text.tpu_clk_enable
                0x00000000008227fc       0x2c calypso/libcalypso.a(tpu.o)
                0x00000000008227fc                tpu_clk_enable
 .text.tpu_dsp_frameirq_enable
                0x0000000000822828       0x1c calypso/libcalypso.a(tpu.o)
                0x0000000000822828                tpu_dsp_frameirq_enable
 .text.tpu_rewind
                0x0000000000822844       0x18 calypso/libcalypso.a(tpu.o)
                0x0000000000822844                tpu_rewind
 .text.tpu_enqueue
                0x000000000082285c       0x28 calypso/libcalypso.a(tpu.o)
                0x000000000082285c                tpu_enqueue
 .text.tpu_init
                0x0000000000822884       0x64 calypso/libcalypso.a(tpu.o)
                0x0000000000822884                tpu_init
 .text.tpu_wait_idle
                0x00000000008228e8       0x20 calypso/libcalypso.a(tpu.o)
                0x00000000008228e8                tpu_wait_idle
 .text.tpu_frame_irq_en
                0x0000000000822908       0x30 calypso/libcalypso.a(tpu.o)
                0x0000000000822908                tpu_frame_irq_en
 .text.add_mod5000
                0x0000000000822938       0x38 calypso/libcalypso.a(tpu.o)
                0x0000000000822938                add_mod5000
 .text.tpu_enq_move
                0x0000000000822970       0x1c calypso/libcalypso.a(tsp.o)
 .text.tsp_write
                0x000000000082298c       0xcc calypso/libcalypso.a(tsp.o)
                0x000000000082298c                tsp_write
 .text.tsp_setup
                0x0000000000822a58       0x40 calypso/libcalypso.a(tsp.o)
                0x0000000000822a58                tsp_setup
 .text.tsp_act_update
                0x0000000000822a98       0x50 calypso/libcalypso.a(tsp.o)
                0x0000000000822a98                tsp_act_update
 .text.tsp_act_enable
                0x0000000000822ae8       0x1c calypso/libcalypso.a(tsp.o)
                0x0000000000822ae8                tsp_act_enable
 .text.tsp_act_disable
                0x0000000000822b04       0x14 calypso/libcalypso.a(tsp.o)
                0x0000000000822b04                tsp_act_disable
 .text.tsp_act_state
                0x0000000000822b18       0x10 calypso/libcalypso.a(tsp.o)
                0x0000000000822b18                tsp_act_state
 .text.tsp_act_toggle
                0x0000000000822b28       0x1c calypso/libcalypso.a(tsp.o)
                0x0000000000822b28                tsp_act_toggle
 .text.tsp_init
                0x0000000000822b44        0x8 calypso/libcalypso.a(tsp.o)
                0x0000000000822b44                tsp_init
 .text.keypad_irq
                0x0000000000822b4c       0x18 calypso/libcalypso.a(keypad.o)
 .text.emit_key
                0x0000000000822b64       0x58 calypso/libcalypso.a(keypad.o)
                0x0000000000822b64                emit_key
 .text.dispatch_buttons
                0x0000000000822bbc       0xc4 calypso/libcalypso.a(keypad.o)
                0x0000000000822bbc                dispatch_buttons
 .text.keypad_init
                0x0000000000822c80       0x6c calypso/libcalypso.a(keypad.o)
                0x0000000000822c80                keypad_init
 .text.keypad_set_handler
                0x0000000000822cec       0x10 calypso/libcalypso.a(keypad.o)
                0x0000000000822cec                keypad_set_handler
 .text.keypad_poll
                0x0000000000822cfc      0x174 calypso/libcalypso.a(keypad.o)
                0x0000000000822cfc                keypad_poll
 .text.dump_dev_id
                0x0000000000822e70       0x8c calypso/libcalypso.a(misc.o)
                0x0000000000822e70                dump_dev_id
 .text.wdog_irq
                0x0000000000822efc        0xc calypso/libcalypso.a(timer.o)
 .text.hwtimer_enable
                0x0000000000822f08       0x68 calypso/libcalypso.a(timer.o)
                0x0000000000822f08                hwtimer_enable
 .text.hwtimer_config
                0x0000000000822f70       0x34 calypso/libcalypso.a(timer.o)
                0x0000000000822f70                hwtimer_config
 .text.hwtimer_load
                0x0000000000822fa4       0x28 calypso/libcalypso.a(timer.o)
                0x0000000000822fa4                hwtimer_load
 .text.hwtimer_read
                0x0000000000822fcc       0x54 calypso/libcalypso.a(timer.o)
                0x0000000000822fcc                hwtimer_read
 .text.hwtimer_init
                0x0000000000823020       0x1c calypso/libcalypso.a(timer.o)
                0x0000000000823020                hwtimer_init
 .text.wdog_enable
                0x000000000082303c       0x5c calypso/libcalypso.a(timer.o)
                0x000000000082303c                wdog_enable
 .text.bl_mode_pwl
                0x0000000000823098       0x3c calypso/libcalypso.a(backlight.o)
                0x0000000000823098                bl_mode_pwl
 .text.bl_level
                0x00000000008230d4       0x34 calypso/libcalypso.a(backlight.o)
                0x00000000008230d4                bl_level
 .text.uart_set_lcr7bit
                0x0000000000823108       0x2c calypso/libcalypso.a(uart.o)
 .text.uart_set_lcr_bf
                0x0000000000823134       0x38 calypso/libcalypso.a(uart.o)
 .text.uart_set_mcr6bit
                0x000000000082316c       0x2c calypso/libcalypso.a(uart.o)
 .text.uart_reg_write
                0x0000000000823198       0xa0 calypso/libcalypso.a(uart.o)
 .text.uart_reg_read
                0x0000000000823238       0xa0 calypso/libcalypso.a(uart.o)
 .text.uart_irq_handler_cons
                0x00000000008232d8       0x5c calypso/libcalypso.a(uart.o)
 .text.uart_irq_enable
                0x0000000000823334       0x50 calypso/libcalypso.a(uart.o)
                0x0000000000823334                uart_irq_enable
 .text.uart_init
                0x0000000000823384      0x188 calypso/libcalypso.a(uart.o)
                0x0000000000823384                uart_init
 .text.uart_putchar_wait
                0x000000000082350c       0x30 calypso/libcalypso.a(uart.o)
                0x000000000082350c                uart_putchar_wait
 .text.uart_putchar_nb
                0x000000000082353c       0x30 calypso/libcalypso.a(uart.o)
                0x000000000082353c                uart_putchar_nb
 .text.uart_getchar_nb
                0x000000000082356c       0x88 calypso/libcalypso.a(uart.o)
                0x000000000082356c                uart_getchar_nb
 .text.uart_tx_busy
                0x00000000008235f4       0x20 calypso/libcalypso.a(uart.o)
                0x00000000008235f4                uart_tx_busy
 .text.uart_irq_handler_sercomm
                0x0000000000823614      0x124 calypso/libcalypso.a(uart.o)
 .text.uart_baudrate
                0x0000000000823738       0x68 calypso/libcalypso.a(uart.o)
                0x0000000000823738                uart_baudrate
 .text._uwire_wait
                0x00000000008237a0       0x1c calypso/libcalypso.a(uwire.o)
 .text.uwire_init
                0x00000000008237bc       0x2c calypso/libcalypso.a(uwire.o)
                0x00000000008237bc                uwire_init
 .text.uwire_xfer
                0x00000000008237e8       0xf4 calypso/libcalypso.a(uwire.o)
                0x00000000008237e8                uwire_xfer
 .text.arm_enable_interrupts
                0x00000000008238dc       0x10 calypso/libcalypso.a(arm.o)
                0x00000000008238dc                arm_enable_interrupts
 .text.layer1_init
                0x00000000008238ec       0x50 layer1/liblayer1.a(init.o)
                0x00000000008238ec                layer1_init
 .text.__fswab32
                0x000000000082393c       0x14 layer1/liblayer1.a(l23_api.o)
 .text.audio_set_enabled
                0x0000000000823950       0x4c layer1/liblayer1.a(l23_api.o)
 .text.msgb_put
                0x000000000082399c       0x58 layer1/liblayer1.a(l23_api.o)
 .text.l1a_l23_rx
                0x00000000008239f4       0x24 layer1/liblayer1.a(l23_api.o)
                0x00000000008239f4                l1a_l23_rx
 .text.l1_queue_for_l2
                0x0000000000823a18       0x34 layer1/liblayer1.a(l23_api.o)
                0x0000000000823a18                l1_queue_for_l2
 .text.l1ctl_msgb_alloc
                0x0000000000823a4c       0x68 layer1/liblayer1.a(l23_api.o)
                0x0000000000823a4c                l1ctl_msgb_alloc
 .text.l1_create_l2_msg
                0x0000000000823ab4       0x74 layer1/liblayer1.a(l23_api.o)
                0x0000000000823ab4                l1_create_l2_msg
 .text.l1ctl_tx_reset
                0x0000000000823b28       0x2c layer1/liblayer1.a(l23_api.o)
                0x0000000000823b28                l1ctl_tx_reset
 .text.l1a_l23_handler
                0x0000000000823b54      0xc48 layer1/liblayer1.a(l23_api.o)
                0x0000000000823b54                l1a_l23_handler
 .text.l1a_l23api_init
                0x000000000082479c       0x10 layer1/liblayer1.a(l23_api.o)
                0x000000000082479c                l1a_l23api_init
 .text.mframe_task2chan_nr
                0x00000000008247ac      0x120 layer1/liblayer1.a(mframe_sched.o)
                0x00000000008247ac                mframe_task2chan_nr
 .text.mframe_enable
                0x00000000008248cc       0x1c layer1/liblayer1.a(mframe_sched.o)
                0x00000000008248cc                mframe_enable
 .text.mframe_disable
                0x00000000008248e8       0x1c layer1/liblayer1.a(mframe_sched.o)
                0x00000000008248e8                mframe_disable
 .text.mframe_set
                0x0000000000824904       0x10 layer1/liblayer1.a(mframe_sched.o)
                0x0000000000824904                mframe_set
 .text.mframe_schedule
                0x0000000000824914      0x120 layer1/liblayer1.a(mframe_sched.o)
                0x0000000000824914                mframe_schedule
 .text.mframe_reset
                0x0000000000824a34       0x20 layer1/liblayer1.a(mframe_sched.o)
                0x0000000000824a34                mframe_reset
 .text.sched_gsmtime
                0x0000000000824a54       0xa8 layer1/liblayer1.a(sched_gsmtime.o)
                0x0000000000824a54                sched_gsmtime
 .text.sched_gsmtime_execute
                0x0000000000824afc       0x84 layer1/liblayer1.a(sched_gsmtime.o)
                0x0000000000824afc                sched_gsmtime_execute
 .text.sched_gsmtime_init
                0x0000000000824b80       0x50 layer1/liblayer1.a(sched_gsmtime.o)
                0x0000000000824b80                sched_gsmtime_init
 .text.sched_gsmtime_reset
                0x0000000000824bd0       0x54 layer1/liblayer1.a(sched_gsmtime.o)
                0x0000000000824bd0                sched_gsmtime_reset
 .text.l1a_txq_msgb_enq
                0x0000000000824c24       0x1c layer1/liblayer1.a(async.o)
                0x0000000000824c24                l1a_txq_msgb_enq
 .text.l1a_meas_msgb_set
                0x0000000000824c40       0x38 layer1/liblayer1.a(async.o)
                0x0000000000824c40                l1a_meas_msgb_set
 .text.l1a_txq_msgb_count
                0x0000000000824c78       0x34 layer1/liblayer1.a(async.o)
                0x0000000000824c78                l1a_txq_msgb_count
 .text.l1a_txq_msgb_flush
                0x0000000000824cac       0x34 layer1/liblayer1.a(async.o)
                0x0000000000824cac                l1a_txq_msgb_flush
 .text.l1a_mftask_set
                0x0000000000824ce0        0x4 layer1/liblayer1.a(async.o)
                0x0000000000824ce0                l1a_mftask_set
 .text.l1a_tch_mode_set
                0x0000000000824ce4       0x3c layer1/liblayer1.a(async.o)
                0x0000000000824ce4                l1a_tch_mode_set
 .text.l1a_audio_mode_set
                0x0000000000824d20       0x14 layer1/liblayer1.a(async.o)
                0x0000000000824d20                l1a_audio_mode_set
 .text.l1a_init
                0x0000000000824d34        0x4 layer1/liblayer1.a(async.o)
                0x0000000000824d34                l1a_init
 .text.l1a_compl_execute
                0x0000000000824d38       0x50 layer1/liblayer1.a(async.o)
                0x0000000000824d38                l1a_compl_execute
 .text.trx_get_burst
                0x0000000000824d88        0x8 layer1/liblayer1.a(trx_dummy.o)
                0x0000000000824d88                trx_get_burst
 .text.trx_put_burst
                0x0000000000824d90        0x8 layer1/liblayer1.a(trx_dummy.o)
                0x0000000000824d90                trx_put_burst
 .text.l1s_neigh_pm_resp
                0x0000000000824d98      0x178 layer1/liblayer1.a(prim_pm.o)
 .text.l1s_pm_cmd
                0x0000000000824f10       0x50 layer1/liblayer1.a(prim_pm.o)
 .text.l1s_neigh_pm_cmd
                0x0000000000824f60       0x7c layer1/liblayer1.a(prim_pm.o)
 .text.l1s_pm_test
                0x0000000000824fdc       0x30 layer1/liblayer1.a(prim_pm.o)
                0x0000000000824fdc                l1s_pm_test
 .text.l1s_pm_resp
                0x000000000082500c      0x210 layer1/liblayer1.a(prim_pm.o)
 .text.l1s_tx_rach_resp
                0x000000000082521c       0x44 layer1/liblayer1.a(prim_rach.o)
 .text.l1s_tx_rach_cmd
                0x0000000000825260       0x80 layer1/liblayer1.a(prim_rach.o)
 .text.l1a_rach_compl
                0x00000000008252e0       0x28 layer1/liblayer1.a(prim_rach.o)
 .text.l1a_rach_req
                0x0000000000825308       0xcc layer1/liblayer1.a(prim_rach.o)
                0x0000000000825308                l1a_rach_req
 .text.prim_rach_init
                0x00000000008253d4       0x18 layer1/liblayer1.a(prim_rach.o)
 .text.l1s_tx_resp
                0x00000000008253ec       0x4c layer1/liblayer1.a(prim_tx_nb.o)
 .text.l1s_tx_cmd
                0x0000000000825438      0x168 layer1/liblayer1.a(prim_tx_nb.o)
 .text.l1a_tx_nb_compl
                0x00000000008255a0       0x28 layer1/liblayer1.a(prim_tx_nb.o)
 .text.prim_tx_nb_init
                0x00000000008255c8       0x18 layer1/liblayer1.a(prim_tx_nb.o)
 .text.l1s_nb_resp
                0x00000000008255e0      0x2e4 layer1/liblayer1.a(prim_rx_nb.o)
 .text.l1s_nb_cmd
                0x00000000008258c4      0x180 layer1/liblayer1.a(prim_rx_nb.o)
 .text.l1ctl_fbsb_resp
                0x0000000000825a44       0xc0 layer1/liblayer1.a(prim_fbsb.o)
 .text.l1s_sbdet_resp
                0x0000000000825b04      0x32c layer1/liblayer1.a(prim_fbsb.o)
 .text.l1s_sbdet_cmd
                0x0000000000825e30       0x54 layer1/liblayer1.a(prim_fbsb.o)
 .text.l1s_fbdet_cmd
                0x0000000000825e84       0x6c layer1/liblayer1.a(prim_fbsb.o)
 .text.fbinfo2cellinfo.clone.0.clone.1
                0x0000000000825ef0       0xec layer1/liblayer1.a(prim_fbsb.o)
 .text.l1s_fbdet_resp
                0x0000000000825fdc      0x328 layer1/liblayer1.a(prim_fbsb.o)
 .text.l1a_fb_compl
                0x0000000000826304       0x2c layer1/liblayer1.a(prim_fbsb.o)
 .text.l1s_fbsb_req
                0x0000000000826330       0xf4 layer1/liblayer1.a(prim_fbsb.o)
                0x0000000000826330                l1s_fbsb_req
 .text.l1s_prim_fbsb_init
                0x0000000000826424       0x18 layer1/liblayer1.a(prim_fbsb.o)
 .text.l1s_freq_cmd
                0x000000000082643c       0x50 layer1/liblayer1.a(prim_freq.o)
 .text.l1a_freq_req
                0x000000000082648c       0xc0 layer1/liblayer1.a(prim_freq.o)
                0x000000000082648c                l1a_freq_req
 .text.pu_get_idle_frame
                0x000000000082654c        0xc layer1/liblayer1.a(prim_utils.o)
                0x000000000082654c                pu_get_idle_frame
 .text.pu_update_rx_level
                0x0000000000826558       0x18 layer1/liblayer1.a(prim_utils.o)
                0x0000000000826558                pu_update_rx_level
 .text.pu_get_meas_frame
                0x0000000000826570       0x30 layer1/liblayer1.a(prim_utils.o)
                0x0000000000826570                pu_get_meas_frame
 .text.l1s_tch_d_resp
                0x00000000008265a0       0x18 layer1/liblayer1.a(prim_tch.o)
 .text.__fswab32
                0x00000000008265b8       0x14 layer1/liblayer1.a(prim_tch.o)
 .text.msgb_put
                0x00000000008265cc       0x58 layer1/liblayer1.a(prim_tch.o)
 .text.dsp_task_iq_swap
                0x0000000000826624       0x24 layer1/liblayer1.a(prim_tch.o)
 .text.l1a_tx_tch_compl
                0x0000000000826648       0x68 layer1/liblayer1.a(prim_tch.o)
 .text.tch_get_params.clone.0
                0x00000000008266b0       0xdc layer1/liblayer1.a(prim_tch.o)
 .text.l1s_tch_a_resp
                0x000000000082678c      0x280 layer1/liblayer1.a(prim_tch.o)
 .text.l1s_tch_d_cmd
                0x0000000000826a0c       0xb8 layer1/liblayer1.a(prim_tch.o)
 .text.l1s_tch_resp
                0x0000000000826ac4      0x47c layer1/liblayer1.a(prim_tch.o)
 .text.l1s_tch_a_cmd
                0x0000000000826f40      0x268 layer1/liblayer1.a(prim_tch.o)
 .text.l1s_tch_cmd
                0x00000000008271a8      0x34c layer1/liblayer1.a(prim_tch.o)
 .text.prim_tch_init
                0x00000000008274f4       0x18 layer1/liblayer1.a(prim_tch.o)
 .text.__fswab32
                0x000000000082750c       0x14 layer1/liblayer1.a(prim_bts.o)
 .text.l1s_bts_resp
                0x0000000000827520      0x320 layer1/liblayer1.a(prim_bts.o)
 .text.l1s_bts_cmd
                0x0000000000827840      0x460 layer1/liblayer1.a(prim_bts.o)
 .text.l1s_nb_resp
                0x0000000000827ca0      0x258 layer1/liblayer1.a(prim_bts_sync.o)
 .text.l1s_nb_cmd
                0x0000000000827ef8      0x188 layer1/liblayer1.a(prim_bts_sync.o)
 .text.agc_inp_dbm8_by_pm
                0x0000000000828080       0x34 layer1/liblayer1.a(agc.o)
                0x0000000000828080                agc_inp_dbm8_by_pm
 .text.afc_correct
                0x00000000008280b4       0x7c layer1/liblayer1.a(afc.o)
                0x00000000008280b4                afc_correct
 .text.afc_ravg_output
                0x0000000000828130       0x18 layer1/liblayer1.a(afc.o)
 .text.afc_reset
                0x0000000000828148       0x18 layer1/liblayer1.a(afc.o)
                0x0000000000828148                afc_reset
 .text.afc_input
                0x0000000000828160       0x2c layer1/liblayer1.a(afc.o)
                0x0000000000828160                afc_input
 .text.afc_load_dsp
                0x000000000082818c       0x2c layer1/liblayer1.a(afc.o)
                0x000000000082818c                afc_load_dsp
 .text.toa_ravg_output
                0x00000000008281b8       0x30 layer1/liblayer1.a(toa.o)
 .text.toa_input
                0x00000000008281e8       0x48 layer1/liblayer1.a(toa.o)
                0x00000000008281e8                toa_input
 .text.toa_reset
                0x0000000000828230       0x1c layer1/liblayer1.a(toa.o)
                0x0000000000828230                toa_reset
 .text.l1s_abort_cmd
                0x000000000082824c       0x58 layer1/liblayer1.a(sync.o)
 .text.l1s_time_inc
                0x00000000008282a4       0xc8 layer1/liblayer1.a(sync.o)
                0x00000000008282a4                l1s_time_inc
 .text.frame_irq
                0x000000000082836c      0x214 layer1/liblayer1.a(sync.o)
 .text.l1s_time_dump
                0x0000000000828580       0x2c layer1/liblayer1.a(sync.o)
                0x0000000000828580                l1s_time_dump
 .text.l1s_snr_int
                0x00000000008285ac        0xc layer1/liblayer1.a(sync.o)
                0x00000000008285ac                l1s_snr_int
 .text.synchronize_tdma
                0x00000000008285b8       0xa8 layer1/liblayer1.a(sync.o)
                0x00000000008285b8                synchronize_tdma
 .text.l1s_reset_hw
                0x0000000000828660       0x7c layer1/liblayer1.a(sync.o)
                0x0000000000828660                l1s_reset_hw
 .text.l1s_compl_sched
                0x00000000008286dc       0x2c layer1/liblayer1.a(sync.o)
                0x00000000008286dc                l1s_compl_sched
 .text.l1s_dsp_abort
                0x0000000000828708       0x2c layer1/liblayer1.a(sync.o)
                0x0000000000828708                l1s_dsp_abort
 .text.l1s_tx_apc_helper
                0x0000000000828734       0x88 layer1/liblayer1.a(sync.o)
                0x0000000000828734                l1s_tx_apc_helper
 .text.l1s_reset
                0x00000000008287bc       0x4c layer1/liblayer1.a(sync.o)
                0x00000000008287bc                l1s_reset
 .text.l1s_init
                0x0000000000828808       0xa8 layer1/liblayer1.a(sync.o)
                0x0000000000828808                l1s_init
 .text.tdma_end_set
                0x00000000008288b0        0x8 layer1/liblayer1.a(tdma_sched.o)
                0x00000000008288b0                tdma_end_set
 .text.tdma_schedule
                0x00000000008288b8       0x98 layer1/liblayer1.a(tdma_sched.o)
                0x00000000008288b8                tdma_schedule
 .text.tdma_schedule_set
                0x0000000000828950       0xf0 layer1/liblayer1.a(tdma_sched.o)
                0x0000000000828950                tdma_schedule_set
 .text.tdma_sched_advance
                0x0000000000828a40       0x24 layer1/liblayer1.a(tdma_sched.o)
                0x0000000000828a40                tdma_sched_advance
 .text.tdma_sched_flag_scan
                0x0000000000828a64       0x4c layer1/liblayer1.a(tdma_sched.o)
                0x0000000000828a64                tdma_sched_flag_scan
 .text.tdma_sched_execute
                0x0000000000828ab0      0x170 layer1/liblayer1.a(tdma_sched.o)
                0x0000000000828ab0                tdma_sched_execute
 .text.tdma_sched_reset
                0x0000000000828c20       0x30 layer1/liblayer1.a(tdma_sched.o)
                0x0000000000828c20                tdma_sched_reset
 .text.tpu_enq_at
                0x0000000000828c50       0x34 layer1/liblayer1.a(tpu_window.o)
 .text._win_cleanup
                0x0000000000828c84       0x64 layer1/liblayer1.a(tpu_window.o)
 .text._win_setup
                0x0000000000828ce8       0x98 layer1/liblayer1.a(tpu_window.o)
 .text.l1s_win_init
                0x0000000000828d80       0x54 layer1/liblayer1.a(tpu_window.o)
                0x0000000000828d80                l1s_win_init
 .text.l1s_rx_win_ctrl
                0x0000000000828dd4       0xbc layer1/liblayer1.a(tpu_window.o)
                0x0000000000828dd4                l1s_rx_win_ctrl
 .text.l1s_tx_win_ctrl
                0x0000000000828e90       0xb0 layer1/liblayer1.a(tpu_window.o)
                0x0000000000828e90                l1s_tx_win_ctrl
 .text.l1s_tx_multi_win_ctrl
                0x0000000000828f40       0xd8 layer1/liblayer1.a(tpu_window.o)
                0x0000000000828f40                l1s_tx_multi_win_ctrl
 .text.tpu_end_scenario
                0x0000000000829018       0x18 layer1/liblayer1.a(tpu_window.o)
                0x0000000000829018                tpu_end_scenario
 .text.rfch_get_params
                0x0000000000829030      0x140 layer1/liblayer1.a(rfch.o)
                0x0000000000829030                rfch_get_params
 .text.apc_tx_dbm2auxapc
                0x0000000000829170       0x48 layer1/liblayer1.a(apc.o)
                0x0000000000829170                apc_tx_dbm2auxapc
 .text.apc_tx_pwrlvl2auxapc
                0x00000000008291b8       0x38 layer1/liblayer1.a(apc.o)
                0x00000000008291b8                apc_tx_pwrlvl2auxapc
 .text.runavg_input
                0x00000000008291f0       0x30 layer1/liblayer1.a(avg.o)
                0x00000000008291f0                runavg_input
 .text.runavg_check_output
                0x0000000000829220       0x64 layer1/liblayer1.a(avg.o)
                0x0000000000829220                runavg_check_output
 .text.skip_atoi
                0x0000000000829284       0x44 lib/libmini.a(vsprintf.o)
 .text.number   0x00000000008292c8      0x254 lib/libmini.a(vsprintf.o)
 .text.vsnprintf
                0x000000000082951c      0x518 lib/libmini.a(vsprintf.o)
                0x000000000082951c                vsnprintf
 .text.snprintf
                0x0000000000829a34       0x24 lib/libmini.a(vsprintf.o)
                0x0000000000829a34                snprintf
 .text.puts     0x0000000000829a58        0x4 lib/libmini.a(vsprintf.o)
                0x0000000000829a58                puts
 .text.strnlen  0x0000000000829a5c       0x28 lib/libmini.a(string.o)
                0x0000000000829a5c                strnlen
 .text.strlen   0x0000000000829a84       0x1c lib/libmini.a(string.o)
                0x0000000000829a84                strlen
 .text.printf   0x0000000000829aa0       0x44 lib/libmini.a(printf.o)
                0x0000000000829aa0                printf
 .text.cons_rb_pull
                0x0000000000829ae4       0x6c lib/libmini.a(console.o)
 .text.__cons_rb_append
                0x0000000000829b50       0x70 lib/libmini.a(console.o)
 .text.cons_bind_uart
                0x0000000000829bc0       0x18 lib/libmini.a(console.o)
                0x0000000000829bc0                cons_bind_uart
 .text.cons_get_uart
                0x0000000000829bd8       0x18 lib/libmini.a(console.o)
                0x0000000000829bd8                cons_get_uart
 .text.cons_init
                0x0000000000829bf0       0x40 lib/libmini.a(console.o)
                0x0000000000829bf0                cons_init
 .text.cons_rb_flush
                0x0000000000829c30       0x58 lib/libmini.a(console.o)
                0x0000000000829c30                cons_rb_flush
 .text.cons_rb_append
                0x0000000000829c88       0xe0 lib/libmini.a(console.o)
                0x0000000000829c88                cons_rb_append
 .text.cons_puts
                0x0000000000829d68       0x74 lib/libmini.a(console.o)
                0x0000000000829d68                cons_puts
 .text.do_global_ctors
                0x0000000000829ddc       0x2c lib/libmini.a(ctors.o)
                0x0000000000829ddc                do_global_ctors
 .text.delay_us
                0x0000000000829e08       0x38 lib/libmini.a(delay.o)
                0x0000000000829e08                delay_us
 .text.delay_ms
                0x0000000000829e40       0x40 lib/libmini.a(delay.o)
                0x0000000000829e40                delay_ms
 .text          0x0000000000829e80      0x130 lib/libmini.a(div64.o)
                0x0000000000829e80                __do_div64
 .text          0x0000000000829fb0      0x3d4 lib/libmini.a(lib1funcs.o)
                0x0000000000829fb0                __udivsi3
                0x0000000000829fb0                __aeabi_uidiv
                0x000000000082a098                __umodsi3
                0x000000000082a154                __aeabi_idiv
                0x000000000082a154                __divsi3
                0x000000000082a26c                __modsi3
                0x000000000082a340                __aeabi_uidivmod
                0x000000000082a358                __aeabi_idivmod
                0x000000000082a380                __div0
 .text          0x000000000082a384      0x29c lib/libmini.a(memcpy.o)
                0x000000000082a384                memcpy
 .text          0x000000000082a620       0xc0 lib/libmini.a(memset.o)
                0x000000000082a640                memset
 .text.sercomm_sendmsg
                0x000000000082a6e0       0x8c comm/libcomm.a(sercomm.o)
                0x000000000082a6e0                sercomm_sendmsg
 .text.sercomm_alloc_msgb.clone.2
                0x000000000082a76c       0x38 comm/libcomm.a(sercomm.o)
 .text.sercomm_bind_uart
                0x000000000082a7a4       0x10 comm/libcomm.a(sercomm.o)
                0x000000000082a7a4                sercomm_bind_uart
 .text.sercomm_get_uart
                0x000000000082a7b4       0x10 comm/libcomm.a(sercomm.o)
                0x000000000082a7b4                sercomm_get_uart
 .text.sercomm_initialized
                0x000000000082a7c4       0x10 comm/libcomm.a(sercomm.o)
                0x000000000082a7c4                sercomm_initialized
 .text.sercomm_tx_queue_depth
                0x000000000082a7d4       0x34 comm/libcomm.a(sercomm.o)
                0x000000000082a7d4                sercomm_tx_queue_depth
 .text.sercomm_drv_pull
                0x000000000082a808      0x118 comm/libcomm.a(sercomm.o)
                0x000000000082a808                sercomm_drv_pull
 .text.sercomm_register_rx_cb
                0x000000000082a920       0x34 comm/libcomm.a(sercomm.o)
                0x000000000082a920                sercomm_register_rx_cb
 .text.sercomm_init
                0x000000000082a954       0x50 comm/libcomm.a(sercomm.o)
                0x000000000082a954                sercomm_init
 .text.sercomm_drv_rx_char
                0x000000000082a9a4      0x1a8 comm/libcomm.a(sercomm.o)
                0x000000000082a9a4                sercomm_drv_rx_char
 .text.raw_puts
                0x000000000082ab4c       0x38 comm/libcomm.a(sercomm_cons.o)
 .text.sercomm_puts
                0x000000000082ab84      0x178 comm/libcomm.a(sercomm_cons.o)
                0x000000000082ab84                sercomm_puts
 .text.sercomm_putchar
                0x000000000082acfc       0x28 comm/libcomm.a(sercomm_cons.o)
                0x000000000082acfc                sercomm_putchar
 .text.timer_irq
                0x000000000082ad24       0x18 comm/libcomm.a(timer.o)
 .text.osmo_timer_del
                0x000000000082ad3c       0x48 comm/libcomm.a(timer.o)
                0x000000000082ad3c                osmo_timer_del
 .text.osmo_timers_update
                0x000000000082ad84       0xdc comm/libcomm.a(timer.o)
                0x000000000082ad84                osmo_timers_update
 .text.timer_init
                0x000000000082ae60       0x6c comm/libcomm.a(timer.o)
                0x000000000082ae60                timer_init
 .text.msgb_alloc
                0x000000000082aecc       0x5c ../../shared/libosmocore/build-target/src/.libs/libosmocore.a(msgb.o)
                0x000000000082aecc                msgb_alloc
 .text.msgb_free
                0x000000000082af28        0x4 ../../shared/libosmocore/build-target/src/.libs/libosmocore.a(msgb.o)
                0x000000000082af28                msgb_free
 .text.msgb_enqueue
                0x000000000082af2c       0x18 ../../shared/libosmocore/build-target/src/.libs/libosmocore.a(msgb.o)
                0x000000000082af2c                msgb_enqueue
 .text.msgb_dequeue
                0x000000000082af44       0x40 ../../shared/libosmocore/build-target/src/.libs/libosmocore.a(msgb.o)
                0x000000000082af44                msgb_dequeue
 .text._osmo_hexdump
                0x000000000082af84       0x90 ../../shared/libosmocore/build-target/src/.libs/libosmocore.a(utils.o)
 .text.osmo_hexdump
                0x000000000082b014       0x1c ../../shared/libosmocore/build-target/src/.libs/libosmocore.a(utils.o)
                0x000000000082b014                osmo_hexdump
 .text.osmo_panic
                0x000000000082b030       0x4c ../../shared/libosmocore/build-target/src/.libs/libosmocore.a(panic.o)
                0x000000000082b030                osmo_panic
 .text.ms_pwr_ctl_lvl
                0x000000000082b07c       0xe0 ../../shared/libosmocore/build-target/src/gsm/.libs/libosmogsm.a(gsm_utils.o)
                0x000000000082b07c                ms_pwr_ctl_lvl
 .text.ms_pwr_dbm
                0x000000000082b15c       0xd0 ../../shared/libosmocore/build-target/src/gsm/.libs/libosmogsm.a(gsm_utils.o)
                0x000000000082b15c                ms_pwr_dbm
 .text.rxlev2dbm
                0x000000000082b22c       0x14 ../../shared/libosmocore/build-target/src/gsm/.libs/libosmogsm.a(gsm_utils.o)
                0x000000000082b22c                rxlev2dbm
 .text.dbm2rxlev
                0x000000000082b240       0x18 ../../shared/libosmocore/build-target/src/gsm/.libs/libosmogsm.a(gsm_utils.o)
                0x000000000082b240                dbm2rxlev
 .text.gsm_arfcn2band
                0x000000000082b258       0xd8 ../../shared/libosmocore/build-target/src/gsm/.libs/libosmogsm.a(gsm_utils.o)
                0x000000000082b258                gsm_arfcn2band
 .text.gsm_arfcn2freq10
                0x000000000082b330      0x168 ../../shared/libosmocore/build-target/src/gsm/.libs/libosmogsm.a(gsm_utils.o)
                0x000000000082b330                gsm_arfcn2freq10
 .text.gsm_fn2gsmtime
                0x000000000082b498       0x5c ../../shared/libosmocore/build-target/src/gsm/.libs/libosmogsm.a(gsm_utils.o)
                0x000000000082b498                gsm_fn2gsmtime
 .text.gsm_gsmtime2fn
                0x000000000082b4f4       0x38 ../../shared/libosmocore/build-target/src/gsm/.libs/libosmogsm.a(gsm_utils.o)
                0x000000000082b4f4                gsm_gsmtime2fn
 .text.dsp_bl_wait_ready
                0x000000000082b52c       0x18 calypso/libcalypso.a(dsp.o)
 .text.dsp_upload_sections_api
                0x000000000082b544       0x88 calypso/libcalypso.a(dsp.o)
 .text.dsp_pre_boot
                0x000000000082b5cc       0x84 calypso/libcalypso.a(dsp.o)
 .text.dsp_dump_version
                0x000000000082b650       0x40 calypso/libcalypso.a(dsp.o)
                0x000000000082b650                dsp_dump_version
 .text.dsp_api_memset
                0x000000000082b690       0x2c calypso/libcalypso.a(dsp.o)
                0x000000000082b690                dsp_api_memset
 .text.dsp_memcpy_to_api
                0x000000000082b6bc       0x8c calypso/libcalypso.a(dsp.o)
                0x000000000082b6bc                dsp_memcpy_to_api
 .text.dsp_memcpy_from_api
                0x000000000082b748       0x94 calypso/libcalypso.a(dsp.o)
                0x000000000082b748                dsp_memcpy_from_api
 .text.dsp_power_on
                0x000000000082b7dc      0x418 calypso/libcalypso.a(dsp.o)
                0x000000000082b7dc                dsp_power_on
 .text.dsp_end_scenario
                0x000000000082bbf4       0x38 calypso/libcalypso.a(dsp.o)
                0x000000000082bbf4                dsp_end_scenario
 .text.dsp_load_rx_task
                0x000000000082bc2c       0x2c calypso/libcalypso.a(dsp.o)
                0x000000000082bc2c                dsp_load_rx_task
 .text.dsp_load_tx_task
                0x000000000082bc58       0x2c calypso/libcalypso.a(dsp.o)
                0x000000000082bc58                dsp_load_tx_task
 .text.dsp_load_tch_param
                0x000000000082bc84       0xd0 calypso/libcalypso.a(dsp.o)
                0x000000000082bc84                dsp_load_tch_param
 .text.dsp_load_ciph_param
                0x000000000082bd54       0x80 calypso/libcalypso.a(dsp.o)
                0x000000000082bd54                dsp_load_ciph_param
 .text._talloc_zero
                0x000000000082bdd4       0xa0 comm/libcomm.a(msgb.o)
                0x000000000082bdd4                _talloc_zero
 .text.talloc_free
                0x000000000082be74        0xc comm/libcomm.a(msgb.o)
                0x000000000082be74                talloc_free
 *(.ramtext*)
 *(.glue_7t)
 .glue_7t       0x0000000000000000        0x0 linker stubs
 *(.glue_7)
 .glue_7        0x0000000000000000        0x0 linker stubs
 *(.vfp11_veneer)
 .vfp11_veneer  0x0000000000000000        0x0 linker stubs
 *(.v4_bx)
 .v4_bx         0x0000000000000000        0x0 linker stubs
                0x000000000082be80                . = ALIGN (0x4)
                0x0000000000820088                PROVIDE (_text_start, LOADADDR (.text))
                0x000000000082be80                PROVIDE (_text_end, (LOADADDR (.text) + SIZEOF (.text)))

.ctors          0x000000000082be80       0x18
                0x000000000082be80        0x4 LONG 0x4 ((SIZEOF (.ctors) / 0x4) - 0x2)
 *(SORT(.ctors))
 .ctors         0x000000000082be84        0x4 layer1/liblayer1.a(prim_rach.o)
 .ctors         0x000000000082be88        0x4 layer1/liblayer1.a(prim_tx_nb.o)
 .ctors         0x000000000082be8c        0x4 layer1/liblayer1.a(prim_fbsb.o)
 .ctors         0x000000000082be90        0x4 layer1/liblayer1.a(prim_tch.o)
                0x000000000082be94        0x4 LONG 0x0
                0x000000000082be80                PROVIDE (_ctor_start, LOADADDR (.ctors))
                0x000000000082be98                PROVIDE (_ctor_end, (LOADADDR (.ctors) + SIZEOF (.ctors)))

.dtors          0x000000000082be98        0x8
                0x000000000082be98        0x4 LONG 0x0 ((SIZEOF (.dtors) / 0x4) - 0x2)
 *(SORT(.dtors))
                0x000000000082be9c        0x4 LONG 0x0
                0x000000000082be98                PROVIDE (_dtor_start, LOADADDR (.dtors))
                0x000000000082bea0                PROVIDE (_dtor_end, (LOADADDR (.dtors) + SIZEOF (.dtors)))
                0x000000000082bea0                . = ALIGN (0x4)

.rodata         0x000000000082bea0     0x32be
 *(.rodata*)
 .rodata.str1.1
                0x000000000082bea0       0xd3 apps/layer1/main.o
 *fill*         0x000000000082bf73        0x1 00
 .rodata        0x000000000082bf74       0x20 abb/twl3025.o
                0x000000000082bf74                twl3025_default_ramp
 .rodata.str1.1
                0x000000000082bf94       0x58 abb/twl3025.o
 .rodata.str1.1
                0x000000000082bfec       0x19 rf/trf6151.o
 .rodata        0x000000000082c005        0x1 board/compal/rffe_dualband.o
                0x000000000082c005                system_inherent_gain
 *fill*         0x000000000082c006        0x2 00
 .rodata        0x000000000082c008       0x44 board/compal/rf_power.o
                0x000000000082c008                dbm2apc_gsm900
                0x000000000082c048                dbm2apc_gsm900_max
 .rodata        0x000000000082c04c       0x18 board/se_j100/init.o
 .rodata        0x000000000082c064      0x4bc fb/helvR08.o
                0x000000000082c064                font_helvR08
 .rodata        0x000000000082c520      0x70c fb/helvB14.o
                0x000000000082c520                font_helvB14
 .rodata        0x000000000082cc2c      0x5b0 fb/c64.o
                0x000000000082cc2c                font_c64
 .rodata        0x000000000082d1dc       0x9c fb/symbols.o
                0x000000000082d1dc                font_symbols
 .rodata        0x000000000082d278       0x9c fb/fb_ssd1963.o
 .rodata.str1.1
                0x000000000082d314       0x26 fb/fb_ssd1963.o
 .rodata.str1.1
                0x000000000082d33a       0x40 calypso/libcalypso.a(clock.o)
 *fill*         0x000000000082d37a        0x2 00
 .rodata        0x000000000082d37c       0x18 calypso/libcalypso.a(irq.o)
 .rodata.str1.1
                0x000000000082d394      0x124 calypso/libcalypso.a(sim.o)
 .rodata.str1.1
                0x000000000082d4b8       0x72 calypso/libcalypso.a(tpu.o)
 .rodata.str1.1
                0x000000000082d52a       0x1c calypso/libcalypso.a(keypad.o)
 .rodata.str1.1
                0x000000000082d546       0xf9 calypso/libcalypso.a(misc.o)
                                         0xfc (size before relaxing)
 .rodata.str1.1
                0x000000000082d63f       0x1f calypso/libcalypso.a(timer.o)
 *fill*         0x000000000082d65e        0x2 00
 .rodata        0x000000000082d660       0x18 calypso/libcalypso.a(uart.o)
 .rodata.str1.1
                0x000000000082d678       0x61 calypso/libcalypso.a(uart.o)
 *fill*         0x000000000082d6d9        0x3 00
 .rodata        0x000000000082d6dc        0xc layer1/liblayer1.a(l23_api.o)
 .rodata.str1.1
                0x000000000082d6e8      0x3db layer1/liblayer1.a(l23_api.o)
                                        0x410 (size before relaxing)
 *fill*         0x000000000082dac3        0x1 00
 .rodata        0x000000000082dac4      0x7d0 layer1/liblayer1.a(mframe_sched.o)
 .rodata        0x000000000082e294       0x90 layer1/liblayer1.a(prim_pm.o)
                0x000000000082e2dc                neigh_pm_sched_set
 .rodata.str1.1
                0x000000000082e324       0x39 layer1/liblayer1.a(prim_pm.o)
                                         0x6c (size before relaxing)
 *fill*         0x000000000082e35d        0x3 00
 .rodata        0x000000000082e360       0x98 layer1/liblayer1.a(prim_rach.o)
                0x000000000082e3b0                rach_sched_set_ul
 .rodata        0x000000000082e3f8       0xb4 layer1/liblayer1.a(prim_tx_nb.o)
                0x000000000082e3f8                nb_sched_set_ul
 .rodata        0x000000000082e4ac       0xb4 layer1/liblayer1.a(prim_rx_nb.o)
                0x000000000082e4ac                nb_sched_set
 .rodata.str1.1
                0x000000000082e560       0x5a layer1/liblayer1.a(prim_rx_nb.o)
                                         0x8d (size before relaxing)
 *fill*         0x000000000082e5ba        0x2 00
 .rodata        0x000000000082e5bc      0x1c8 layer1/liblayer1.a(prim_fbsb.o)
 .rodata.str1.1
                0x000000000082e784      0x17e layer1/liblayer1.a(prim_fbsb.o)
                                        0x1bc (size before relaxing)
 *fill*         0x000000000082e902        0x2 00
 .rodata        0x000000000082e904       0x18 layer1/liblayer1.a(prim_freq.o)
                0x000000000082e904                freq_sched_set
 .rodata.str1.1
                0x000000000082e91c       0x65 layer1/liblayer1.a(prim_freq.o)
 *fill*         0x000000000082e981        0x3 00
 .rodata        0x000000000082e984       0x18 layer1/liblayer1.a(prim_utils.o)
 .rodata        0x000000000082e99c       0xd8 layer1/liblayer1.a(prim_tch.o)
                0x000000000082e99c                tch_sched_set
                0x000000000082e9e4                tch_d_sched_set
                0x000000000082ea2c                tch_a_sched_set
 .rodata.str1.1
                0x000000000082ea74       0x6e layer1/liblayer1.a(prim_tch.o)
                                         0xa1 (size before relaxing)
 *fill*         0x000000000082eae2        0x2 00
 .rodata        0x000000000082eae4      0x134 layer1/liblayer1.a(prim_bts.o)
                0x000000000082ebd0                bts_sched_set
 .rodata.str1.1
                0x0000000000000000       0x33 layer1/liblayer1.a(prim_bts.o)
 .rodata        0x000000000082ec18       0x48 layer1/liblayer1.a(prim_bts_sync.o)
                0x000000000082ec18                bts_sync_sched_set
 .rodata.str1.1
                0x000000000082ec60       0x3c layer1/liblayer1.a(prim_bts_sync.o)
                                         0xb8 (size before relaxing)
 .rodata.str1.1
                0x000000000082ec9c       0x2f layer1/liblayer1.a(toa.o)
 .rodata.str1.1
                0x000000000082eccb       0x88 layer1/liblayer1.a(sync.o)
 .rodata.str1.1
                0x000000000082ed53       0x5e layer1/liblayer1.a(tdma_sched.o)
 *fill*         0x000000000082edb1        0x3 00
 .rodata        0x000000000082edb4        0xc layer1/liblayer1.a(tpu_window.o)
 .rodata        0x000000000082edc0       0x74 layer1/liblayer1.a(rfch.o)
 .rodata        0x000000000082ee34       0x50 lib/libmini.a(vsprintf.o)
 .rodata.str1.1
                0x000000000082ee84        0xb comm/libcomm.a(sercomm.o)
                                         0x71 (size before relaxing)
 .rodata.str1.1
                0x0000000000000000       0x3e comm/libcomm.a(sercomm_cons.o)
 .rodata.str1.1
                0x000000000082ee8f       0x14 ../../shared/libosmocore/build-target/src/.libs/libosmocore.a(utils.o)
                                         0x17 (size before relaxing)
 *fill*         0x000000000082eea3        0x1 00
 .rodata        0x000000000082eea4       0xb0 calypso/libcalypso.a(dsp.o)
 .rodata.str1.1
                0x000000000082ef54      0x1f1 calypso/libcalypso.a(dsp.o)
                                        0x1f8 (size before relaxing)
 .rodata.str1.1
                0x000000000082f145       0x19 comm/libcomm.a(msgb.o)
                0x000000000082bea0                PROVIDE (_rodata_start, LOADADDR (.rodata))
                0x000000000082f15e                PROVIDE (_rodata_end, (LOADADDR (.rodata) + SIZEOF (.rodata)))

.rel.dyn        0x000000000082f160        0x0
 .rel.got       0x0000000000000000        0x0 ../../shared/libosmocore/build-target/src/.libs/libosmocore.a(msgb.o)
                0x000000000082f160                . = ALIGN (0x4)

.data           0x000000000082f160      0x930
 *(.data)
 .data          0x000000000082f160        0x4 apps/layer1/main.o
                0x000000000082f160                hr
 .data          0x000000000082f164       0x1c rf/trf6151.o
                0x000000000082f17c                rf_arfcn
 .data          0x000000000082f180       0x10 fb/font.o
                0x000000000082f180                fb_fonts
 .data          0x000000000082f190       0x48 fb/fb_ssd1963.o
                0x000000000082f190                fb_rgb332
                0x000000000082f194                framebuffer
 .data          0x000000000082f1d8        0x4 calypso/libcalypso.a(tpu.o)
 .data          0x000000000082f1dc        0x8 layer1/liblayer1.a(l23_api.o)
 .data          0x000000000082f1e4       0x10 layer1/liblayer1.a(sched_gsmtime.o)
 .data          0x000000000082f1f4       0x18 layer1/liblayer1.a(prim_utils.o)
 .data          0x000000000082f20c        0xc layer1/liblayer1.a(prim_bts.o)
                0x000000000082f20c                dsp_ext_api
 .data          0x000000000082f218       0x18 layer1/liblayer1.a(afc.o)
 .data          0x000000000082f230       0x14 layer1/liblayer1.a(toa.o)
 .data          0x000000000082f244      0x100 lib/libmini.a(ctype.o)
                0x000000000082f244                _ctype
 .data          0x000000000082f344        0x8 comm/libcomm.a(timer.o)
 .data          0x000000000082f34c      0x744 calypso/libcalypso.a(dsp.o)
                0x000000000082f34c                dsp_api
                0x000000000082f160                PROVIDE (_data_start, LOADADDR (.data))
                0x000000000082fa90                PROVIDE (_data_end, (LOADADDR (.data) + SIZEOF (.data)))
                0x000000000082fa90                . = ALIGN (0x4)

.got            0x000000000082fa90       0x10
 *(.got)
 .got           0x000000000082fa90        0x4 ../../shared/libosmocore/build-target/src/.libs/libosmocore.a(msgb.o)
 *(.got.plt)
 .got.plt       0x000000000082fa94        0xc ../../shared/libosmocore/build-target/src/.libs/libosmocore.a(msgb.o)
                0x000000000082fa94                _GLOBAL_OFFSET_TABLE_
 *(.igot.plt)
 *(.got)
 *(.igot)
                0x000000000082fa90                PROVIDE (_got_start, LOADADDR (.got))
                0x000000000082faa0                PROVIDE (_got_end, (LOADADDR (.got) + SIZEOF (.got)))

.bss            0x000000000082faa0     0x85a4
                0x000000000082faa0                . = ALIGN (0x4)
                0x000000000082faa0                __bss_start = .
 *(.bss)
 .bss           0x000000000082faa0        0x4 apps/layer1/main.o
 .bss           0x000000000082faa4        0x4 abb/twl3025.o
 .bss           0x000000000082faa8        0x4 rf/trf6151.o
 .bss           0x000000000082faac     0x1800 fb/fb_ssd1963.o
 .bss           0x00000000008312ac       0x80 calypso/libcalypso.a(irq.o)
 .bss           0x000000000083132c        0x4 calypso/libcalypso.a(rtc.o)
 .bss           0x0000000000831330      0x138 calypso/libcalypso.a(sim.o)
 .bss           0x0000000000831468        0x2 calypso/libcalypso.a(tsp.o)
 *fill*         0x000000000083146a        0x2 00
 .bss           0x000000000083146c       0x28 calypso/libcalypso.a(keypad.o)
                0x0000000000831478                lastbuttons
                0x000000000083147c                power_hold
 .bss           0x0000000000831494        0x1 calypso/libcalypso.a(uart.o)
 *fill*         0x0000000000831495        0x3 00
 .bss           0x0000000000831498        0x4 layer1/liblayer1.a(l23_api.o)
                0x0000000000831498                l1a_l23_tx_cb
 .bss           0x000000000083149c      0x140 layer1/liblayer1.a(sched_gsmtime.o)
 .bss           0x00000000008315dc        0x4 layer1/liblayer1.a(prim_tx_nb.o)
 .bss           0x00000000008315e0       0x2c layer1/liblayer1.a(prim_rx_nb.o)
 .bss           0x000000000083160c       0x34 layer1/liblayer1.a(prim_fbsb.o)
 .bss           0x0000000000831640       0x78 layer1/liblayer1.a(prim_tch.o)
 .bss           0x00000000008316b8      0x74c layer1/liblayer1.a(prim_bts.o)
 .bss           0x0000000000831e04       0x2c layer1/liblayer1.a(prim_bts_sync.o)
 .bss           0x0000000000831e30        0x8 layer1/liblayer1.a(sync.o)
 .bss           0x0000000000831e38      0x400 lib/libmini.a(printf.o)
 .bss           0x0000000000832238     0x1010 lib/libmini.a(console.o)
 .bss           0x0000000000833248      0x62c comm/libcomm.a(sercomm.o)
 .bss           0x0000000000833874        0x4 comm/libcomm.a(sercomm_cons.o)
 .bss           0x0000000000833878     0x1100 ../../shared/libosmocore/build-target/src/.libs/libosmocore.a(utils.o)
 .bss           0x0000000000834978        0x4 ../../shared/libosmocore/build-target/src/.libs/libosmocore.a(panic.o)
 .bss           0x000000000083497c     0x2980 comm/libcomm.a(msgb.o)
 COMMON         0x00000000008372fc        0x8 layer1/liblayer1.a(prim_rach.o)
                0x00000000008372fc                last_rach
 COMMON         0x0000000000837304      0xd38 layer1/liblayer1.a(sync.o)
                0x0000000000837304                l1s
 COMMON         0x000000000083803c        0x4 comm/libcomm.a(timer.o)
                0x000000000083803c                jiffies
 COMMON         0x0000000000838040        0x4 ../../shared/libosmocore/build-target/src/.libs/libosmocore.a(msgb.o)
                0x0000000000838040                tall_msgb_ctx
                0x0000000000838044                . = ALIGN (0x4)
                0x0000000000838044                __bss_end = .
                0x000000000082faa0                PROVIDE (_bss_start, __bss_start)
                0x0000000000838044                PROVIDE (_bss_end, __bss_end)
                0x0000000000838044                . = ALIGN (0x4)
                0x0000000000838044                _end = .
                0x0000000000838044                PROVIDE (end, .)
START GROUP
LOAD apps/layer1/main.o
LOAD abb/twl3025.o
LOAD rf/trf6151.o
LOAD flash/cfi_flash.o
LOAD board/common/calypso_uart.o
LOAD board/common/calypso_pwl.o
LOAD board/compal/rffe_dualband.o
LOAD board/compal/rf_power.o
LOAD board/se_j100/init.o
LOAD battery/dummy.o
LOAD fb/framebuffer.o
LOAD fb/font.o
LOAD fb/helvR08.o
LOAD fb/helvB14.o
LOAD fb/c64.o
LOAD fb/symbols.o
LOAD fb/fb_rgb332.o
LOAD fb/fb_ssd1963.o
LOAD board/compal/start.ram.o
LOAD board/compal/exceptions_redirected.o
LOAD board/compal/handlers.o
LOAD board/se_j100/layer1.highram.manifest.o
LOAD calypso/libcalypso.a
LOAD layer1/liblayer1.a
LOAD lib/libmini.a
LOAD comm/libcomm.a
LOAD ../../shared/libosmocore/build-target/src/.libs/libosmocore.a
LOAD ../../shared/libosmocore/build-target/src/gsm/.libs/libosmogsm.a
END GROUP
OUTPUT(board/se_j100/layer1.highram.elf elf32-littlearm)

.debug_abbrev   0x0000000000000000     0x7896
 .debug_abbrev  0x0000000000000000      0x229 apps/layer1/main.o
 .debug_abbrev  0x0000000000000229      0x2b1 abb/twl3025.o
 .debug_abbrev  0x00000000000004da      0x2df rf/trf6151.o
 .debug_abbrev  0x00000000000007b9      0x324 flash/cfi_flash.o
 .debug_abbrev  0x0000000000000add      0x121 board/compal/rffe_dualband.o
 .debug_abbrev  0x0000000000000bfe       0x72 board/compal/rf_power.o
 .debug_abbrev  0x0000000000000c70      0x15b board/se_j100/init.o
 .debug_abbrev  0x0000000000000dcb       0x8c battery/dummy.o
 .debug_abbrev  0x0000000000000e57       0xc0 fb/framebuffer.o
 .debug_abbrev  0x0000000000000f17       0xd9 fb/font.o
 .debug_abbrev  0x0000000000000ff0       0xaf fb/helvR08.o
 .debug_abbrev  0x000000000000109f       0xaf fb/helvB14.o
 .debug_abbrev  0x000000000000114e       0xaf fb/c64.o
 .debug_abbrev  0x00000000000011fd       0x97 fb/symbols.o
 .debug_abbrev  0x0000000000001294      0x29f fb/fb_rgb332.o
 .debug_abbrev  0x0000000000001533      0x184 fb/fb_ssd1963.o
 .debug_abbrev  0x00000000000016b7       0x40 board/se_j100/layer1.highram.manifest.o
 .debug_abbrev  0x00000000000016f7      0x154 calypso/libcalypso.a(clock.o)
 .debug_abbrev  0x000000000000184b       0x43 calypso/libcalypso.a(dma.o)
 .debug_abbrev  0x000000000000188e      0x198 calypso/libcalypso.a(irq.o)
 .debug_abbrev  0x0000000000001a26       0x8c calypso/libcalypso.a(rtc.o)
 .debug_abbrev  0x0000000000001ab2      0x2e4 calypso/libcalypso.a(sim.o)
 .debug_abbrev  0x0000000000001d96       0xd0 calypso/libcalypso.a(spi.o)
 .debug_abbrev  0x0000000000001e66      0x27c calypso/libcalypso.a(tpu.o)
 .debug_abbrev  0x00000000000020e2      0x127 calypso/libcalypso.a(tsp.o)
 .debug_abbrev  0x0000000000002209      0x164 calypso/libcalypso.a(keypad.o)
 .debug_abbrev  0x000000000000236d       0xaa calypso/libcalypso.a(misc.o)
 .debug_abbrev  0x0000000000002417      0x10b calypso/libcalypso.a(timer.o)
 .debug_abbrev  0x0000000000002522       0xaa calypso/libcalypso.a(backlight.o)
 .debug_abbrev  0x00000000000025cc      0x1f6 calypso/libcalypso.a(uart.o)
 .debug_abbrev  0x00000000000027c2       0xf4 calypso/libcalypso.a(uwire.o)
 .debug_abbrev  0x00000000000028b6       0x78 calypso/libcalypso.a(arm.o)
 .debug_abbrev  0x000000000000292e       0xa2 layer1/liblayer1.a(init.o)
 .debug_abbrev  0x00000000000029d0      0x4ca layer1/liblayer1.a(l23_api.o)
 .debug_abbrev  0x0000000000002e9a      0x271 layer1/liblayer1.a(mframe_sched.o)
 .debug_abbrev  0x000000000000310b      0x1c5 layer1/liblayer1.a(sched_gsmtime.o)
 .debug_abbrev  0x00000000000032d0      0x240 layer1/liblayer1.a(async.o)
 .debug_abbrev  0x0000000000003510       0x9d layer1/liblayer1.a(trx_dummy.o)
 .debug_abbrev  0x00000000000035ad      0x332 layer1/liblayer1.a(prim_pm.o)
 .debug_abbrev  0x00000000000038df      0x2c5 layer1/liblayer1.a(prim_rach.o)
 .debug_abbrev  0x0000000000003ba4      0x2dc layer1/liblayer1.a(prim_tx_nb.o)
 .debug_abbrev  0x0000000000003e80      0x2cb layer1/liblayer1.a(prim_rx_nb.o)
 .debug_abbrev  0x000000000000414b      0x3f2 layer1/liblayer1.a(prim_fbsb.o)
 .debug_abbrev  0x000000000000453d      0x1dc layer1/liblayer1.a(prim_freq.o)
 .debug_abbrev  0x0000000000004719      0x195 layer1/liblayer1.a(prim_utils.o)
 .debug_abbrev  0x00000000000048ae      0x42b layer1/liblayer1.a(prim_tch.o)
 .debug_abbrev  0x0000000000004cd9      0x3af layer1/liblayer1.a(prim_bts.o)
 .debug_abbrev  0x0000000000005088      0x319 layer1/liblayer1.a(prim_bts_sync.o)
 .debug_abbrev  0x00000000000053a1       0xbf layer1/liblayer1.a(agc.o)
 .debug_abbrev  0x0000000000005460      0x1b3 layer1/liblayer1.a(afc.o)
 .debug_abbrev  0x0000000000005613      0x1b8 layer1/liblayer1.a(toa.o)
 .debug_abbrev  0x00000000000057cb      0x383 layer1/liblayer1.a(sync.o)
 .debug_abbrev  0x0000000000005b4e      0x2c6 layer1/liblayer1.a(tdma_sched.o)
 .debug_abbrev  0x0000000000005e14      0x273 layer1/liblayer1.a(tpu_window.o)
 .debug_abbrev  0x0000000000006087      0x206 layer1/liblayer1.a(rfch.o)
 .debug_abbrev  0x000000000000628d       0xd6 layer1/liblayer1.a(apc.o)
 .debug_abbrev  0x0000000000006363       0xea layer1/liblayer1.a(avg.o)
 .debug_abbrev  0x000000000000644d      0x213 lib/libmini.a(vsprintf.o)
 .debug_abbrev  0x0000000000006660       0xae lib/libmini.a(string.o)
 .debug_abbrev  0x000000000000670e       0x53 lib/libmini.a(ctype.o)
 .debug_abbrev  0x0000000000006761       0xaf lib/libmini.a(printf.o)
 .debug_abbrev  0x0000000000006810      0x20b lib/libmini.a(console.o)
 .debug_abbrev  0x0000000000006a1b       0x7a lib/libmini.a(ctors.o)
 .debug_abbrev  0x0000000000006a95       0x81 lib/libmini.a(delay.o)
 .debug_abbrev  0x0000000000006b16      0x350 comm/libcomm.a(sercomm.o)
 .debug_abbrev  0x0000000000006e66      0x24e comm/libcomm.a(sercomm_cons.o)
 .debug_abbrev  0x00000000000070b4      0x237 comm/libcomm.a(timer.o)
 .debug_abbrev  0x00000000000072eb      0x422 calypso/libcalypso.a(dsp.o)
 .debug_abbrev  0x000000000000770d      0x189 comm/libcomm.a(msgb.o)

.debug_info     0x0000000000000000    0x295ec
 .debug_info    0x0000000000000000      0x682 apps/layer1/main.o
 .debug_info    0x0000000000000682      0x784 abb/twl3025.o
 .debug_info    0x0000000000000e06      0xa18 rf/trf6151.o
 .debug_info    0x000000000000181e      0xa9e flash/cfi_flash.o
 .debug_info    0x00000000000022bc      0x2ab board/compal/rffe_dualband.o
 .debug_info    0x0000000000002567       0xce board/compal/rf_power.o
 .debug_info    0x0000000000002635      0x438 board/se_j100/init.o
 .debug_info    0x0000000000002a6d       0xdb battery/dummy.o
 .debug_info    0x0000000000002b48      0x1f4 fb/framebuffer.o
 .debug_info    0x0000000000002d3c      0x275 fb/font.o
 .debug_info    0x0000000000002fb1      0x17f fb/helvR08.o
 .debug_info    0x0000000000003130      0x17f fb/helvB14.o
 .debug_info    0x00000000000032af      0x17f fb/c64.o
 .debug_info    0x000000000000342e      0x17c fb/symbols.o
 .debug_info    0x00000000000035aa      0x8fe fb/fb_rgb332.o
 .debug_info    0x0000000000003ea8      0x4a0 fb/fb_ssd1963.o
 .debug_info    0x0000000000004348       0x80 board/se_j100/layer1.highram.manifest.o
 .debug_info    0x00000000000043c8      0x44d calypso/libcalypso.a(clock.o)
 .debug_info    0x0000000000004815       0x57 calypso/libcalypso.a(dma.o)
 .debug_info    0x000000000000486c      0x480 calypso/libcalypso.a(irq.o)
 .debug_info    0x0000000000004cec      0x1d1 calypso/libcalypso.a(rtc.o)
 .debug_info    0x0000000000004ebd      0xb3e calypso/libcalypso.a(sim.o)
 .debug_info    0x00000000000059fb      0x188 calypso/libcalypso.a(spi.o)
 .debug_info    0x0000000000005b83      0x57d calypso/libcalypso.a(tpu.o)
 .debug_info    0x0000000000006100      0x35d calypso/libcalypso.a(tsp.o)
 .debug_info    0x000000000000645d      0x461 calypso/libcalypso.a(keypad.o)
 .debug_info    0x00000000000068be      0x11c calypso/libcalypso.a(misc.o)
 .debug_info    0x00000000000069da      0x320 calypso/libcalypso.a(timer.o)
 .debug_info    0x0000000000006cfa       0xf9 calypso/libcalypso.a(backlight.o)
 .debug_info    0x0000000000006df3      0x719 calypso/libcalypso.a(uart.o)
 .debug_info    0x000000000000750c      0x16f calypso/libcalypso.a(uwire.o)
 .debug_info    0x000000000000767b       0x91 calypso/libcalypso.a(arm.o)
 .debug_info    0x000000000000770c      0x27b layer1/liblayer1.a(init.o)
 .debug_info    0x0000000000007987     0x2419 layer1/liblayer1.a(l23_api.o)
 .debug_info    0x0000000000009da0      0xf19 layer1/liblayer1.a(mframe_sched.o)
 .debug_info    0x000000000000acb9      0x75d layer1/liblayer1.a(sched_gsmtime.o)
 .debug_info    0x000000000000b416      0xc9d layer1/liblayer1.a(async.o)
 .debug_info    0x000000000000c0b3      0x135 layer1/liblayer1.a(trx_dummy.o)
 .debug_info    0x000000000000c1e8     0x2122 layer1/liblayer1.a(prim_pm.o)
 .debug_info    0x000000000000e30a     0x1e8b layer1/liblayer1.a(prim_rach.o)
 .debug_info    0x0000000000010195     0x1e1d layer1/liblayer1.a(prim_tx_nb.o)
 .debug_info    0x0000000000011fb2     0x2104 layer1/liblayer1.a(prim_rx_nb.o)
 .debug_info    0x00000000000140b6     0x2556 layer1/liblayer1.a(prim_fbsb.o)
 .debug_info    0x000000000001660c      0xa1c layer1/liblayer1.a(prim_freq.o)
 .debug_info    0x0000000000017028      0x9a8 layer1/liblayer1.a(prim_utils.o)
 .debug_info    0x00000000000179d0     0x28c9 layer1/liblayer1.a(prim_tch.o)
 .debug_info    0x000000000001a299     0x23f5 layer1/liblayer1.a(prim_bts.o)
 .debug_info    0x000000000001c68e     0x21cc layer1/liblayer1.a(prim_bts_sync.o)
 .debug_info    0x000000000001e85a      0x12c layer1/liblayer1.a(agc.o)
 .debug_info    0x000000000001e986     0x147b layer1/liblayer1.a(afc.o)
 .debug_info    0x000000000001fe01      0x938 layer1/liblayer1.a(toa.o)
 .debug_info    0x0000000000020739     0x21f4 layer1/liblayer1.a(sync.o)
 .debug_info    0x000000000002292d      0xcba layer1/liblayer1.a(tdma_sched.o)
 .debug_info    0x00000000000235e7      0xcd4 layer1/liblayer1.a(tpu_window.o)
 .debug_info    0x00000000000242bb      0x9b9 layer1/liblayer1.a(rfch.o)
 .debug_info    0x0000000000024c74      0x1ab layer1/liblayer1.a(apc.o)
 .debug_info    0x0000000000024e1f      0x198 layer1/liblayer1.a(avg.o)
 .debug_info    0x0000000000024fb7      0x9fa lib/libmini.a(vsprintf.o)
 .debug_info    0x00000000000259b1      0x131 lib/libmini.a(string.o)
 .debug_info    0x0000000000025ae2       0x63 lib/libmini.a(ctype.o)
 .debug_info    0x0000000000025b45      0x109 lib/libmini.a(printf.o)
 .debug_info    0x0000000000025c4e      0x3a5 lib/libmini.a(console.o)
 .debug_info    0x0000000000025ff3       0xab lib/libmini.a(ctors.o)
 .debug_info    0x000000000002609e       0x9a lib/libmini.a(delay.o)
 .debug_info    0x0000000000026138      0x949 comm/libcomm.a(sercomm.o)
 .debug_info    0x0000000000026a81      0x589 comm/libcomm.a(sercomm_cons.o)
 .debug_info    0x000000000002700a      0x5ca comm/libcomm.a(timer.o)
 .debug_info    0x00000000000275d4     0x1ced calypso/libcalypso.a(dsp.o)
 .debug_info    0x00000000000292c1      0x32b comm/libcomm.a(msgb.o)

.debug_line     0x0000000000000000     0x7b54
 .debug_line    0x0000000000000000      0x1e4 apps/layer1/main.o
 .debug_line    0x00000000000001e4      0x2c4 abb/twl3025.o
 .debug_line    0x00000000000004a8      0x370 rf/trf6151.o
 .debug_line    0x0000000000000818      0x1d8 flash/cfi_flash.o
 .debug_line    0x00000000000009f0      0x19b board/compal/rffe_dualband.o
 .debug_line    0x0000000000000b8b       0x8f board/compal/rf_power.o
 .debug_line    0x0000000000000c1a      0x15e board/se_j100/init.o
 .debug_line    0x0000000000000d78       0x5c battery/dummy.o
 .debug_line    0x0000000000000dd4       0x9a fb/framebuffer.o
 .debug_line    0x0000000000000e6e       0xb6 fb/font.o
 .debug_line    0x0000000000000f24       0x99 fb/helvR08.o
 .debug_line    0x0000000000000fbd       0x99 fb/helvB14.o
 .debug_line    0x0000000000001056       0x95 fb/c64.o
 .debug_line    0x00000000000010eb       0x99 fb/symbols.o
 .debug_line    0x0000000000001184      0x2c1 fb/fb_rgb332.o
 .debug_line    0x0000000000001445      0x169 fb/fb_ssd1963.o
 .debug_line    0x00000000000015ae       0x31 board/se_j100/layer1.highram.manifest.o
 .debug_line    0x00000000000015df      0x19d calypso/libcalypso.a(clock.o)
 .debug_line    0x000000000000177c       0x3f calypso/libcalypso.a(dma.o)
 .debug_line    0x00000000000017bb      0x18b calypso/libcalypso.a(irq.o)
 .debug_line    0x0000000000001946       0x6f calypso/libcalypso.a(rtc.o)
 .debug_line    0x00000000000019b5      0x369 calypso/libcalypso.a(sim.o)
 .debug_line    0x0000000000001d1e       0xe1 calypso/libcalypso.a(spi.o)
 .debug_line    0x0000000000001dff      0x275 calypso/libcalypso.a(tpu.o)
 .debug_line    0x0000000000002074      0x185 calypso/libcalypso.a(tsp.o)
 .debug_line    0x00000000000021f9      0x195 calypso/libcalypso.a(keypad.o)
 .debug_line    0x000000000000238e       0x8c calypso/libcalypso.a(misc.o)
 .debug_line    0x000000000000241a      0x156 calypso/libcalypso.a(timer.o)
 .debug_line    0x0000000000002570       0xc4 calypso/libcalypso.a(backlight.o)
 .debug_line    0x0000000000002634      0x28c calypso/libcalypso.a(uart.o)
 .debug_line    0x00000000000028c0      0x10a calypso/libcalypso.a(uwire.o)
 .debug_line    0x00000000000029ca       0x4f calypso/libcalypso.a(arm.o)
 .debug_line    0x0000000000002a19       0x97 layer1/liblayer1.a(init.o)
 .debug_line    0x0000000000002ab0      0x628 layer1/liblayer1.a(l23_api.o)
 .debug_line    0x00000000000030d8      0x225 layer1/liblayer1.a(mframe_sched.o)
 .debug_line    0x00000000000032fd      0x249 layer1/liblayer1.a(sched_gsmtime.o)
 .debug_line    0x0000000000003546      0x283 layer1/liblayer1.a(async.o)
 .debug_line    0x00000000000037c9       0xba layer1/liblayer1.a(trx_dummy.o)
 .debug_line    0x0000000000003883      0x2dd layer1/liblayer1.a(prim_pm.o)
 .debug_line    0x0000000000003b60      0x24f layer1/liblayer1.a(prim_rach.o)
 .debug_line    0x0000000000003daf      0x26a layer1/liblayer1.a(prim_tx_nb.o)
 .debug_line    0x0000000000004019      0x2d9 layer1/liblayer1.a(prim_rx_nb.o)
 .debug_line    0x00000000000042f2      0x42b layer1/liblayer1.a(prim_fbsb.o)
 .debug_line    0x000000000000471d      0x18c layer1/liblayer1.a(prim_freq.o)
 .debug_line    0x00000000000048a9      0x182 layer1/liblayer1.a(prim_utils.o)
 .debug_line    0x0000000000004a2b      0x53a layer1/liblayer1.a(prim_tch.o)
 .debug_line    0x0000000000004f65      0x3a4 layer1/liblayer1.a(prim_bts.o)
 .debug_line    0x0000000000005309      0x2b8 layer1/liblayer1.a(prim_bts_sync.o)
 .debug_line    0x00000000000055c1       0xc5 layer1/liblayer1.a(agc.o)
 .debug_line    0x0000000000005686      0x17c layer1/liblayer1.a(afc.o)
 .debug_line    0x0000000000005802      0x187 layer1/liblayer1.a(toa.o)
 .debug_line    0x0000000000005989      0x3a4 layer1/liblayer1.a(sync.o)
 .debug_line    0x0000000000005d2d      0x2e2 layer1/liblayer1.a(tdma_sched.o)
 .debug_line    0x000000000000600f      0x2ea layer1/liblayer1.a(tpu_window.o)
 .debug_line    0x00000000000062f9      0x198 layer1/liblayer1.a(rfch.o)
 .debug_line    0x0000000000006491       0xee layer1/liblayer1.a(apc.o)
 .debug_line    0x000000000000657f       0xcf layer1/liblayer1.a(avg.o)
 .debug_line    0x000000000000664e      0x573 lib/libmini.a(vsprintf.o)
 .debug_line    0x0000000000006bc1       0xb2 lib/libmini.a(string.o)
 .debug_line    0x0000000000006c73       0x3f lib/libmini.a(ctype.o)
 .debug_line    0x0000000000006cb2       0x80 lib/libmini.a(printf.o)
 .debug_line    0x0000000000006d32      0x149 lib/libmini.a(console.o)
 .debug_line    0x0000000000006e7b       0x47 lib/libmini.a(ctors.o)
 .debug_line    0x0000000000006ec2       0x66 lib/libmini.a(delay.o)
 .debug_line    0x0000000000006f28      0x2be comm/libcomm.a(sercomm.o)
 .debug_line    0x00000000000071e6      0x199 comm/libcomm.a(sercomm_cons.o)
 .debug_line    0x000000000000737f      0x1ad comm/libcomm.a(timer.o)
 .debug_line    0x000000000000752c      0x527 calypso/libcalypso.a(dsp.o)
 .debug_line    0x0000000000007a53      0x101 comm/libcomm.a(msgb.o)

.debug_loc      0x0000000000000000     0xae67
 .debug_loc     0x0000000000000000      0x115 apps/layer1/main.o
 .debug_loc     0x0000000000000115      0x413 abb/twl3025.o
 .debug_loc     0x0000000000000528      0x784 rf/trf6151.o
 .debug_loc     0x0000000000000cac      0x60c flash/cfi_flash.o
 .debug_loc     0x00000000000012b8      0x153 board/compal/rffe_dualband.o
 .debug_loc     0x000000000000140b       0x9e board/se_j100/init.o
 .debug_loc     0x00000000000014a9       0x4f fb/font.o
 .debug_loc     0x00000000000014f8      0x746 fb/fb_rgb332.o
 .debug_loc     0x0000000000001c3e      0x151 fb/fb_ssd1963.o
 .debug_loc     0x0000000000001d8f      0x297 calypso/libcalypso.a(clock.o)
 .debug_loc     0x0000000000002026      0x215 calypso/libcalypso.a(irq.o)
 .debug_loc     0x000000000000223b       0x20 calypso/libcalypso.a(rtc.o)
 .debug_loc     0x000000000000225b      0x420 calypso/libcalypso.a(sim.o)
 .debug_loc     0x000000000000267b      0x155 calypso/libcalypso.a(spi.o)
 .debug_loc     0x00000000000027d0      0x31e calypso/libcalypso.a(tpu.o)
 .debug_loc     0x0000000000002aee      0x153 calypso/libcalypso.a(tsp.o)
 .debug_loc     0x0000000000002c41      0x174 calypso/libcalypso.a(keypad.o)
 .debug_loc     0x0000000000002db5       0xfa calypso/libcalypso.a(misc.o)
 .debug_loc     0x0000000000002eaf      0x154 calypso/libcalypso.a(timer.o)
 .debug_loc     0x0000000000003003       0x44 calypso/libcalypso.a(backlight.o)
 .debug_loc     0x0000000000003047      0x4b2 calypso/libcalypso.a(uart.o)
 .debug_loc     0x00000000000034f9       0xef calypso/libcalypso.a(uwire.o)
 .debug_loc     0x00000000000035e8       0x3e layer1/liblayer1.a(init.o)
 .debug_loc     0x0000000000003626      0xcdc layer1/liblayer1.a(l23_api.o)
 .debug_loc     0x0000000000004302      0x1d9 layer1/liblayer1.a(mframe_sched.o)
 .debug_loc     0x00000000000044db      0x6d7 layer1/liblayer1.a(sched_gsmtime.o)
 .debug_loc     0x0000000000004bb2      0x1cc layer1/liblayer1.a(async.o)
 .debug_loc     0x0000000000004d7e       0x26 layer1/liblayer1.a(trx_dummy.o)
 .debug_loc     0x0000000000004da4      0x347 layer1/liblayer1.a(prim_pm.o)
 .debug_loc     0x00000000000050eb      0x19c layer1/liblayer1.a(prim_rach.o)
 .debug_loc     0x0000000000005287      0x22c layer1/liblayer1.a(prim_tx_nb.o)
 .debug_loc     0x00000000000054b3      0x35d layer1/liblayer1.a(prim_rx_nb.o)
 .debug_loc     0x0000000000005810      0x586 layer1/liblayer1.a(prim_fbsb.o)
 .debug_loc     0x0000000000005d96       0xdb layer1/liblayer1.a(prim_freq.o)
 .debug_loc     0x0000000000005e71       0x13 layer1/liblayer1.a(prim_utils.o)
 .debug_loc     0x0000000000005e84      0xb7c layer1/liblayer1.a(prim_tch.o)
 .debug_loc     0x0000000000006a00      0x5c3 layer1/liblayer1.a(prim_bts.o)
 .debug_loc     0x0000000000006fc3      0x311 layer1/liblayer1.a(prim_bts_sync.o)
 .debug_loc     0x00000000000072d4       0x82 layer1/liblayer1.a(agc.o)
 .debug_loc     0x0000000000007356       0xf2 layer1/liblayer1.a(afc.o)
 .debug_loc     0x0000000000007448       0xce layer1/liblayer1.a(toa.o)
 .debug_loc     0x0000000000007516      0x39a layer1/liblayer1.a(sync.o)
 .debug_loc     0x00000000000078b0      0x4e0 layer1/liblayer1.a(tdma_sched.o)
 .debug_loc     0x0000000000007d90      0x3ea layer1/liblayer1.a(tpu_window.o)
 .debug_loc     0x000000000000817a      0x195 layer1/liblayer1.a(rfch.o)
 .debug_loc     0x000000000000830f       0xa0 layer1/liblayer1.a(apc.o)
 .debug_loc     0x00000000000083af       0x6e layer1/liblayer1.a(avg.o)
 .debug_loc     0x000000000000841d     0x1604 lib/libmini.a(vsprintf.o)
 .debug_loc     0x0000000000009a21       0x8b lib/libmini.a(string.o)
 .debug_loc     0x0000000000009aac       0x4a lib/libmini.a(printf.o)
 .debug_loc     0x0000000000009af6      0x23b lib/libmini.a(console.o)
 .debug_loc     0x0000000000009d31       0x7b lib/libmini.a(ctors.o)
 .debug_loc     0x0000000000009dac       0xa9 lib/libmini.a(delay.o)
 .debug_loc     0x0000000000009e55      0x2fc comm/libcomm.a(sercomm.o)
 .debug_loc     0x000000000000a151      0x2ea comm/libcomm.a(sercomm_cons.o)
 .debug_loc     0x000000000000a43b      0x291 comm/libcomm.a(timer.o)
 .debug_loc     0x000000000000a6cc      0x724 calypso/libcalypso.a(dsp.o)
 .debug_loc     0x000000000000adf0       0x77 comm/libcomm.a(msgb.o)

.debug_pubnames
                0x0000000000000000     0x1b97
 .debug_pubnames
                0x0000000000000000       0x22 apps/layer1/main.o
 .debug_pubnames
                0x0000000000000022      0x13c abb/twl3025.o
 .debug_pubnames
                0x000000000000015e      0x164 rf/trf6151.o
 .debug_pubnames
                0x00000000000002c2       0xa6 flash/cfi_flash.o
 .debug_pubnames
                0x0000000000000368       0xd6 board/compal/rffe_dualband.o
 .debug_pubnames
                0x000000000000043e       0x3c board/compal/rf_power.o
 .debug_pubnames
                0x000000000000047a       0x21 board/se_j100/init.o
 .debug_pubnames
                0x000000000000049b       0x3a battery/dummy.o
 .debug_pubnames
                0x00000000000004d5       0x34 fb/font.o
 .debug_pubnames
                0x0000000000000509       0x23 fb/helvR08.o
 .debug_pubnames
                0x000000000000052c       0x23 fb/helvB14.o
 .debug_pubnames
                0x000000000000054f       0x1f fb/c64.o
 .debug_pubnames
                0x000000000000056e       0x23 fb/symbols.o
 .debug_pubnames
                0x0000000000000591       0x64 fb/fb_rgb332.o
 .debug_pubnames
                0x00000000000005f5       0x30 fb/fb_ssd1963.o
 .debug_pubnames
                0x0000000000000625       0x6d board/se_j100/layer1.highram.manifest.o
 .debug_pubnames
                0x0000000000000692       0xd0 calypso/libcalypso.a(clock.o)
 .debug_pubnames
                0x0000000000000762       0x1f calypso/libcalypso.a(dma.o)
 .debug_pubnames
                0x0000000000000781       0x95 calypso/libcalypso.a(irq.o)
 .debug_pubnames
                0x0000000000000816       0x1f calypso/libcalypso.a(rtc.o)
 .debug_pubnames
                0x0000000000000835       0xe9 calypso/libcalypso.a(sim.o)
 .debug_pubnames
                0x000000000000091e       0x2c calypso/libcalypso.a(spi.o)
 .debug_pubnames
                0x000000000000094a      0x12d calypso/libcalypso.a(tpu.o)
 .debug_pubnames
                0x0000000000000a77       0x9a calypso/libcalypso.a(tsp.o)
 .debug_pubnames
                0x0000000000000b11       0x8a calypso/libcalypso.a(keypad.o)
 .debug_pubnames
                0x0000000000000b9b       0x41 calypso/libcalypso.a(misc.o)
 .debug_pubnames
                0x0000000000000bdc       0x8a calypso/libcalypso.a(timer.o)
 .debug_pubnames
                0x0000000000000c66       0x2f calypso/libcalypso.a(backlight.o)
 .debug_pubnames
                0x0000000000000c95       0xa3 calypso/libcalypso.a(uart.o)
 .debug_pubnames
                0x0000000000000d38       0x30 calypso/libcalypso.a(uwire.o)
 .debug_pubnames
                0x0000000000000d68       0x47 calypso/libcalypso.a(arm.o)
 .debug_pubnames
                0x0000000000000daf       0x22 layer1/liblayer1.a(init.o)
 .debug_pubnames
                0x0000000000000dd1       0xac layer1/liblayer1.a(l23_api.o)
 .debug_pubnames
                0x0000000000000e7d       0x83 layer1/liblayer1.a(mframe_sched.o)
 .debug_pubnames
                0x0000000000000f00       0x6d layer1/liblayer1.a(sched_gsmtime.o)
 .debug_pubnames
                0x0000000000000f6d       0xfa layer1/liblayer1.a(async.o)
 .debug_pubnames
                0x0000000000001067       0x43 layer1/liblayer1.a(trx_dummy.o)
 .debug_pubnames
                0x00000000000010aa       0x39 layer1/liblayer1.a(prim_pm.o)
 .debug_pubnames
                0x00000000000010e3       0x47 layer1/liblayer1.a(prim_rach.o)
 .debug_pubnames
                0x000000000000112a       0x36 layer1/liblayer1.a(prim_tx_nb.o)
 .debug_pubnames
                0x0000000000001160       0x23 layer1/liblayer1.a(prim_rx_nb.o)
 .debug_pubnames
                0x0000000000001183       0x33 layer1/liblayer1.a(prim_fbsb.o)
 .debug_pubnames
                0x00000000000011b6       0x44 layer1/liblayer1.a(prim_freq.o)
 .debug_pubnames
                0x00000000000011fa       0x55 layer1/liblayer1.a(prim_utils.o)
 .debug_pubnames
                0x000000000000124f       0x4c layer1/liblayer1.a(prim_tch.o)
 .debug_pubnames
                0x000000000000129b       0x34 layer1/liblayer1.a(prim_bts.o)
 .debug_pubnames
                0x00000000000012cf       0x29 layer1/liblayer1.a(prim_bts_sync.o)
 .debug_pubnames
                0x00000000000012f8       0x3c layer1/liblayer1.a(agc.o)
 .debug_pubnames
                0x0000000000001334       0x4f layer1/liblayer1.a(afc.o)
 .debug_pubnames
                0x0000000000001383       0x2e layer1/liblayer1.a(toa.o)
 .debug_pubnames
                0x00000000000013b1       0xeb layer1/liblayer1.a(sync.o)
 .debug_pubnames
                0x000000000000149c       0xbb layer1/liblayer1.a(tdma_sched.o)
 .debug_pubnames
                0x0000000000001557       0x7a layer1/liblayer1.a(tpu_window.o)
 .debug_pubnames
                0x00000000000015d1       0x26 layer1/liblayer1.a(rfch.o)
 .debug_pubnames
                0x00000000000015f7       0x41 layer1/liblayer1.a(apc.o)
 .debug_pubnames
                0x0000000000001638       0x3b layer1/liblayer1.a(avg.o)
 .debug_pubnames
                0x0000000000001673       0xb3 lib/libmini.a(vsprintf.o)
 .debug_pubnames
                0x0000000000001726       0x29 lib/libmini.a(string.o)
 .debug_pubnames
                0x000000000000174f       0x1d lib/libmini.a(ctype.o)
 .debug_pubnames
                0x000000000000176c       0x1d lib/libmini.a(printf.o)
 .debug_pubnames
                0x0000000000001789       0x89 lib/libmini.a(console.o)
 .debug_pubnames
                0x0000000000001812       0x26 lib/libmini.a(ctors.o)
 .debug_pubnames
                0x0000000000001838       0x2c lib/libmini.a(delay.o)
 .debug_pubnames
                0x0000000000001864       0xdd comm/libcomm.a(sercomm.o)
 .debug_pubnames
                0x0000000000001941       0x37 comm/libcomm.a(sercomm_cons.o)
 .debug_pubnames
                0x0000000000001978       0xaf comm/libcomm.a(timer.o)
 .debug_pubnames
                0x0000000000001a27      0x12b calypso/libcalypso.a(dsp.o)
 .debug_pubnames
                0x0000000000001b52       0x45 comm/libcomm.a(msgb.o)

.debug_pubtypes
                0x0000000000000000     0x3231
 .debug_pubtypes
                0x0000000000000000       0x8f apps/layer1/main.o
 .debug_pubtypes
                0x000000000000008f       0xa2 abb/twl3025.o
 .debug_pubtypes
                0x0000000000000131       0xa3 rf/trf6151.o
 .debug_pubtypes
                0x00000000000001d4      0x109 flash/cfi_flash.o
 .debug_pubtypes
                0x00000000000002dd       0x5f board/compal/rffe_dualband.o
 .debug_pubtypes
                0x000000000000033c       0x1e board/compal/rf_power.o
 .debug_pubtypes
                0x000000000000035a       0xb7 board/se_j100/init.o
 .debug_pubtypes
                0x0000000000000411       0x35 battery/dummy.o
 .debug_pubtypes
                0x0000000000000446       0x4b fb/framebuffer.o
 .debug_pubtypes
                0x0000000000000491       0x4e fb/font.o
 .debug_pubtypes
                0x00000000000004df       0x42 fb/helvR08.o
 .debug_pubtypes
                0x0000000000000521       0x42 fb/helvB14.o
 .debug_pubtypes
                0x0000000000000563       0x42 fb/c64.o
 .debug_pubtypes
                0x00000000000005a5       0x42 fb/symbols.o
 .debug_pubtypes
                0x00000000000005e7       0x88 fb/fb_rgb332.o
 .debug_pubtypes
                0x000000000000066f       0x9d fb/fb_ssd1963.o
 .debug_pubtypes
                0x000000000000070c       0x97 calypso/libcalypso.a(clock.o)
 .debug_pubtypes
                0x00000000000007a3       0x1e calypso/libcalypso.a(dma.o)
 .debug_pubtypes
                0x00000000000007c1       0x6a calypso/libcalypso.a(irq.o)
 .debug_pubtypes
                0x000000000000082b       0x29 calypso/libcalypso.a(rtc.o)
 .debug_pubtypes
                0x0000000000000854       0x6c calypso/libcalypso.a(sim.o)
 .debug_pubtypes
                0x00000000000008c0       0x45 calypso/libcalypso.a(spi.o)
 .debug_pubtypes
                0x0000000000000905       0x89 calypso/libcalypso.a(tpu.o)
 .debug_pubtypes
                0x000000000000098e       0x6a calypso/libcalypso.a(tsp.o)
 .debug_pubtypes
                0x00000000000009f8       0x72 calypso/libcalypso.a(keypad.o)
 .debug_pubtypes
                0x0000000000000a6a       0x12 calypso/libcalypso.a(misc.o)
 .debug_pubtypes
                0x0000000000000a7c       0x6d calypso/libcalypso.a(timer.o)
 .debug_pubtypes
                0x0000000000000ae9       0x37 calypso/libcalypso.a(backlight.o)
 .debug_pubtypes
                0x0000000000000b20       0x7c calypso/libcalypso.a(uart.o)
 .debug_pubtypes
                0x0000000000000b9c       0x3a calypso/libcalypso.a(uwire.o)
 .debug_pubtypes
                0x0000000000000bd6       0x40 layer1/liblayer1.a(init.o)
 .debug_pubtypes
                0x0000000000000c16      0x385 layer1/liblayer1.a(l23_api.o)
 .debug_pubtypes
                0x0000000000000f9b      0x177 layer1/liblayer1.a(mframe_sched.o)
 .debug_pubtypes
                0x0000000000001112       0x91 layer1/liblayer1.a(sched_gsmtime.o)
 .debug_pubtypes
                0x00000000000011a3      0x15a layer1/liblayer1.a(async.o)
 .debug_pubtypes
                0x00000000000012fd       0x2b layer1/liblayer1.a(trx_dummy.o)
 .debug_pubtypes
                0x0000000000001328      0x1fd layer1/liblayer1.a(prim_pm.o)
 .debug_pubtypes
                0x0000000000001525      0x1c6 layer1/liblayer1.a(prim_rach.o)
 .debug_pubtypes
                0x00000000000016eb      0x1dd layer1/liblayer1.a(prim_tx_nb.o)
 .debug_pubtypes
                0x00000000000018c8      0x226 layer1/liblayer1.a(prim_rx_nb.o)
 .debug_pubtypes
                0x0000000000001aee      0x22a layer1/liblayer1.a(prim_fbsb.o)
 .debug_pubtypes
                0x0000000000001d18      0x143 layer1/liblayer1.a(prim_freq.o)
 .debug_pubtypes
                0x0000000000001e5b      0x143 layer1/liblayer1.a(prim_utils.o)
 .debug_pubtypes
                0x0000000000001f9e      0x264 layer1/liblayer1.a(prim_tch.o)
 .debug_pubtypes
                0x0000000000002202      0x23d layer1/liblayer1.a(prim_bts.o)
 .debug_pubtypes
                0x000000000000243f      0x231 layer1/liblayer1.a(prim_bts_sync.o)
 .debug_pubtypes
                0x0000000000002670       0x37 layer1/liblayer1.a(agc.o)
 .debug_pubtypes
                0x00000000000026a7       0xd3 layer1/liblayer1.a(afc.o)
 .debug_pubtypes
                0x000000000000277a      0x158 layer1/liblayer1.a(toa.o)
 .debug_pubtypes
                0x00000000000028d2      0x1ea layer1/liblayer1.a(sync.o)
 .debug_pubtypes
                0x0000000000002abc      0x12d layer1/liblayer1.a(tdma_sched.o)
 .debug_pubtypes
                0x0000000000002be9      0x18d layer1/liblayer1.a(tpu_window.o)
 .debug_pubtypes
                0x0000000000002d76      0x13a layer1/liblayer1.a(rfch.o)
 .debug_pubtypes