Archive member included because of file (symbol)

calypso/libcalypso.a(clock.o)
                              apps/trx/main.o (calypso_clk_dump)
calypso/libcalypso.a(dma.o)   board/compal_e88/init.o (dma_init)
calypso/libcalypso.a(i2c.o)   fb/fb_st7558.o (i2c_write)
calypso/libcalypso.a(irq.o)   abb/twl3025.o (irq_enable)
calypso/libcalypso.a(rtc.o)   board/compal_e88/init.o (rtc_init)
calypso/libcalypso.a(spi.o)   abb/twl3025.o (spi_init)
calypso/libcalypso.a(tpu.o)   rf/trf6151.o (tpu_enable)
calypso/libcalypso.a(tsp.o)   abb/twl3025.o (tsp_write)
calypso/libcalypso.a(keypad.o)
                              board/compal_e88/init.o (keypad_init)
calypso/libcalypso.a(misc.o)  apps/trx/main.o (dump_dev_id)
calypso/libcalypso.a(timer.o)
                              board/compal_e88/init.o (hwtimer_init)
calypso/libcalypso.a(backlight.o)
                              board/compal_e88/init.o (bl_mode_pwl)
calypso/libcalypso.a(uart.o)  board/compal_e88/init.o (uart_init)
calypso/libcalypso.a(arm.o)   calypso/libcalypso.a(irq.o) (arm_enable_interrupts)
layer1/liblayer1.a(sync.o)    apps/trx/trx.o (l1s)
layer1/liblayer1.a(tdma_sched.o)
                              layer1/liblayer1.a(sync.o) (tdma_schedule)
layer1/liblayer1.a(tpu_window.o)
                              layer1/liblayer1.a(sync.o) (l1s_win_init)
layer1/liblayer1.a(init.o)    apps/trx/main.o (layer1_init)
layer1/liblayer1.a(l23_api.o)
                              layer1/liblayer1.a(init.o) (l1ctl_tx_reset)
layer1/liblayer1.a(mframe_sched.o)
                              layer1/liblayer1.a(l23_api.o) (mframe_enable)
layer1/liblayer1.a(sched_gsmtime.o)
                              layer1/liblayer1.a(sync.o) (sched_gsmtime_execute)
layer1/liblayer1.a(async.o)   layer1/liblayer1.a(l23_api.o) (l1a_txq_msgb_enq)
layer1/liblayer1.a(rfch.o)    layer1/liblayer1.a(tpu_window.o) (rfch_get_params)
layer1/liblayer1.a(apc.o)     layer1/liblayer1.a(sync.o) (apc_tx_pwrlvl2auxapc)
layer1/liblayer1.a(prim_pm.o)
                              layer1/liblayer1.a(l23_api.o) (l1s_pm_test)
layer1/liblayer1.a(prim_rach.o)
                              layer1/liblayer1.a(l23_api.o) (l1a_rach_req)
layer1/liblayer1.a(prim_tx_nb.o)
                              layer1/liblayer1.a(mframe_sched.o) (nb_sched_set_ul)
layer1/liblayer1.a(prim_rx_nb.o)
                              layer1/liblayer1.a(mframe_sched.o) (nb_sched_set)
layer1/liblayer1.a(prim_fbsb.o)
                              layer1/liblayer1.a(l23_api.o) (l1s_fbsb_req)
layer1/liblayer1.a(prim_freq.o)
                              layer1/liblayer1.a(l23_api.o) (l1a_freq_req)
layer1/liblayer1.a(prim_utils.o)
                              layer1/liblayer1.a(prim_tx_nb.o) (pu_get_idle_frame)
layer1/liblayer1.a(prim_tch.o)
                              layer1/liblayer1.a(mframe_sched.o) (tch_sched_set)
layer1/liblayer1.a(prim_bts.o)
                              layer1/liblayer1.a(mframe_sched.o) (bts_sched_set)
layer1/liblayer1.a(prim_bts_sync.o)
                              layer1/liblayer1.a(mframe_sched.o) (bts_sync_sched_set)
layer1/liblayer1.a(agc.o)     layer1/liblayer1.a(prim_pm.o) (agc_inp_dbm8_by_pm)
layer1/liblayer1.a(afc.o)     layer1/liblayer1.a(prim_fbsb.o) (afc_correct)
layer1/liblayer1.a(toa.o)     layer1/liblayer1.a(prim_rx_nb.o) (toa_input)
layer1/liblayer1.a(avg.o)     layer1/liblayer1.a(afc.o) (runavg_input)
lib/libmini.a(vsprintf.o)     apps/trx/main.o (puts)
lib/libmini.a(string.o)       lib/libmini.a(vsprintf.o) (strnlen)
lib/libmini.a(ctype.o)        lib/libmini.a(vsprintf.o) (_ctype)
lib/libmini.a(printf.o)       abb/twl3025.o (printf)
lib/libmini.a(console.o)      board/compal_e88/init.o (cons_bind_uart)
lib/libmini.a(ctors.o)        board/compal/start.rom.o (do_global_ctors)
lib/libmini.a(delay.o)        calypso/libcalypso.a(tpu.o) (delay_us)
lib/libmini.a(div64.o)        lib/libmini.a(vsprintf.o) (__do_div64)
lib/libmini.a(lib1funcs.o)    rf/trf6151.o (__udivsi3)
lib/libmini.a(memcpy.o)       apps/trx/trx.o (memcpy)
lib/libmini.a(memset.o)       apps/trx/burst_queue.o (memset)
comm/libcomm.a(sercomm.o)     layer1/liblayer1.a(l23_api.o) (sercomm_sendmsg)
comm/libcomm.a(sercomm_cons.o)
                              lib/libmini.a(vsprintf.o) (sercomm_puts)
comm/libcomm.a(timer.o)       calypso/libcalypso.a(keypad.o) (jiffies)
../../shared/libosmocore/build-target/src/.libs/libosmocore.a(msgb.o)
                              layer1/liblayer1.a(l23_api.o) (msgb_alloc)
../../shared/libosmocore/build-target/src/.libs/libosmocore.a(panic.o)
                              layer1/liblayer1.a(l23_api.o) (osmo_panic)
../../shared/libosmocore/build-target/src/gsm/.libs/libosmogsm.a(gsm_utils.o)
                              layer1/liblayer1.a(l23_api.o) (ms_pwr_ctl_lvl)
calypso/libcalypso.a(dsp.o)   layer1/liblayer1.a(sync.o) (dsp_api_memset)
calypso/libcalypso.a(sim.o)   layer1/liblayer1.a(l23_api.o) (sim_apdu)
[...]
Memory Configuration

Name             Origin             Length             Attributes
LOADR            0x0000000000000000 0x0000000000010000 xr
FLASH            0x0000000000010000 0x00000000001f0000 xr
IRAM             0x0000000000800000 0x0000000000040000 rw
ERAM             0x0000000001000000 0x0000000000040000 rw
*default*        0x0000000000000000 0xffffffffffffffff

Linker script and memory map


.text.start     0x0000000000010000       0xcc
                0x0000000000010000                PROVIDE (_start, .)
 *(.text.start)
 .text.start    0x0000000000010000       0xcc board/compal/start.rom.o
                0x0000000000010000                _start
 *(.text.start)

.text.exceptions
                0x000000000080001c       0x1c load address 0x00000000000100cc
 *(.text.exceptions)
 .text.exceptions
                0x000000000080001c       0x1c board/compal/exceptions_redirected.o
 *(.text.exceptions)
                0x0000000000800038                . = ALIGN (0x4)
                0x00000000000100cc                PROVIDE (_exceptions, LOADADDR (.text.exceptions))

.text           0x0000000000010100     0xbec4
 *(.text*)
 .text.key_handler
                0x0000000000010100       0x4c apps/trx/main.o
 .text.main     0x000000000001014c      0x158 apps/trx/main.o
                0x000000000001014c                main
 .text.tpu_enq_at
                0x00000000000102a4       0x34 abb/twl3025.o
 .text.tpu_enq_wait
                0x00000000000102d8       0x14 abb/twl3025.o
 .text.twl3025_wait_ibic_access
                0x00000000000102ec        0x8 abb/twl3025.o
 .text.twl3025_reg_write
                0x00000000000102f4       0x58 abb/twl3025.o
                0x00000000000102f4                twl3025_reg_write
 .text.twl3025_switch_page
                0x000000000001034c       0x2c abb/twl3025.o
 .text.twl3025_tsp_write
                0x0000000000010378       0x10 abb/twl3025.o
                0x0000000000010378                twl3025_tsp_write
 .text.twl3025_reg_read
                0x0000000000010388       0x74 abb/twl3025.o
                0x0000000000010388                twl3025_reg_read
 .text.twl3025_power_off
                0x00000000000103fc       0x30 abb/twl3025.o
                0x00000000000103fc                twl3025_power_off
 .text.twl3025_irq
                0x000000000001042c       0x48 abb/twl3025.o
 .text.twl3025_clk13m
                0x0000000000010474       0x38 abb/twl3025.o
                0x0000000000010474                twl3025_clk13m
 .text.twl3025_downlink
                0x00000000000104ac       0x98 abb/twl3025.o
                0x00000000000104ac                twl3025_downlink
 .text.twl3025_uplink
                0x0000000000010544       0xac abb/twl3025.o
                0x0000000000010544                twl3025_uplink
 .text.twl3025_unit_enable
                0x00000000000105f0       0x6c abb/twl3025.o
                0x00000000000105f0                twl3025_unit_enable
 .text.twl3025_init
                0x000000000001065c       0x8c abb/twl3025.o
                0x000000000001065c                twl3025_init
 .text.tpu_enq_at
                0x00000000000106e8       0x34 rf/trf6151.o
 .text.tpu_enq_wait
                0x000000000001071c       0x14 rf/trf6151.o
 .text.trf6151_reg_write
                0x0000000000010730       0x38 rf/trf6151.o
 .text.trf6151_set_gain_reg
                0x0000000000010768       0x64 rf/trf6151.o
                0x0000000000010768                trf6151_set_gain_reg
 .text.trf6151_set_gain
                0x00000000000107cc       0x74 rf/trf6151.o
                0x00000000000107cc                trf6151_set_gain
 .text.trf6151_power
                0x0000000000010840       0x64 rf/trf6151.o
                0x0000000000010840                trf6151_power
 .text.trf6151_init
                0x00000000000108a4       0x5c rf/trf6151.o
                0x00000000000108a4                trf6151_init
 .text.trf6151_set_mode
                0x0000000000010900       0x34 rf/trf6151.o
                0x0000000000010900                trf6151_set_mode
 .text.trf6151_set_arfcn
                0x0000000000010934      0x21c rf/trf6151.o
                0x0000000000010934                trf6151_set_arfcn
 .text.trf6151_get_gain
                0x0000000000010b50       0x28 rf/trf6151.o
                0x0000000000010b50                trf6151_get_gain
 .text.trf6151_rx_window
                0x0000000000010b78       0x54 rf/trf6151.o
                0x0000000000010b78                trf6151_rx_window
 .text.trf6151_tx_window
                0x0000000000010bcc       0x44 rf/trf6151.o
                0x0000000000010bcc                trf6151_tx_window
 .text.trf6151_compute_gain
                0x0000000000010c10       0x28 rf/trf6151.o
                0x0000000000010c10                trf6151_compute_gain
 .text.trf6151_iq_swapped
                0x0000000000010c38       0x30 rf/trf6151.o
                0x0000000000010c38                trf6151_iq_swapped
 .text.fn_cmp   0x0000000000010c68       0x50 apps/trx/burst_queue.o
 .text.bq_free_slot
                0x0000000000010cb8       0x38 apps/trx/burst_queue.o
 .text.bq_reset
                0x0000000000010cf0       0x68 apps/trx/burst_queue.o
                0x0000000000010cf0                bq_reset
 .text.bq_set_discard_fn
                0x0000000000010d58        0xc apps/trx/burst_queue.o
                0x0000000000010d58                bq_set_discard_fn
 .text.bq_push  0x0000000000010d64      0x214 apps/trx/burst_queue.o
                0x0000000000010d64                bq_push
 .text.bq_pop_head
                0x0000000000010f78      0x100 apps/trx/burst_queue.o
                0x0000000000010f78                bq_pop_head
 .text.trx_discarded_burst
                0x0000000000011078       0x10 apps/trx/trx.o
 .text.trx_init
                0x0000000000011088       0x2c apps/trx/trx.o
                0x0000000000011088                trx_init
 .text.trx_put_burst
                0x00000000000110b4       0x5c apps/trx/trx.o
                0x00000000000110b4                trx_put_burst
 .text.trx_get_burst
                0x0000000000011110       0xa4 apps/trx/trx.o
                0x0000000000011110                trx_get_burst
 .text          0x00000000000111b4       0xfc board/common/calypso_uart.o
                0x00000000000111c0                phex
                0x00000000000111f4                puts_asm
                0x0000000000011230                putchar_asm
                0x0000000000011240                memdump_asm
 .text.rffe_mode
                0x00000000000112b0       0x44 board/compal/rffe_dualband.o
                0x00000000000112b0                rffe_mode
 .text.rffe_get_rx_ports
                0x00000000000112f4        0x8 board/compal/rffe_dualband.o
                0x00000000000112f4                rffe_get_rx_ports
 .text.rffe_iq_swapped
                0x00000000000112fc        0xc board/compal/rffe_dualband.o
                0x00000000000112fc                rffe_iq_swapped
 .text.rffe_init
                0x0000000000011308       0x54 board/compal/rffe_dualband.o
                0x0000000000011308                rffe_init
 .text.rffe_get_gain
                0x000000000001135c        0x4 board/compal/rffe_dualband.o
                0x000000000001135c                rffe_get_gain
 .text.rffe_set_gain
                0x0000000000011360        0x8 board/compal/rffe_dualband.o
                0x0000000000011360                rffe_set_gain
 .text.rffe_compute_gain
                0x0000000000011368       0x14 board/compal/rffe_dualband.o
                0x0000000000011368                rffe_compute_gain
 .text.board_init
                0x000000000001137c      0x1c4 board/compal_e88/init.o
                0x000000000001137c                board_init
 .text.bat_compal_e88_goto_state
                0x0000000000011540      0x134 battery/compal_e88.o
 .text.battery_compal_e88_timer_cb
                0x0000000000011674      0x3b4 battery/compal_e88.o
 .text.battery_compal_e88_init
                0x0000000000011a28       0x30 battery/compal_e88.o
                0x0000000000011a28                battery_compal_e88_init
 .text.fb_font_get_char
                0x0000000000011a58       0x58 fb/font.o
                0x0000000000011a58                fb_font_get_char
 .text.fb_limit_fb_range
                0x0000000000011ab0       0x38 fb/fb_bw8.o
 .text.fb_bw8_update_damage
                0x0000000000011ae8       0xf0 fb/fb_bw8.o
 .text.set_fg_pixel
                0x0000000000011bd8       0x48 fb/fb_bw8.o
 .text.fb_bw8_clear
                0x0000000000011c20       0x80 fb/fb_bw8.o
                0x0000000000011c20                fb_bw8_clear
 .text.fb_bw8_lineto
                0x0000000000011ca0       0x60 fb/fb_bw8.o
                0x0000000000011ca0                fb_bw8_lineto
 .text.fb_bw8_boxto
                0x0000000000011d00      0x204 fb/fb_bw8.o
                0x0000000000011d00                fb_bw8_boxto
 .text.fb_bw8_putstr
                0x0000000000011f04      0x384 fb/fb_bw8.o
                0x0000000000011f04                fb_bw8_putstr
 .text.fb_st7558_flush
                0x0000000000012288      0x104 fb/fb_st7558.o
 .text.fb_st7558_init
                0x000000000001238c       0x40 fb/fb_st7558.o
 .text          0x00000000000123cc       0x90 board/compal/handlers.o
                0x00000000000123cc                handle_abort
                0x000000000001240c                irq_entry
                0x0000000000012434                fiq_entry
 .text.dump_reg16
                0x000000000001245c       0x10 calypso/libcalypso.a(clock.o)
 .text.calypso_clk_dump
                0x000000000001246c       0x6c calypso/libcalypso.a(clock.o)
                0x000000000001246c                calypso_clk_dump
 .text.calypso_pll_set
                0x00000000000124d8       0x34 calypso/libcalypso.a(clock.o)
                0x00000000000124d8                calypso_pll_set
 .text.calypso_reset_set
                0x000000000001250c       0x28 calypso/libcalypso.a(clock.o)
                0x000000000001250c                calypso_reset_set
 .text.calypso_clock_set
                0x0000000000012534       0x70 calypso/libcalypso.a(clock.o)
                0x0000000000012534                calypso_clock_set
 .text.calypso_mem_cfg
                0x00000000000125a4       0x24 calypso/libcalypso.a(clock.o)
                0x00000000000125a4                calypso_mem_cfg
 .text.calypso_bootrom
                0x00000000000125c8       0x20 calypso/libcalypso.a(clock.o)
                0x00000000000125c8                calypso_bootrom
 .text.calypso_rhea_cfg
                0x00000000000125e8       0x4c calypso/libcalypso.a(clock.o)
                0x00000000000125e8                calypso_rhea_cfg
 .text.dma_init
                0x0000000000012634       0x10 calypso/libcalypso.a(dma.o)
                0x0000000000012634                dma_init
 .text.i2c_write
                0x0000000000012644       0x78 calypso/libcalypso.a(i2c.o)
                0x0000000000012644                i2c_write
 .text.i2c_init
                0x00000000000126bc       0x2c calypso/libcalypso.a(i2c.o)
                0x00000000000126bc                i2c_init
 .text._irq_enable
                0x00000000000126e8       0x40 calypso/libcalypso.a(irq.o)
 .text.irq_enable
                0x0000000000012728        0x8 calypso/libcalypso.a(irq.o)
                0x0000000000012728                irq_enable
 .text.irq_disable
                0x0000000000012730        0x8 calypso/libcalypso.a(irq.o)
                0x0000000000012730                irq_disable
 .text.irq_config
                0x0000000000012738       0x48 calypso/libcalypso.a(irq.o)
                0x0000000000012738                irq_config
 .text.irq      0x0000000000012780       0x3c calypso/libcalypso.a(irq.o)
                0x0000000000012780                irq
 .text.fiq      0x00000000000127bc       0x3c calypso/libcalypso.a(irq.o)
                0x00000000000127bc                fiq
 .text.irq_register_handler
                0x00000000000127f8       0x14 calypso/libcalypso.a(irq.o)
                0x00000000000127f8                irq_register_handler
 .text.calypso_exceptions_install
                0x000000000001280c       0x34 calypso/libcalypso.a(irq.o)
                0x000000000001280c                calypso_exceptions_install
 .text.irq_init
                0x0000000000012840       0x5c calypso/libcalypso.a(irq.o)
                0x0000000000012840                irq_init
 .text.rtc_irq_tick
                0x000000000001289c       0x18 calypso/libcalypso.a(rtc.o)
 .text.rtc_init
                0x00000000000128b4       0x54 calypso/libcalypso.a(rtc.o)
                0x00000000000128b4                rtc_init
 .text.spi_init
                0x0000000000012908       0x1c calypso/libcalypso.a(spi.o)
                0x0000000000012908                spi_init
 .text.spi_xfer
                0x0000000000012924      0x100 calypso/libcalypso.a(spi.o)
                0x0000000000012924                spi_xfer
 .text.tpu_wait_ctrl_bit
                0x0000000000012a24       0x60 calypso/libcalypso.a(tpu.o)
 .text.tpu_reset
                0x0000000000012a84       0x2c calypso/libcalypso.a(tpu.o)
                0x0000000000012a84                tpu_reset
 .text.tpu_enable
                0x0000000000012ab0       0x34 calypso/libcalypso.a(tpu.o)
                0x0000000000012ab0                tpu_enable
 .text.tpu_clk_enable
                0x0000000000012ae4       0x2c calypso/libcalypso.a(tpu.o)
                0x0000000000012ae4                tpu_clk_enable
 .text.tpu_dsp_frameirq_enable
                0x0000000000012b10       0x1c calypso/libcalypso.a(tpu.o)
                0x0000000000012b10                tpu_dsp_frameirq_enable
 .text.tpu_rewind
                0x0000000000012b2c       0x18 calypso/libcalypso.a(tpu.o)
                0x0000000000012b2c                tpu_rewind
 .text.tpu_enqueue
                0x0000000000012b44       0x28 calypso/libcalypso.a(tpu.o)
                0x0000000000012b44                tpu_enqueue
 .text.tpu_init
                0x0000000000012b6c       0x64 calypso/libcalypso.a(tpu.o)
                0x0000000000012b6c                tpu_init
 .text.tpu_wait_idle
                0x0000000000012bd0       0x20 calypso/libcalypso.a(tpu.o)
                0x0000000000012bd0                tpu_wait_idle
 .text.tpu_frame_irq_en
                0x0000000000012bf0       0x30 calypso/libcalypso.a(tpu.o)
                0x0000000000012bf0                tpu_frame_irq_en
 .text.add_mod5000
                0x0000000000012c20       0x38 calypso/libcalypso.a(tpu.o)
                0x0000000000012c20                add_mod5000
 .text.tpu_enq_move
                0x0000000000012c58       0x1c calypso/libcalypso.a(tsp.o)
 .text.tsp_write
                0x0000000000012c74       0xcc calypso/libcalypso.a(tsp.o)
                0x0000000000012c74                tsp_write
 .text.tsp_setup
                0x0000000000012d40       0x40 calypso/libcalypso.a(tsp.o)
                0x0000000000012d40                tsp_setup
 .text.tsp_act_update
                0x0000000000012d80       0x50 calypso/libcalypso.a(tsp.o)
                0x0000000000012d80                tsp_act_update
 .text.tsp_act_enable
                0x0000000000012dd0       0x1c calypso/libcalypso.a(tsp.o)
                0x0000000000012dd0                tsp_act_enable
 .text.tsp_act_disable
                0x0000000000012dec       0x14 calypso/libcalypso.a(tsp.o)
                0x0000000000012dec                tsp_act_disable
 .text.tsp_act_state
                0x0000000000012e00       0x10 calypso/libcalypso.a(tsp.o)
                0x0000000000012e00                tsp_act_state
 .text.tsp_init
                0x0000000000012e10        0x8 calypso/libcalypso.a(tsp.o)
                0x0000000000012e10                tsp_init
 .text.keypad_irq
                0x0000000000012e18       0x18 calypso/libcalypso.a(keypad.o)
 .text.emit_key
                0x0000000000012e30       0x58 calypso/libcalypso.a(keypad.o)
                0x0000000000012e30                emit_key
 .text.dispatch_buttons
                0x0000000000012e88       0xc4 calypso/libcalypso.a(keypad.o)
                0x0000000000012e88                dispatch_buttons
 .text.keypad_init
                0x0000000000012f4c       0x6c calypso/libcalypso.a(keypad.o)
                0x0000000000012f4c                keypad_init
 .text.keypad_set_handler
                0x0000000000012fb8       0x10 calypso/libcalypso.a(keypad.o)
                0x0000000000012fb8                keypad_set_handler
 .text.keypad_poll
                0x0000000000012fc8      0x174 calypso/libcalypso.a(keypad.o)
                0x0000000000012fc8                keypad_poll
 .text.dump_dev_id
                0x000000000001313c       0x8c calypso/libcalypso.a(misc.o)
                0x000000000001313c                dump_dev_id
 .text.hwtimer_enable
                0x00000000000131c8       0x68 calypso/libcalypso.a(timer.o)
                0x00000000000131c8                hwtimer_enable
 .text.hwtimer_config
                0x0000000000013230       0x34 calypso/libcalypso.a(timer.o)
                0x0000000000013230                hwtimer_config
 .text.hwtimer_load
                0x0000000000013264       0x28 calypso/libcalypso.a(timer.o)
                0x0000000000013264                hwtimer_load
 .text.hwtimer_read
                0x000000000001328c       0x54 calypso/libcalypso.a(timer.o)
                0x000000000001328c                hwtimer_read
 .text.hwtimer_init
                0x00000000000132e0       0x1c calypso/libcalypso.a(timer.o)
                0x00000000000132e0                hwtimer_init
 .text.bl_mode_pwl
                0x00000000000132fc       0x3c calypso/libcalypso.a(backlight.o)
                0x00000000000132fc                bl_mode_pwl
 .text.bl_level
                0x0000000000013338       0x34 calypso/libcalypso.a(backlight.o)
                0x0000000000013338                bl_level
 .text.uart_set_lcr7bit
                0x000000000001336c       0x2c calypso/libcalypso.a(uart.o)
 .text.uart_set_lcr_bf
                0x0000000000013398       0x38 calypso/libcalypso.a(uart.o)
 .text.uart_set_mcr6bit
                0x00000000000133d0       0x2c calypso/libcalypso.a(uart.o)
 .text.uart_reg_write
                0x00000000000133fc       0xa0 calypso/libcalypso.a(uart.o)
 .text.uart_reg_read
                0x000000000001349c       0xa0 calypso/libcalypso.a(uart.o)
 .text.uart_irq_handler_cons
                0x000000000001353c       0x5c calypso/libcalypso.a(uart.o)
 .text.uart_irq_enable
                0x0000000000013598       0x50 calypso/libcalypso.a(uart.o)
                0x0000000000013598                uart_irq_enable
 .text.uart_init
                0x00000000000135e8      0x188 calypso/libcalypso.a(uart.o)
                0x00000000000135e8                uart_init
 .text.uart_putchar_wait
                0x0000000000013770       0x30 calypso/libcalypso.a(uart.o)
                0x0000000000013770                uart_putchar_wait
 .text.uart_putchar_nb
                0x00000000000137a0       0x30 calypso/libcalypso.a(uart.o)
                0x00000000000137a0                uart_putchar_nb
 .text.uart_getchar_nb
                0x00000000000137d0       0x88 calypso/libcalypso.a(uart.o)
                0x00000000000137d0                uart_getchar_nb
 .text.uart_tx_busy
                0x0000000000013858       0x20 calypso/libcalypso.a(uart.o)
                0x0000000000013858                uart_tx_busy
 .text.uart_irq_handler_sercomm
                0x0000000000013878      0x124 calypso/libcalypso.a(uart.o)
 .text.uart_poll
                0x000000000001399c       0x2c calypso/libcalypso.a(uart.o)
                0x000000000001399c                uart_poll
 .text.uart_baudrate
                0x00000000000139c8       0x68 calypso/libcalypso.a(uart.o)
                0x00000000000139c8                uart_baudrate
 .text.arm_enable_interrupts
                0x0000000000013a30       0x10 calypso/libcalypso.a(arm.o)
                0x0000000000013a30                arm_enable_interrupts
 .text.l1s_abort_cmd
                0x0000000000013a40       0x58 layer1/liblayer1.a(sync.o)
 .text.l1s_time_inc
                0x0000000000013a98       0xc8 layer1/liblayer1.a(sync.o)
                0x0000000000013a98                l1s_time_inc
 .text.frame_irq
                0x0000000000013b60      0x214 layer1/liblayer1.a(sync.o)
 .text.l1s_time_dump
                0x0000000000013d74       0x2c layer1/liblayer1.a(sync.o)
                0x0000000000013d74                l1s_time_dump
 .text.l1s_snr_int
                0x0000000000013da0        0xc layer1/liblayer1.a(sync.o)
                0x0000000000013da0                l1s_snr_int
 .text.synchronize_tdma
                0x0000000000013dac       0xa8 layer1/liblayer1.a(sync.o)
                0x0000000000013dac                synchronize_tdma
 .text.l1s_reset_hw
                0x0000000000013e54       0x7c layer1/liblayer1.a(sync.o)
                0x0000000000013e54                l1s_reset_hw
 .text.l1s_compl_sched
                0x0000000000013ed0       0x2c layer1/liblayer1.a(sync.o)
                0x0000000000013ed0                l1s_compl_sched
 .text.l1s_dsp_abort
                0x0000000000013efc       0x2c layer1/liblayer1.a(sync.o)
                0x0000000000013efc                l1s_dsp_abort
 .text.l1s_tx_apc_helper
                0x0000000000013f28       0x88 layer1/liblayer1.a(sync.o)
                0x0000000000013f28                l1s_tx_apc_helper
 .text.l1s_reset
                0x0000000000013fb0       0x4c layer1/liblayer1.a(sync.o)
                0x0000000000013fb0                l1s_reset
 .text.l1s_init
                0x0000000000013ffc       0xa8 layer1/liblayer1.a(sync.o)
                0x0000000000013ffc                l1s_init
 .text.tdma_end_set
                0x00000000000140a4        0x8 layer1/liblayer1.a(tdma_sched.o)
                0x00000000000140a4                tdma_end_set
 .text.tdma_schedule
                0x00000000000140ac       0x98 layer1/liblayer1.a(tdma_sched.o)
                0x00000000000140ac                tdma_schedule
 .text.tdma_schedule_set
                0x0000000000014144       0xf0 layer1/liblayer1.a(tdma_sched.o)
                0x0000000000014144                tdma_schedule_set
 .text.tdma_sched_advance
                0x0000000000014234       0x24 layer1/liblayer1.a(tdma_sched.o)
                0x0000000000014234                tdma_sched_advance
 .text.tdma_sched_flag_scan
                0x0000000000014258       0x4c layer1/liblayer1.a(tdma_sched.o)
                0x0000000000014258                tdma_sched_flag_scan
 .text.tdma_sched_execute
                0x00000000000142a4      0x170 layer1/liblayer1.a(tdma_sched.o)
                0x00000000000142a4                tdma_sched_execute
 .text.tdma_sched_reset
                0x0000000000014414       0x30 layer1/liblayer1.a(tdma_sched.o)
                0x0000000000014414                tdma_sched_reset
 .text.tpu_enq_at
                0x0000000000014444       0x34 layer1/liblayer1.a(tpu_window.o)
 .text._win_cleanup
                0x0000000000014478       0x64 layer1/liblayer1.a(tpu_window.o)
 .text._win_setup
                0x00000000000144dc       0x98 layer1/liblayer1.a(tpu_window.o)
 .text.l1s_win_init
                0x0000000000014574       0x54 layer1/liblayer1.a(tpu_window.o)
                0x0000000000014574                l1s_win_init
 .text.l1s_rx_win_ctrl
                0x00000000000145c8       0xbc layer1/liblayer1.a(tpu_window.o)
                0x00000000000145c8                l1s_rx_win_ctrl
 .text.l1s_tx_win_ctrl
                0x0000000000014684       0xb0 layer1/liblayer1.a(tpu_window.o)
                0x0000000000014684                l1s_tx_win_ctrl
 .text.l1s_tx_multi_win_ctrl
                0x0000000000014734       0xd8 layer1/liblayer1.a(tpu_window.o)
                0x0000000000014734                l1s_tx_multi_win_ctrl
 .text.tpu_end_scenario
                0x000000000001480c       0x18 layer1/liblayer1.a(tpu_window.o)
                0x000000000001480c                tpu_end_scenario
 .text.layer1_init
                0x0000000000014824       0x50 layer1/liblayer1.a(init.o)
                0x0000000000014824                layer1_init
 .text.__fswab32
                0x0000000000014874       0x14 layer1/liblayer1.a(l23_api.o)
 .text.audio_set_enabled
                0x0000000000014888       0x4c layer1/liblayer1.a(l23_api.o)
 .text.msgb_put
                0x00000000000148d4       0x58 layer1/liblayer1.a(l23_api.o)
 .text.l1a_l23_rx
                0x000000000001492c       0x24 layer1/liblayer1.a(l23_api.o)
                0x000000000001492c                l1a_l23_rx
 .text.l1_queue_for_l2
                0x0000000000014950       0x34 layer1/liblayer1.a(l23_api.o)
                0x0000000000014950                l1_queue_for_l2
 .text.l1ctl_msgb_alloc
                0x0000000000014984       0x68 layer1/liblayer1.a(l23_api.o)
                0x0000000000014984                l1ctl_msgb_alloc
 .text.l1_create_l2_msg
                0x00000000000149ec       0x74 layer1/liblayer1.a(l23_api.o)
                0x00000000000149ec                l1_create_l2_msg
 .text.l1ctl_tx_reset
                0x0000000000014a60       0x2c layer1/liblayer1.a(l23_api.o)
                0x0000000000014a60                l1ctl_tx_reset
 .text.l1a_l23_handler
                0x0000000000014a8c      0xc48 layer1/liblayer1.a(l23_api.o)
                0x0000000000014a8c                l1a_l23_handler
 .text.l1a_l23api_init
                0x00000000000156d4       0x10 layer1/liblayer1.a(l23_api.o)
                0x00000000000156d4                l1a_l23api_init
 .text.mframe_task2chan_nr
                0x00000000000156e4      0x120 layer1/liblayer1.a(mframe_sched.o)
                0x00000000000156e4                mframe_task2chan_nr
 .text.mframe_enable
                0x0000000000015804       0x1c layer1/liblayer1.a(mframe_sched.o)
                0x0000000000015804                mframe_enable
 .text.mframe_disable
                0x0000000000015820       0x1c layer1/liblayer1.a(mframe_sched.o)
                0x0000000000015820                mframe_disable
 .text.mframe_set
                0x000000000001583c       0x10 layer1/liblayer1.a(mframe_sched.o)
                0x000000000001583c                mframe_set
 .text.mframe_schedule
                0x000000000001584c      0x120 layer1/liblayer1.a(mframe_sched.o)
                0x000000000001584c                mframe_schedule
 .text.mframe_reset
                0x000000000001596c       0x20 layer1/liblayer1.a(mframe_sched.o)
                0x000000000001596c                mframe_reset
 .text.sched_gsmtime
                0x000000000001598c       0xa8 layer1/liblayer1.a(sched_gsmtime.o)
                0x000000000001598c                sched_gsmtime
 .text.sched_gsmtime_execute
                0x0000000000015a34       0x84 layer1/liblayer1.a(sched_gsmtime.o)
                0x0000000000015a34                sched_gsmtime_execute
 .text.sched_gsmtime_init
                0x0000000000015ab8       0x50 layer1/liblayer1.a(sched_gsmtime.o)
                0x0000000000015ab8                sched_gsmtime_init
 .text.sched_gsmtime_reset
                0x0000000000015b08       0x54 layer1/liblayer1.a(sched_gsmtime.o)
                0x0000000000015b08                sched_gsmtime_reset
 .text.l1a_txq_msgb_enq
                0x0000000000015b5c       0x1c layer1/liblayer1.a(async.o)
                0x0000000000015b5c                l1a_txq_msgb_enq
 .text.l1a_meas_msgb_set
                0x0000000000015b78       0x38 layer1/liblayer1.a(async.o)
                0x0000000000015b78                l1a_meas_msgb_set
 .text.l1a_txq_msgb_count
                0x0000000000015bb0       0x34 layer1/liblayer1.a(async.o)
                0x0000000000015bb0                l1a_txq_msgb_count
 .text.l1a_txq_msgb_flush
                0x0000000000015be4       0x34 layer1/liblayer1.a(async.o)
                0x0000000000015be4                l1a_txq_msgb_flush
 .text.l1a_mftask_set
                0x0000000000015c18        0x4 layer1/liblayer1.a(async.o)
                0x0000000000015c18                l1a_mftask_set
 .text.l1a_tch_mode_set
                0x0000000000015c1c       0x3c layer1/liblayer1.a(async.o)
                0x0000000000015c1c                l1a_tch_mode_set
 .text.l1a_audio_mode_set
                0x0000000000015c58       0x14 layer1/liblayer1.a(async.o)
                0x0000000000015c58                l1a_audio_mode_set
 .text.l1a_init
                0x0000000000015c6c        0x4 layer1/liblayer1.a(async.o)
                0x0000000000015c6c                l1a_init
 .text.l1a_compl_execute
                0x0000000000015c70       0x50 layer1/liblayer1.a(async.o)
                0x0000000000015c70                l1a_compl_execute
 .text.rfch_get_params
                0x0000000000015cc0      0x140 layer1/liblayer1.a(rfch.o)
                0x0000000000015cc0                rfch_get_params
 .text.apc_tx_dbm2auxapc
                0x0000000000015e00       0x48 layer1/liblayer1.a(apc.o)
                0x0000000000015e00                apc_tx_dbm2auxapc
 .text.apc_tx_pwrlvl2auxapc
                0x0000000000015e48       0x38 layer1/liblayer1.a(apc.o)
                0x0000000000015e48                apc_tx_pwrlvl2auxapc
 .text.l1s_neigh_pm_resp
                0x0000000000015e80      0x178 layer1/liblayer1.a(prim_pm.o)
 .text.l1s_pm_cmd
                0x0000000000015ff8       0x50 layer1/liblayer1.a(prim_pm.o)
 .text.l1s_neigh_pm_cmd
                0x0000000000016048       0x7c layer1/liblayer1.a(prim_pm.o)
 .text.l1s_pm_test
                0x00000000000160c4       0x30 layer1/liblayer1.a(prim_pm.o)
                0x00000000000160c4                l1s_pm_test
 .text.l1s_pm_resp
                0x00000000000160f4      0x210 layer1/liblayer1.a(prim_pm.o)
 .text.l1s_tx_rach_resp
                0x0000000000016304       0x44 layer1/liblayer1.a(prim_rach.o)
 .text.l1s_tx_rach_cmd
                0x0000000000016348       0x80 layer1/liblayer1.a(prim_rach.o)
 .text.l1a_rach_compl
                0x00000000000163c8       0x28 layer1/liblayer1.a(prim_rach.o)
 .text.l1a_rach_req
                0x00000000000163f0       0xcc layer1/liblayer1.a(prim_rach.o)
                0x00000000000163f0                l1a_rach_req
 .text.prim_rach_init
                0x00000000000164bc       0x18 layer1/liblayer1.a(prim_rach.o)
 .text.l1s_tx_resp
                0x00000000000164d4       0x4c layer1/liblayer1.a(prim_tx_nb.o)
 .text.l1s_tx_cmd
                0x0000000000016520      0x168 layer1/liblayer1.a(prim_tx_nb.o)
 .text.l1a_tx_nb_compl
                0x0000000000016688       0x28 layer1/liblayer1.a(prim_tx_nb.o)
 .text.prim_tx_nb_init
                0x00000000000166b0       0x18 layer1/liblayer1.a(prim_tx_nb.o)
 .text.l1s_nb_resp
                0x00000000000166c8      0x2e4 layer1/liblayer1.a(prim_rx_nb.o)
 .text.l1s_nb_cmd
                0x00000000000169ac      0x180 layer1/liblayer1.a(prim_rx_nb.o)
 .text.l1ctl_fbsb_resp
                0x0000000000016b2c       0xc0 layer1/liblayer1.a(prim_fbsb.o)
 .text.l1s_sbdet_resp
                0x0000000000016bec      0x32c layer1/liblayer1.a(prim_fbsb.o)
 .text.l1s_sbdet_cmd
                0x0000000000016f18       0x54 layer1/liblayer1.a(prim_fbsb.o)
 .text.l1s_fbdet_cmd
                0x0000000000016f6c       0x6c layer1/liblayer1.a(prim_fbsb.o)
 .text.fbinfo2cellinfo.clone.0.clone.1
                0x0000000000016fd8       0xec layer1/liblayer1.a(prim_fbsb.o)
 .text.l1s_fbdet_resp
                0x00000000000170c4      0x328 layer1/liblayer1.a(prim_fbsb.o)
 .text.l1a_fb_compl
                0x00000000000173ec       0x2c layer1/liblayer1.a(prim_fbsb.o)
 .text.l1s_fbsb_req
                0x0000000000017418       0xf4 layer1/liblayer1.a(prim_fbsb.o)
                0x0000000000017418                l1s_fbsb_req
 .text.l1s_prim_fbsb_init
                0x000000000001750c       0x18 layer1/liblayer1.a(prim_fbsb.o)
 .text.l1s_freq_cmd
                0x0000000000017524       0x50 layer1/liblayer1.a(prim_freq.o)
 .text.l1a_freq_req
                0x0000000000017574       0xc0 layer1/liblayer1.a(prim_freq.o)
                0x0000000000017574                l1a_freq_req
 .text.pu_get_idle_frame
                0x0000000000017634        0xc layer1/liblayer1.a(prim_utils.o)
                0x0000000000017634                pu_get_idle_frame
 .text.pu_update_rx_level
                0x0000000000017640       0x18 layer1/liblayer1.a(prim_utils.o)
                0x0000000000017640                pu_update_rx_level
 .text.pu_get_meas_frame
                0x0000000000017658       0x30 layer1/liblayer1.a(prim_utils.o)
                0x0000000000017658                pu_get_meas_frame
 .text.l1s_tch_d_resp
                0x0000000000017688       0x18 layer1/liblayer1.a(prim_tch.o)
 .text.__fswab32
                0x00000000000176a0       0x14 layer1/liblayer1.a(prim_tch.o)
 .text.msgb_put
                0x00000000000176b4       0x58 layer1/liblayer1.a(prim_tch.o)
 .text.dsp_task_iq_swap
                0x000000000001770c       0x24 layer1/liblayer1.a(prim_tch.o)
 .text.l1a_tx_tch_compl
                0x0000000000017730       0x68 layer1/liblayer1.a(prim_tch.o)
 .text.tch_get_params.clone.0
                0x0000000000017798       0xdc layer1/liblayer1.a(prim_tch.o)
 .text.l1s_tch_a_resp
                0x0000000000017874      0x280 layer1/liblayer1.a(prim_tch.o)
 .text.l1s_tch_d_cmd
                0x0000000000017af4       0xb8 layer1/liblayer1.a(prim_tch.o)
 .text.l1s_tch_resp
                0x0000000000017bac      0x47c layer1/liblayer1.a(prim_tch.o)
 .text.l1s_tch_a_cmd
                0x0000000000018028      0x268 layer1/liblayer1.a(prim_tch.o)
 .text.l1s_tch_cmd
                0x0000000000018290      0x34c layer1/liblayer1.a(prim_tch.o)
 .text.prim_tch_init
                0x00000000000185dc       0x18 layer1/liblayer1.a(prim_tch.o)
 .text.__fswab32
                0x00000000000185f4       0x14 layer1/liblayer1.a(prim_bts.o)
 .text.l1s_bts_resp
                0x0000000000018608      0x320 layer1/liblayer1.a(prim_bts.o)
 .text.l1s_bts_cmd
                0x0000000000018928      0x460 layer1/liblayer1.a(prim_bts.o)
 .text.l1s_nb_resp
                0x0000000000018d88      0x258 layer1/liblayer1.a(prim_bts_sync.o)
 .text.l1s_nb_cmd
                0x0000000000018fe0      0x188 layer1/liblayer1.a(prim_bts_sync.o)
 .text.agc_inp_dbm8_by_pm
                0x0000000000019168       0x34 layer1/liblayer1.a(agc.o)
                0x0000000000019168                agc_inp_dbm8_by_pm
 .text.afc_correct
                0x000000000001919c       0x7c layer1/liblayer1.a(afc.o)
                0x000000000001919c                afc_correct
 .text.afc_ravg_output
                0x0000000000019218       0x18 layer1/liblayer1.a(afc.o)
 .text.afc_reset
                0x0000000000019230       0x18 layer1/liblayer1.a(afc.o)
                0x0000000000019230                afc_reset
 .text.afc_input
                0x0000000000019248       0x2c layer1/liblayer1.a(afc.o)
                0x0000000000019248                afc_input
 .text.afc_load_dsp
                0x0000000000019274       0x2c layer1/liblayer1.a(afc.o)
                0x0000000000019274                afc_load_dsp
 .text.toa_ravg_output
                0x00000000000192a0       0x30 layer1/liblayer1.a(toa.o)
 .text.toa_input
                0x00000000000192d0       0x48 layer1/liblayer1.a(toa.o)
                0x00000000000192d0                toa_input
 .text.toa_reset
                0x0000000000019318       0x1c layer1/liblayer1.a(toa.o)
                0x0000000000019318                toa_reset
 .text.runavg_input
                0x0000000000019334       0x30 layer1/liblayer1.a(avg.o)
                0x0000000000019334                runavg_input
 .text.runavg_check_output
                0x0000000000019364       0x64 layer1/liblayer1.a(avg.o)
                0x0000000000019364                runavg_check_output
 .text.skip_atoi
                0x00000000000193c8       0x44 lib/libmini.a(vsprintf.o)
 .text.number   0x000000000001940c      0x254 lib/libmini.a(vsprintf.o)
 .text.vsnprintf
                0x0000000000019660      0x518 lib/libmini.a(vsprintf.o)
                0x0000000000019660                vsnprintf
 .text.puts     0x0000000000019b78        0x4 lib/libmini.a(vsprintf.o)
                0x0000000000019b78                puts
 .text.strnlen  0x0000000000019b7c       0x28 lib/libmini.a(string.o)
                0x0000000000019b7c                strnlen
 .text.strlen   0x0000000000019ba4       0x1c lib/libmini.a(string.o)
                0x0000000000019ba4                strlen
 .text.printf   0x0000000000019bc0       0x44 lib/libmini.a(printf.o)
                0x0000000000019bc0                printf
 .text.cons_rb_pull
                0x0000000000019c04       0x6c lib/libmini.a(console.o)
 .text.__cons_rb_append
                0x0000000000019c70       0x70 lib/libmini.a(console.o)
 .text.cons_bind_uart
                0x0000000000019ce0       0x18 lib/libmini.a(console.o)
                0x0000000000019ce0                cons_bind_uart
 .text.cons_get_uart
                0x0000000000019cf8       0x18 lib/libmini.a(console.o)
                0x0000000000019cf8                cons_get_uart
 .text.cons_init
                0x0000000000019d10       0x40 lib/libmini.a(console.o)
                0x0000000000019d10                cons_init
 .text.cons_rb_flush
                0x0000000000019d50       0x58 lib/libmini.a(console.o)
                0x0000000000019d50                cons_rb_flush
 .text.cons_rb_append
                0x0000000000019da8       0xe0 lib/libmini.a(console.o)
                0x0000000000019da8                cons_rb_append
 .text.cons_puts
                0x0000000000019e88       0x74 lib/libmini.a(console.o)
                0x0000000000019e88                cons_puts
 .text.do_global_ctors
                0x0000000000019efc       0x2c lib/libmini.a(ctors.o)
                0x0000000000019efc                do_global_ctors
 .text.delay_us
                0x0000000000019f28       0x38 lib/libmini.a(delay.o)
                0x0000000000019f28                delay_us
 .text.delay_ms
                0x0000000000019f60       0x40 lib/libmini.a(delay.o)
                0x0000000000019f60                delay_ms
 .text          0x0000000000019fa0      0x130 lib/libmini.a(div64.o)
                0x0000000000019fa0                __do_div64
 .text          0x000000000001a0d0      0x3d4 lib/libmini.a(lib1funcs.o)
                0x000000000001a0d0                __udivsi3
                0x000000000001a0d0                __aeabi_uidiv
                0x000000000001a1b8                __umodsi3
                0x000000000001a274                __aeabi_idiv
                0x000000000001a274                __divsi3
                0x000000000001a38c                __modsi3
                0x000000000001a460                __aeabi_uidivmod
                0x000000000001a478                __aeabi_idivmod
                0x000000000001a4a0                __div0
 .text          0x000000000001a4a4      0x29c lib/libmini.a(memcpy.o)
                0x000000000001a4a4                memcpy
 .text          0x000000000001a740       0xc0 lib/libmini.a(memset.o)
                0x000000000001a760                memset
 .text.sercomm_sendmsg
                0x000000000001a800       0x8c comm/libcomm.a(sercomm.o)
                0x000000000001a800                sercomm_sendmsg
 .text.sercomm_alloc_msgb.clone.2
                0x000000000001a88c       0x38 comm/libcomm.a(sercomm.o)
 .text.sercomm_bind_uart
                0x000000000001a8c4       0x10 comm/libcomm.a(sercomm.o)
                0x000000000001a8c4                sercomm_bind_uart
 .text.sercomm_get_uart
                0x000000000001a8d4       0x10 comm/libcomm.a(sercomm.o)
                0x000000000001a8d4                sercomm_get_uart
 .text.sercomm_initialized
                0x000000000001a8e4       0x10 comm/libcomm.a(sercomm.o)
                0x000000000001a8e4                sercomm_initialized
 .text.sercomm_tx_queue_depth
                0x000000000001a8f4       0x34 comm/libcomm.a(sercomm.o)
                0x000000000001a8f4                sercomm_tx_queue_depth
 .text.sercomm_drv_pull
                0x000000000001a928      0x118 comm/libcomm.a(sercomm.o)
                0x000000000001a928                sercomm_drv_pull
 .text.sercomm_register_rx_cb
                0x000000000001aa40       0x34 comm/libcomm.a(sercomm.o)
                0x000000000001aa40                sercomm_register_rx_cb
 .text.sercomm_init
                0x000000000001aa74       0x50 comm/libcomm.a(sercomm.o)
                0x000000000001aa74                sercomm_init
 .text.sercomm_drv_rx_char
                0x000000000001aac4      0x1a8 comm/libcomm.a(sercomm.o)
                0x000000000001aac4                sercomm_drv_rx_char
 .text.raw_puts
                0x000000000001ac6c       0x38 comm/libcomm.a(sercomm_cons.o)
 .text.sercomm_puts
                0x000000000001aca4      0x178 comm/libcomm.a(sercomm_cons.o)
                0x000000000001aca4                sercomm_puts
 .text.sercomm_putchar
                0x000000000001ae1c       0x28 comm/libcomm.a(sercomm_cons.o)
                0x000000000001ae1c                sercomm_putchar
 .text.timer_irq
                0x000000000001ae44       0x18 comm/libcomm.a(timer.o)
 .text.osmo_timer_add
                0x000000000001ae5c       0x54 comm/libcomm.a(timer.o)
                0x000000000001ae5c                osmo_timer_add
 .text.osmo_timer_schedule
                0x000000000001aeb0       0x34 comm/libcomm.a(timer.o)
                0x000000000001aeb0                osmo_timer_schedule
 .text.osmo_timer_del
                0x000000000001aee4       0x48 comm/libcomm.a(timer.o)
                0x000000000001aee4                osmo_timer_del
 .text.osmo_timers_update
                0x000000000001af2c       0xdc comm/libcomm.a(timer.o)
                0x000000000001af2c                osmo_timers_update
 .text.timer_init
                0x000000000001b008       0x6c comm/libcomm.a(timer.o)
                0x000000000001b008                timer_init
 .text.msgb_alloc
                0x000000000001b074       0x5c ../../shared/libosmocore/build-target/src/.libs/libosmocore.a(msgb.o)
                0x000000000001b074                msgb_alloc
 .text.msgb_free
                0x000000000001b0d0        0x4 ../../shared/libosmocore/build-target/src/.libs/libosmocore.a(msgb.o)
                0x000000000001b0d0                msgb_free
 .text.msgb_enqueue
                0x000000000001b0d4       0x18 ../../shared/libosmocore/build-target/src/.libs/libosmocore.a(msgb.o)
                0x000000000001b0d4                msgb_enqueue
 .text.msgb_dequeue
                0x000000000001b0ec       0x40 ../../shared/libosmocore/build-target/src/.libs/libosmocore.a(msgb.o)
                0x000000000001b0ec                msgb_dequeue
 .text.osmo_panic
                0x000000000001b12c       0x4c ../../shared/libosmocore/build-target/src/.libs/libosmocore.a(panic.o)
                0x000000000001b12c                osmo_panic
 .text.ms_pwr_ctl_lvl
                0x000000000001b178       0xe0 ../../shared/libosmocore/build-target/src/gsm/.libs/libosmogsm.a(gsm_utils.o)
                0x000000000001b178                ms_pwr_ctl_lvl
 .text.ms_pwr_dbm
                0x000000000001b258       0xd0 ../../shared/libosmocore/build-target/src/gsm/.libs/libosmogsm.a(gsm_utils.o)
                0x000000000001b258                ms_pwr_dbm
 .text.rxlev2dbm
                0x000000000001b328       0x14 ../../shared/libosmocore/build-target/src/gsm/.libs/libosmogsm.a(gsm_utils.o)
                0x000000000001b328                rxlev2dbm
 .text.dbm2rxlev
                0x000000000001b33c       0x18 ../../shared/libosmocore/build-target/src/gsm/.libs/libosmogsm.a(gsm_utils.o)
                0x000000000001b33c                dbm2rxlev
 .text.gsm_arfcn2band
                0x000000000001b354       0xd8 ../../shared/libosmocore/build-target/src/gsm/.libs/libosmogsm.a(gsm_utils.o)
                0x000000000001b354                gsm_arfcn2band
 .text.gsm_arfcn2freq10
                0x000000000001b42c      0x168 ../../shared/libosmocore/build-target/src/gsm/.libs/libosmogsm.a(gsm_utils.o)
                0x000000000001b42c                gsm_arfcn2freq10
 .text.gsm_fn2gsmtime
                0x000000000001b594       0x5c ../../shared/libosmocore/build-target/src/gsm/.libs/libosmogsm.a(gsm_utils.o)
                0x000000000001b594                gsm_fn2gsmtime
 .text.gsm_gsmtime2fn
                0x000000000001b5f0       0x38 ../../shared/libosmocore/build-target/src/gsm/.libs/libosmogsm.a(gsm_utils.o)
                0x000000000001b5f0                gsm_gsmtime2fn
 .text.dsp_bl_wait_ready
                0x000000000001b628       0x18 calypso/libcalypso.a(dsp.o)
 .text.dsp_upload_sections_api
                0x000000000001b640       0x88 calypso/libcalypso.a(dsp.o)
 .text.dsp_pre_boot
                0x000000000001b6c8       0x84 calypso/libcalypso.a(dsp.o)
 .text.dsp_dump_version
                0x000000000001b74c       0x40 calypso/libcalypso.a(dsp.o)
                0x000000000001b74c                dsp_dump_version
 .text.dsp_api_memset
                0x000000000001b78c       0x2c calypso/libcalypso.a(dsp.o)
                0x000000000001b78c                dsp_api_memset
 .text.dsp_memcpy_to_api
                0x000000000001b7b8       0x8c calypso/libcalypso.a(dsp.o)
                0x000000000001b7b8                dsp_memcpy_to_api
 .text.dsp_memcpy_from_api
                0x000000000001b844       0x94 calypso/libcalypso.a(dsp.o)
                0x000000000001b844                dsp_memcpy_from_api
 .text.dsp_power_on
                0x000000000001b8d8      0x418 calypso/libcalypso.a(dsp.o)
                0x000000000001b8d8                dsp_power_on
 .text.dsp_end_scenario
                0x000000000001bcf0       0x38 calypso/libcalypso.a(dsp.o)
                0x000000000001bcf0                dsp_end_scenario
 .text.dsp_load_rx_task
                0x000000000001bd28       0x2c calypso/libcalypso.a(dsp.o)
                0x000000000001bd28                dsp_load_rx_task
 .text.dsp_load_tx_task
                0x000000000001bd54       0x2c calypso/libcalypso.a(dsp.o)
                0x000000000001bd54                dsp_load_tx_task
 .text.dsp_load_tch_param
                0x000000000001bd80       0xd0 calypso/libcalypso.a(dsp.o)
                0x000000000001bd80                dsp_load_tch_param
 .text.dsp_load_ciph_param
                0x000000000001be50       0x80 calypso/libcalypso.a(dsp.o)
                0x000000000001be50                dsp_load_ciph_param
 .text.sim_apdu
                0x000000000001bed0       0x48 calypso/libcalypso.a(sim.o)
                0x000000000001bed0                sim_apdu
 .text._talloc_zero
                0x000000000001bf18       0xa0 comm/libcomm.a(msgb.o)
                0x000000000001bf18                _talloc_zero
 .text.talloc_free
                0x000000000001bfb8        0xc comm/libcomm.a(msgb.o)
                0x000000000001bfb8                talloc_free
 *(.glue_7t)
 .glue_7t       0x0000000000000000        0x0 linker stubs
 *(.glue_7)
 .glue_7        0x0000000000000000        0x0 linker stubs
 *(.vfp11_veneer)
 .vfp11_veneer  0x0000000000000000        0x0 linker stubs
 *(.v4_bx)
 .v4_bx         0x0000000000000000        0x0 linker stubs
                0x0000000000010100                PROVIDE (_text_start, ADDR (.text))
                0x000000000001bfc4                PROVIDE (_text_end, (ADDR (.text) + SIZEOF (.text)))

.ctors          0x000000000001bfc4       0x18
                0x000000000001bfc4        0x4 LONG 0x4 ((SIZEOF (.ctors) / 0x4) - 0x2)
 *(SORT(.ctors))
 .ctors         0x000000000001bfc8        0x4 layer1/liblayer1.a(prim_rach.o)
 .ctors         0x000000000001bfcc        0x4 layer1/liblayer1.a(prim_tx_nb.o)
 .ctors         0x000000000001bfd0        0x4 layer1/liblayer1.a(prim_fbsb.o)
 .ctors         0x000000000001bfd4        0x4 layer1/liblayer1.a(prim_tch.o)
                0x000000000001bfd8        0x4 LONG 0x0
                0x000000000001bfc4                PROVIDE (_ctor_start, LOADADDR (.ctors))
                0x000000000001bfdc                PROVIDE (_ctor_end, (LOADADDR (.ctors) + SIZEOF (.ctors)))

.dtors          0x000000000001bfdc        0x8
                0x000000000001bfdc        0x4 LONG 0x0 ((SIZEOF (.dtors) / 0x4) - 0x2)
 *(SORT(.dtors))
                0x000000000001bfe0        0x4 LONG 0x0
                0x000000000001bfdc                PROVIDE (_dtor_start, LOADADDR (.dtors))
                0x000000000001bfe4                PROVIDE (_dtor_end, (LOADADDR (.dtors) + SIZEOF (.dtors)))

.rodata         0x000000000001bfe4     0x3414
 *(.rodata*)
 .rodata.str1.1
                0x000000000001bfe4       0xb7 apps/trx/main.o
 *fill*         0x000000000001c09b        0x1 00
 .rodata        0x000000000001c09c       0x20 abb/twl3025.o
                0x000000000001c09c                twl3025_default_ramp
 .rodata.str1.1
                0x000000000001c0bc       0x58 abb/twl3025.o
 .rodata.str1.1
                0x000000000001c114       0x19 rf/trf6151.o
 .rodata.str1.1
                0x000000000001c12d       0x11 apps/trx/trx.o
 .rodata        0x000000000001c13e        0x1 board/compal/rffe_dualband.o
                0x000000000001c13e                system_inherent_gain
 *fill*         0x000000000001c13f        0x1 00
 .rodata        0x000000000001c140       0x44 board/compal/rf_power.o
                0x000000000001c140                dbm2apc_gsm900
                0x000000000001c180                dbm2apc_gsm900_max
 .rodata        0x000000000001c184       0x18 board/compal_e88/init.o
 .rodata        0x000000000001c19c       0x28 battery/compal_e88.o
 .rodata.str1.1
                0x000000000001c1c4      0x208 battery/compal_e88.o
 .rodata        0x000000000001c3cc      0x4bc fb/helvR08.o
                0x000000000001c3cc                font_helvR08
 .rodata        0x000000000001c888      0x70c fb/helvB14.o
                0x000000000001c888                font_helvB14
 .rodata        0x000000000001cf94      0x5b0 fb/c64.o
                0x000000000001cf94                font_c64
 .rodata        0x000000000001d544       0x9c fb/symbols.o
                0x000000000001d544                font_symbols
 .rodata        0x000000000001d5e0        0xc fb/fb_st7558.o
 .rodata.str1.1
                0x000000000001d5ec       0x40 calypso/libcalypso.a(clock.o)
 .rodata        0x000000000001d62c       0x18 calypso/libcalypso.a(irq.o)
 .rodata.str1.1
                0x000000000001d644       0x72 calypso/libcalypso.a(tpu.o)
 .rodata.str1.1
                0x000000000001d6b6       0x1c calypso/libcalypso.a(keypad.o)
 .rodata.str1.1
                0x000000000001d6d2       0xf9 calypso/libcalypso.a(misc.o)
                                         0xfc (size before relaxing)
 .rodata.str1.1
                0x000000000001d7cb       0x1f calypso/libcalypso.a(timer.o)
 *fill*         0x000000000001d7ea        0x2 00
 .rodata        0x000000000001d7ec       0x18 calypso/libcalypso.a(uart.o)
 .rodata.str1.1
                0x000000000001d804       0x61 calypso/libcalypso.a(uart.o)
 .rodata.str1.1
                0x000000000001d865       0x88 layer1/liblayer1.a(sync.o)
 .rodata.str1.1
                0x000000000001d8ed       0x5e layer1/liblayer1.a(tdma_sched.o)
 *fill*         0x000000000001d94b        0x1 00
 .rodata        0x000000000001d94c        0xc layer1/liblayer1.a(tpu_window.o)
 .rodata        0x000000000001d958        0xc layer1/liblayer1.a(l23_api.o)
 .rodata.str1.1
                0x000000000001d964      0x40e layer1/liblayer1.a(l23_api.o)
                                        0x410 (size before relaxing)
 *fill*         0x000000000001dd72        0x2 00
 .rodata        0x000000000001dd74      0x7d0 layer1/liblayer1.a(mframe_sched.o)
 .rodata        0x000000000001e544       0x74 layer1/liblayer1.a(rfch.o)
 .rodata        0x000000000001e5b8       0x90 layer1/liblayer1.a(prim_pm.o)
                0x000000000001e600                neigh_pm_sched_set
 .rodata.str1.1
                0x000000000001e648       0x39 layer1/liblayer1.a(prim_pm.o)
                                         0x6c (size before relaxing)
 *fill*         0x000000000001e681        0x3 00
 .rodata        0x000000000001e684       0x98 layer1/liblayer1.a(prim_rach.o)
                0x000000000001e6d4                rach_sched_set_ul
 .rodata        0x000000000001e71c       0xb4 layer1/liblayer1.a(prim_tx_nb.o)
                0x000000000001e71c                nb_sched_set_ul
 .rodata        0x000000000001e7d0       0xb4 layer1/liblayer1.a(prim_rx_nb.o)
                0x000000000001e7d0                nb_sched_set
 .rodata.str1.1
                0x000000000001e884       0x5a layer1/liblayer1.a(prim_rx_nb.o)
                                         0x8d (size before relaxing)
 *fill*         0x000000000001e8de        0x2 00
 .rodata        0x000000000001e8e0      0x1c8 layer1/liblayer1.a(prim_fbsb.o)
 .rodata.str1.1
                0x000000000001eaa8      0x17e layer1/liblayer1.a(prim_fbsb.o)
                                        0x1bc (size before relaxing)
 *fill*         0x000000000001ec26        0x2 00
 .rodata        0x000000000001ec28       0x18 layer1/liblayer1.a(prim_freq.o)
                0x000000000001ec28                freq_sched_set
 .rodata.str1.1
                0x000000000001ec40       0x65 layer1/liblayer1.a(prim_freq.o)
 *fill*         0x000000000001eca5        0x3 00
 .rodata        0x000000000001eca8       0x18 layer1/liblayer1.a(prim_utils.o)
 .rodata        0x000000000001ecc0       0xd8 layer1/liblayer1.a(prim_tch.o)
                0x000000000001ecc0                tch_sched_set
                0x000000000001ed08                tch_d_sched_set
                0x000000000001ed50                tch_a_sched_set
 .rodata.str1.1
                0x000000000001ed98       0x6e layer1/liblayer1.a(prim_tch.o)
                                         0xa1 (size before relaxing)
 *fill*         0x000000000001ee06        0x2 00
 .rodata        0x000000000001ee08      0x134 layer1/liblayer1.a(prim_bts.o)
                0x000000000001eef4                bts_sched_set
 .rodata.str1.1
                0x0000000000000000       0x33 layer1/liblayer1.a(prim_bts.o)
 .rodata        0x000000000001ef3c       0x48 layer1/liblayer1.a(prim_bts_sync.o)
                0x000000000001ef3c                bts_sync_sched_set
 .rodata.str1.1
                0x000000000001ef84       0x3c layer1/liblayer1.a(prim_bts_sync.o)
                                         0xb8 (size before relaxing)
 .rodata.str1.1
                0x000000000001efc0       0x2f layer1/liblayer1.a(toa.o)
 *fill*         0x000000000001efef        0x1 00
 .rodata        0x000000000001eff0       0x50 lib/libmini.a(vsprintf.o)
 .rodata.str1.1
                0x000000000001f040       0x3e comm/libcomm.a(sercomm.o)
                                         0x71 (size before relaxing)
 .rodata.str1.1
                0x0000000000000000       0x3e comm/libcomm.a(sercomm_cons.o)
 *fill*         0x000000000001f07e        0x2 00
 .rodata        0x000000000001f080       0xb0 calypso/libcalypso.a(dsp.o)
 .rodata.str1.1
                0x000000000001f130      0x1f1 calypso/libcalypso.a(dsp.o)
                                        0x1f8 (size before relaxing)
 .rodata.str1.1
                0x000000000001f321       0xbe calypso/libcalypso.a(sim.o)
                                        0x124 (size before relaxing)
 .rodata.str1.1
                0x000000000001f3df       0x19 comm/libcomm.a(msgb.o)
                0x000000000001bfe4                PROVIDE (_rodata_start, ADDR (.rodata))
                0x000000000001f3f8                PROVIDE (_rodata_end, (ADDR (.rodata) + SIZEOF (.rodata)))

.rel.dyn        0x000000000001f3f8        0x0
 .rel.got       0x0000000000000000        0x0 ../../shared/libosmocore/build-target/src/.libs/libosmocore.a(msgb.o)

.got            0x000000000001f3f8       0x10
                0x000000000001f3f8                . = ALIGN (0x4)
 *(.got)
 .got           0x000000000001f3f8        0x4 ../../shared/libosmocore/build-target/src/.libs/libosmocore.a(msgb.o)
 *(.got.plt)
 .got.plt       0x000000000001f3fc        0xc ../../shared/libosmocore/build-target/src/.libs/libosmocore.a(msgb.o)
                0x000000000001f3fc                _GLOBAL_OFFSET_TABLE_
 *(.igot.plt)
 *(.got)
 *(.igot)
                0x000000000001f408                . = ALIGN (0x4)
                0x000000000001f3f8                PROVIDE (_got_start, ADDR (.got))
                0x000000000001f408                PROVIDE (_got_end, (ADDR (.got) + SIZEOF (.got)))

.compal.reservedram
                0x0000000000800000       0xff
                0x00000000000000ff                . = 0xff
 *fill*         0x0000000000800000       0xff 00

.data           0x0000000000800100      0xd64 load address 0x000000000001f408
                0x0000000000800100                . = ALIGN (0x4)
 *(.data)
 .data          0x0000000000800100       0x1c rf/trf6151.o
                0x0000000000800118                rf_arfcn
 .data          0x000000000080011c      0x420 apps/trx/trx.o
 .data          0x000000000080053c       0x18 battery/compal_e88.o
 .data          0x0000000000800554       0x10 fb/font.o
                0x0000000000800554                fb_fonts
 .data          0x0000000000800564       0x48 fb/fb_st7558.o
                0x0000000000800564                fb_bw8
                0x0000000000800568                framebuffer
 .data          0x00000000008005ac        0x4 calypso/libcalypso.a(tpu.o)
 .data          0x00000000008005b0        0x8 layer1/liblayer1.a(l23_api.o)
 .data          0x00000000008005b8       0x10 layer1/liblayer1.a(sched_gsmtime.o)
 .data          0x00000000008005c8       0x18 layer1/liblayer1.a(prim_utils.o)
 .data          0x00000000008005e0        0xc layer1/liblayer1.a(prim_bts.o)
                0x00000000008005e0                dsp_ext_api
 .data          0x00000000008005ec       0x18 layer1/liblayer1.a(afc.o)
 .data          0x0000000000800604       0x14 layer1/liblayer1.a(toa.o)
 .data          0x0000000000800618      0x100 lib/libmini.a(ctype.o)
                0x0000000000800618                _ctype
 .data          0x0000000000800718        0x8 comm/libcomm.a(timer.o)
 .data          0x0000000000800720      0x744 calypso/libcalypso.a(dsp.o)
                0x0000000000800720                dsp_api
                0x0000000000800e64                . = ALIGN (0x4)
                0x000000000001f408                PROVIDE (__data_start, LOADADDR (.data))
                0x000000000002016c                PROVIDE (__data_end, (LOADADDR (.data) + SIZEOF (.data)))
                0x0000000000800100                PROVIDE (_data_start, ADDR (.data))
                0x0000000000800e64                PROVIDE (_data_end, (ADDR (.data) + SIZEOF (.data)))

.ramtext        0x0000000000800e64        0x0 load address 0x000000000002016c
                0x0000000000800e64                . = ALIGN (0x4)
 *(.ramtext)
                0x0000000000800e64                . = ALIGN (0x4)
                0x000000000002016c                PROVIDE (__ramtext_start, LOADADDR (.ramtext))
                0x000000000002016c                PROVIDE (__ramtext_end, (LOADADDR (.ramtext) + SIZEOF (.ramtext)))
                0x0000000000800e64                PROVIDE (_ramtext_start, ADDR (.ramtext))
                0x0000000000800e64                PROVIDE (_ramtext_end, (ADDR (.ramtext) + SIZEOF (.ramtext)))

.bss            0x0000000000800e64     0x8c70 load address 0x000000000002016c
                0x0000000000800e64                . = ALIGN (0x4)
 *(.bss)
 .bss           0x0000000000800e64        0x4 apps/trx/main.o
 .bss           0x0000000000800e68        0x4 abb/twl3025.o
 .bss           0x0000000000800e6c        0x4 rf/trf6151.o
 .bss           0x0000000000800e70     0x2c40 apps/trx/trx.o
 .bss           0x0000000000803ab0        0x8 battery/compal_e88.o
 .bss           0x0000000000803ab8      0x360 fb/fb_st7558.o
 .bss           0x0000000000803e18       0x80 calypso/libcalypso.a(irq.o)
 .bss           0x0000000000803e98        0x4 calypso/libcalypso.a(rtc.o)
 .bss           0x0000000000803e9c        0x2 calypso/libcalypso.a(tsp.o)
 *fill*         0x0000000000803e9e        0x2 00
 .bss           0x0000000000803ea0       0x28 calypso/libcalypso.a(keypad.o)
                0x0000000000803eac                lastbuttons
                0x0000000000803eb0                power_hold
 .bss           0x0000000000803ec8        0x1 calypso/libcalypso.a(uart.o)
 *fill*         0x0000000000803ec9        0x3 00
 .bss           0x0000000000803ecc        0x8 layer1/liblayer1.a(sync.o)
 .bss           0x0000000000803ed4        0x4 layer1/liblayer1.a(l23_api.o)
                0x0000000000803ed4                l1a_l23_tx_cb
 .bss           0x0000000000803ed8      0x140 layer1/liblayer1.a(sched_gsmtime.o)
 .bss           0x0000000000804018        0x4 layer1/liblayer1.a(prim_tx_nb.o)
 .bss           0x000000000080401c       0x2c layer1/liblayer1.a(prim_rx_nb.o)
 .bss           0x0000000000804048       0x34 layer1/liblayer1.a(prim_fbsb.o)
 .bss           0x000000000080407c       0x78 layer1/liblayer1.a(prim_tch.o)
 .bss           0x00000000008040f4      0x74c layer1/liblayer1.a(prim_bts.o)
 .bss           0x0000000000804840       0x2c layer1/liblayer1.a(prim_bts_sync.o)
 .bss           0x000000000080486c      0x400 lib/libmini.a(printf.o)
 .bss           0x0000000000804c6c     0x1010 lib/libmini.a(console.o)
 .bss           0x0000000000805c7c      0x62c comm/libcomm.a(sercomm.o)
 .bss           0x00000000008062a8        0x4 comm/libcomm.a(sercomm_cons.o)
 .bss           0x00000000008062ac        0x4 ../../shared/libosmocore/build-target/src/.libs/libosmocore.a(panic.o)
 .bss           0x00000000008062b0      0x138 calypso/libcalypso.a(sim.o)
 .bss           0x00000000008063e8     0x2980 comm/libcomm.a(msgb.o)
                0x0000000000808d68                . = ALIGN (0x4)
 COMMON         0x0000000000808d68       0x24 battery/compal_e88.o
                0x0000000000808d68                battery_info
                0x0000000000808d7c                bat_compal_e88_madc
 COMMON         0x0000000000808d8c      0xd38 layer1/liblayer1.a(sync.o)
                0x0000000000808d8c                l1s
 COMMON         0x0000000000809ac4        0x8 layer1/liblayer1.a(prim_rach.o)
                0x0000000000809ac4                last_rach
 COMMON         0x0000000000809acc        0x4 comm/libcomm.a(timer.o)
                0x0000000000809acc                jiffies
 COMMON         0x0000000000809ad0        0x4 ../../shared/libosmocore/build-target/src/.libs/libosmocore.a(msgb.o)
                0x0000000000809ad0                tall_msgb_ctx
                0x0000000000800e64                PROVIDE (__bss_start, ADDR (.bss))
                0x0000000000809ad4                PROVIDE (__bss_end, (ADDR (.bss) + SIZEOF (.bss)))
                0x0000000000800e64                PROVIDE (_bss_start, __bss_start)
                0x0000000000809ad4                PROVIDE (_bss_end, __bss_end)
                0x0000000000809ad4                . = ALIGN (0x4)
                0x0000000000809ad4                _end = .
                0x0000000000809ad4                PROVIDE (end, .)
START GROUP
LOAD apps/trx/main.o
LOAD abb/twl3025.o
LOAD rf/trf6151.o
LOAD flash/cfi_flash.o
LOAD apps/trx/burst_queue.o
LOAD apps/trx/trx.o
LOAD board/common/calypso_uart.o
LOAD board/common/calypso_pwl.o
LOAD board/compal/rffe_dualband.o
LOAD board/compal/rf_power.o
LOAD board/compal_e88/init.o
LOAD battery/compal_e88.o
LOAD fb/framebuffer.o
LOAD fb/font.o
LOAD fb/helvR08.o
LOAD fb/helvB14.o
LOAD fb/c64.o
LOAD fb/symbols.o
LOAD fb/fb_bw8.o
LOAD fb/fb_st7558.o
LOAD board/compal/start.rom.o
LOAD board/compal/header.o
LOAD board/compal/exceptions_redirected.o
LOAD board/compal/handlers.o
LOAD board/compal_e88/trx.e88flash.manifest.o
LOAD calypso/libcalypso.a
LOAD layer1/liblayer1.a
LOAD lib/libmini.a
LOAD comm/libcomm.a
LOAD ../../shared/libosmocore/build-target/src/.libs/libosmocore.a
LOAD ../../shared/libosmocore/build-target/src/gsm/.libs/libosmogsm.a
END GROUP
OUTPUT(board/compal_e88/trx.e88flash.elf elf32-littlearm)

.debug_abbrev   0x0000000000000000     0x7db2
 .debug_abbrev  0x0000000000000000      0x239 apps/trx/main.o
 .debug_abbrev  0x0000000000000239      0x2b1 abb/twl3025.o
 .debug_abbrev  0x00000000000004ea      0x2df rf/trf6151.o
 .debug_abbrev  0x00000000000007c9      0x324 flash/cfi_flash.o
 .debug_abbrev  0x0000000000000aed      0x1dc apps/trx/burst_queue.o
 .debug_abbrev  0x0000000000000cc9      0x1f5 apps/trx/trx.o
 .debug_abbrev  0x0000000000000ebe      0x121 board/compal/rffe_dualband.o
 .debug_abbrev  0x0000000000000fdf       0x72 board/compal/rf_power.o
 .debug_abbrev  0x0000000000001051      0x15b board/compal_e88/init.o
 .debug_abbrev  0x00000000000011ac      0x252 battery/compal_e88.o
 .debug_abbrev  0x00000000000013fe       0xc0 fb/framebuffer.o
 .debug_abbrev  0x00000000000014be       0xd9 fb/font.o
 .debug_abbrev  0x0000000000001597       0xaf fb/helvR08.o
 .debug_abbrev  0x0000000000001646       0xaf fb/helvB14.o
 .debug_abbrev  0x00000000000016f5       0xaf fb/c64.o
 .debug_abbrev  0x00000000000017a4       0x97 fb/symbols.o
 .debug_abbrev  0x000000000000183b      0x2dc fb/fb_bw8.o
 .debug_abbrev  0x0000000000001b17      0x152 fb/fb_st7558.o
 .debug_abbrev  0x0000000000001c69       0x40 board/compal_e88/trx.e88flash.manifest.o
 .debug_abbrev  0x0000000000001ca9      0x154 calypso/libcalypso.a(clock.o)
 .debug_abbrev  0x0000000000001dfd       0x43 calypso/libcalypso.a(dma.o)
 .debug_abbrev  0x0000000000001e40       0xfb calypso/libcalypso.a(i2c.o)
 .debug_abbrev  0x0000000000001f3b      0x198 calypso/libcalypso.a(irq.o)
 .debug_abbrev  0x00000000000020d3       0x8c calypso/libcalypso.a(rtc.o)
 .debug_abbrev  0x000000000000215f       0xd0 calypso/libcalypso.a(spi.o)
 .debug_abbrev  0x000000000000222f      0x27c calypso/libcalypso.a(tpu.o)
 .debug_abbrev  0x00000000000024ab      0x127 calypso/libcalypso.a(tsp.o)
 .debug_abbrev  0x00000000000025d2      0x164 calypso/libcalypso.a(keypad.o)
 .debug_abbrev  0x0000000000002736       0xaa calypso/libcalypso.a(misc.o)
 .debug_abbrev  0x00000000000027e0      0x10b calypso/libcalypso.a(timer.o)
 .debug_abbrev  0x00000000000028eb       0xaa calypso/libcalypso.a(backlight.o)
 .debug_abbrev  0x0000000000002995      0x1f6 calypso/libcalypso.a(uart.o)
 .debug_abbrev  0x0000000000002b8b       0x78 calypso/libcalypso.a(arm.o)
 .debug_abbrev  0x0000000000002c03      0x383 layer1/liblayer1.a(sync.o)
 .debug_abbrev  0x0000000000002f86      0x2c6 layer1/liblayer1.a(tdma_sched.o)
 .debug_abbrev  0x000000000000324c      0x273 layer1/liblayer1.a(tpu_window.o)
 .debug_abbrev  0x00000000000034bf       0xa2 layer1/liblayer1.a(init.o)
 .debug_abbrev  0x0000000000003561      0x4ca layer1/liblayer1.a(l23_api.o)
 .debug_abbrev  0x0000000000003a2b      0x271 layer1/liblayer1.a(mframe_sched.o)
 .debug_abbrev  0x0000000000003c9c      0x1c5 layer1/liblayer1.a(sched_gsmtime.o)
 .debug_abbrev  0x0000000000003e61      0x240 layer1/liblayer1.a(async.o)
 .debug_abbrev  0x00000000000040a1      0x206 layer1/liblayer1.a(rfch.o)
 .debug_abbrev  0x00000000000042a7       0xd6 layer1/liblayer1.a(apc.o)
 .debug_abbrev  0x000000000000437d      0x332 layer1/liblayer1.a(prim_pm.o)
 .debug_abbrev  0x00000000000046af      0x2c5 layer1/liblayer1.a(prim_rach.o)
 .debug_abbrev  0x0000000000004974      0x2dc layer1/liblayer1.a(prim_tx_nb.o)
 .debug_abbrev  0x0000000000004c50      0x2cb layer1/liblayer1.a(prim_rx_nb.o)
 .debug_abbrev  0x0000000000004f1b      0x3f2 layer1/liblayer1.a(prim_fbsb.o)
 .debug_abbrev  0x000000000000530d      0x1dc layer1/liblayer1.a(prim_freq.o)
 .debug_abbrev  0x00000000000054e9      0x195 layer1/liblayer1.a(prim_utils.o)
 .debug_abbrev  0x000000000000567e      0x42b layer1/liblayer1.a(prim_tch.o)
 .debug_abbrev  0x0000000000005aa9      0x3af layer1/liblayer1.a(prim_bts.o)
 .debug_abbrev  0x0000000000005e58      0x319 layer1/liblayer1.a(prim_bts_sync.o)
 .debug_abbrev  0x0000000000006171       0xbf layer1/liblayer1.a(agc.o)
 .debug_abbrev  0x0000000000006230      0x1b3 layer1/liblayer1.a(afc.o)
 .debug_abbrev  0x00000000000063e3      0x1b8 layer1/liblayer1.a(toa.o)
 .debug_abbrev  0x000000000000659b       0xea layer1/liblayer1.a(avg.o)
 .debug_abbrev  0x0000000000006685      0x213 lib/libmini.a(vsprintf.o)
 .debug_abbrev  0x0000000000006898       0xae lib/libmini.a(string.o)
 .debug_abbrev  0x0000000000006946       0x53 lib/libmini.a(ctype.o)
 .debug_abbrev  0x0000000000006999       0xaf lib/libmini.a(printf.o)
 .debug_abbrev  0x0000000000006a48      0x20b lib/libmini.a(console.o)
 .debug_abbrev  0x0000000000006c53       0x7a lib/libmini.a(ctors.o)
 .debug_abbrev  0x0000000000006ccd       0x81 lib/libmini.a(delay.o)
 .debug_abbrev  0x0000000000006d4e      0x350 comm/libcomm.a(sercomm.o)
 .debug_abbrev  0x000000000000709e      0x24e comm/libcomm.a(sercomm_cons.o)
 .debug_abbrev  0x00000000000072ec      0x237 comm/libcomm.a(timer.o)
 .debug_abbrev  0x0000000000007523      0x422 calypso/libcalypso.a(dsp.o)
 .debug_abbrev  0x0000000000007945      0x2e4 calypso/libcalypso.a(sim.o)
 .debug_abbrev  0x0000000000007c29      0x189 comm/libcomm.a(msgb.o)

.debug_info     0x0000000000000000    0x2aad1
 .debug_info    0x0000000000000000      0x629 apps/trx/main.o
 .debug_info    0x0000000000000629      0x784 abb/twl3025.o
 .debug_info    0x0000000000000dad      0xa18 rf/trf6151.o
 .debug_info    0x00000000000017c5      0xa9e flash/cfi_flash.o
 .debug_info    0x0000000000002263      0x412 apps/trx/burst_queue.o
 .debug_info    0x0000000000002675      0xafb apps/trx/trx.o
 .debug_info    0x0000000000003170      0x2ab board/compal/rffe_dualband.o
 .debug_info    0x000000000000341b       0xce board/compal/rf_power.o
 .debug_info    0x00000000000034e9      0x47b board/compal_e88/init.o
 .debug_info    0x0000000000003964      0x6ef battery/compal_e88.o
 .debug_info    0x0000000000004053      0x1f4 fb/framebuffer.o
 .debug_info    0x0000000000004247      0x275 fb/font.o
 .debug_info    0x00000000000044bc      0x17f fb/helvR08.o
 .debug_info    0x000000000000463b      0x17f fb/helvB14.o
 .debug_info    0x00000000000047ba      0x17f fb/c64.o
 .debug_info    0x0000000000004939      0x17c fb/symbols.o
 .debug_info    0x0000000000004ab5      0xac4 fb/fb_bw8.o
 .debug_info    0x0000000000005579      0x39f fb/fb_st7558.o
 .debug_info    0x0000000000005918       0x80 board/compal_e88/trx.e88flash.manifest.o
 .debug_info    0x0000000000005998      0x44d calypso/libcalypso.a(clock.o)
 .debug_info    0x0000000000005de5       0x57 calypso/libcalypso.a(dma.o)
 .debug_info    0x0000000000005e3c      0x1b9 calypso/libcalypso.a(i2c.o)
 .debug_info    0x0000000000005ff5      0x480 calypso/libcalypso.a(irq.o)
 .debug_info    0x0000000000006475      0x1d1 calypso/libcalypso.a(rtc.o)
 .debug_info    0x0000000000006646      0x188 calypso/libcalypso.a(spi.o)
 .debug_info    0x00000000000067ce      0x57d calypso/libcalypso.a(tpu.o)
 .debug_info    0x0000000000006d4b      0x35d calypso/libcalypso.a(tsp.o)
 .debug_info    0x00000000000070a8      0x461 calypso/libcalypso.a(keypad.o)
 .debug_info    0x0000000000007509      0x11c calypso/libcalypso.a(misc.o)
 .debug_info    0x0000000000007625      0x320 calypso/libcalypso.a(timer.o)
 .debug_info    0x0000000000007945       0xf9 calypso/libcalypso.a(backlight.o)
 .debug_info    0x0000000000007a3e      0x719 calypso/libcalypso.a(uart.o)
 .debug_info    0x0000000000008157       0x91 calypso/libcalypso.a(arm.o)
 .debug_info    0x00000000000081e8     0x21f4 layer1/liblayer1.a(sync.o)
 .debug_info    0x000000000000a3dc      0xcba layer1/liblayer1.a(tdma_sched.o)
 .debug_info    0x000000000000b096      0xcd4 layer1/liblayer1.a(tpu_window.o)
 .debug_info    0x000000000000bd6a      0x27b layer1/liblayer1.a(init.o)
 .debug_info    0x000000000000bfe5     0x2419 layer1/liblayer1.a(l23_api.o)
 .debug_info    0x000000000000e3fe      0xf19 layer1/liblayer1.a(mframe_sched.o)
 .debug_info    0x000000000000f317      0x75d layer1/liblayer1.a(sched_gsmtime.o)
 .debug_info    0x000000000000fa74      0xc9d layer1/liblayer1.a(async.o)
 .debug_info    0x0000000000010711      0x9b9 layer1/liblayer1.a(rfch.o)
 .debug_info    0x00000000000110ca      0x1ab layer1/liblayer1.a(apc.o)
 .debug_info    0x0000000000011275     0x2122 layer1/liblayer1.a(prim_pm.o)
 .debug_info    0x0000000000013397     0x1e8b layer1/liblayer1.a(prim_rach.o)
 .debug_info    0x0000000000015222     0x1e1d layer1/liblayer1.a(prim_tx_nb.o)
 .debug_info    0x000000000001703f     0x2104 layer1/liblayer1.a(prim_rx_nb.o)
 .debug_info    0x0000000000019143     0x2556 layer1/liblayer1.a(prim_fbsb.o)
 .debug_info    0x000000000001b699      0xa1c layer1/liblayer1.a(prim_freq.o)
 .debug_info    0x000000000001c0b5      0x9a8 layer1/liblayer1.a(prim_utils.o)
 .debug_info    0x000000000001ca5d     0x28c9 layer1/liblayer1.a(prim_tch.o)
 .debug_info    0x000000000001f326     0x23f5 layer1/liblayer1.a(prim_bts.o)
 .debug_info    0x000000000002171b     0x21cc layer1/liblayer1.a(prim_bts_sync.o)
 .debug_info    0x00000000000238e7      0x12c layer1/liblayer1.a(agc.o)
 .debug_info    0x0000000000023a13     0x147b layer1/liblayer1.a(afc.o)
 .debug_info    0x0000000000024e8e      0x938 layer1/liblayer1.a(toa.o)
 .debug_info    0x00000000000257c6      0x198 layer1/liblayer1.a(avg.o)
 .debug_info    0x000000000002595e      0x9fa lib/libmini.a(vsprintf.o)
 .debug_info    0x0000000000026358      0x131 lib/libmini.a(string.o)
 .debug_info    0x0000000000026489       0x63 lib/libmini.a(ctype.o)
 .debug_info    0x00000000000264ec      0x109 lib/libmini.a(printf.o)
 .debug_info    0x00000000000265f5      0x3a5 lib/libmini.a(console.o)
 .debug_info    0x000000000002699a       0xab lib/libmini.a(ctors.o)
 .debug_info    0x0000000000026a45       0x9a lib/libmini.a(delay.o)
 .debug_info    0x0000000000026adf      0x949 comm/libcomm.a(sercomm.o)
 .debug_info    0x0000000000027428      0x589 comm/libcomm.a(sercomm_cons.o)
 .debug_info    0x00000000000279b1      0x5ca comm/libcomm.a(timer.o)
 .debug_info    0x0000000000027f7b     0x1ced calypso/libcalypso.a(dsp.o)
 .debug_info    0x0000000000029c68      0xb3e calypso/libcalypso.a(sim.o)
 .debug_info    0x000000000002a7a6      0x32b comm/libcomm.a(msgb.o)

.debug_line     0x0000000000000000     0x7f3e
 .debug_line    0x0000000000000000      0x19a apps/trx/main.o
 .debug_line    0x000000000000019a      0x2c4 abb/twl3025.o
 .debug_line    0x000000000000045e      0x370 rf/trf6151.o
 .debug_line    0x00000000000007ce      0x1d8 flash/cfi_flash.o
 .debug_line    0x00000000000009a6      0x1ad apps/trx/burst_queue.o
 .debug_line    0x0000000000000b53      0x1aa apps/trx/trx.o
 .debug_line    0x0000000000000cfd      0x19b board/compal/rffe_dualband.o
 .debug_line    0x0000000000000e98       0x8f board/compal/rf_power.o
 .debug_line    0x0000000000000f27      0x17d board/compal_e88/init.o
 .debug_line    0x00000000000010a4      0x1e3 battery/compal_e88.o
 .debug_line    0x0000000000001287       0x9a fb/framebuffer.o
 .debug_line    0x0000000000001321       0xb6 fb/font.o
 .debug_line    0x00000000000013d7       0x99 fb/helvR08.o
 .debug_line    0x0000000000001470       0x99 fb/helvB14.o
 .debug_line    0x0000000000001509       0x95 fb/c64.o
 .debug_line    0x000000000000159e       0x99 fb/symbols.o
 .debug_line    0x0000000000001637      0x31b fb/fb_bw8.o
 .debug_line    0x0000000000001952      0x142 fb/fb_st7558.o
 .debug_line    0x0000000000001a94       0x31 board/compal_e88/trx.e88flash.manifest.o
 .debug_line    0x0000000000001ac5      0x19d calypso/libcalypso.a(clock.o)
 .debug_line    0x0000000000001c62       0x3f calypso/libcalypso.a(dma.o)
 .debug_line    0x0000000000001ca1       0xc8 calypso/libcalypso.a(i2c.o)
 .debug_line    0x0000000000001d69      0x18b calypso/libcalypso.a(irq.o)
 .debug_line    0x0000000000001ef4       0x6f calypso/libcalypso.a(rtc.o)
 .debug_line    0x0000000000001f63       0xe1 calypso/libcalypso.a(spi.o)
 .debug_line    0x0000000000002044      0x275 calypso/libcalypso.a(tpu.o)
 .debug_line    0x00000000000022b9      0x185 calypso/libcalypso.a(tsp.o)
 .debug_line    0x000000000000243e      0x195 calypso/libcalypso.a(keypad.o)
 .debug_line    0x00000000000025d3       0x8c calypso/libcalypso.a(misc.o)
 .debug_line    0x000000000000265f      0x156 calypso/libcalypso.a(timer.o)
 .debug_line    0x00000000000027b5       0xc4 calypso/libcalypso.a(backlight.o)
 .debug_line    0x0000000000002879      0x28c calypso/libcalypso.a(uart.o)
 .debug_line    0x0000000000002b05       0x4f calypso/libcalypso.a(arm.o)
 .debug_line    0x0000000000002b54      0x3a4 layer1/liblayer1.a(sync.o)
 .debug_line    0x0000000000002ef8      0x2e2 layer1/liblayer1.a(tdma_sched.o)
 .debug_line    0x00000000000031da      0x2ea layer1/liblayer1.a(tpu_window.o)
 .debug_line    0x00000000000034c4       0x97 layer1/liblayer1.a(init.o)
 .debug_line    0x000000000000355b      0x628 layer1/liblayer1.a(l23_api.o)
 .debug_line    0x0000000000003b83      0x225 layer1/liblayer1.a(mframe_sched.o)
 .debug_line    0x0000000000003da8      0x249 layer1/liblayer1.a(sched_gsmtime.o)
 .debug_line    0x0000000000003ff1      0x283 layer1/liblayer1.a(async.o)
 .debug_line    0x0000000000004274      0x198 layer1/liblayer1.a(rfch.o)
 .debug_line    0x000000000000440c       0xee layer1/liblayer1.a(apc.o)
 .debug_line    0x00000000000044fa      0x2dd layer1/liblayer1.a(prim_pm.o)
 .debug_line    0x00000000000047d7      0x24f layer1/liblayer1.a(prim_rach.o)
 .debug_line    0x0000000000004a26      0x26a layer1/liblayer1.a(prim_tx_nb.o)
 .debug_line    0x0000000000004c90      0x2d9 layer1/liblayer1.a(prim_rx_nb.o)
 .debug_line    0x0000000000004f69      0x42b layer1/liblayer1.a(prim_fbsb.o)
 .debug_line    0x0000000000005394      0x18c layer1/liblayer1.a(prim_freq.o)
 .debug_line    0x0000000000005520      0x182 layer1/liblayer1.a(prim_utils.o)
 .debug_line    0x00000000000056a2      0x53a layer1/liblayer1.a(prim_tch.o)
 .debug_line    0x0000000000005bdc      0x3a4 layer1/liblayer1.a(prim_bts.o)
 .debug_line    0x0000000000005f80      0x2b8 layer1/liblayer1.a(prim_bts_sync.o)
 .debug_line    0x0000000000006238       0xc5 layer1/liblayer1.a(agc.o)
 .debug_line    0x00000000000062fd      0x17c layer1/liblayer1.a(afc.o)
 .debug_line    0x0000000000006479      0x187 layer1/liblayer1.a(toa.o)
 .debug_line    0x0000000000006600       0xcf layer1/liblayer1.a(avg.o)
 .debug_line    0x00000000000066cf      0x573 lib/libmini.a(vsprintf.o)
 .debug_line    0x0000000000006c42       0xb2 lib/libmini.a(string.o)
 .debug_line    0x0000000000006cf4       0x3f lib/libmini.a(ctype.o)
 .debug_line    0x0000000000006d33       0x80 lib/libmini.a(printf.o)
 .debug_line    0x0000000000006db3      0x149 lib/libmini.a(console.o)
 .debug_line    0x0000000000006efc       0x47 lib/libmini.a(ctors.o)
 .debug_line    0x0000000000006f43       0x66 lib/libmini.a(delay.o)
 .debug_line    0x0000000000006fa9      0x2be comm/libcomm.a(sercomm.o)
 .debug_line    0x0000000000007267      0x199 comm/libcomm.a(sercomm_cons.o)
 .debug_line    0x0000000000007400      0x1ad comm/libcomm.a(timer.o)
 .debug_line    0x00000000000075ad      0x527 calypso/libcalypso.a(dsp.o)
 .debug_line    0x0000000000007ad4      0x369 calypso/libcalypso.a(sim.o)
 .debug_line    0x0000000000007e3d      0x101 comm/libcomm.a(msgb.o)

.debug_loc      0x0000000000000000     0xb52d
 .debug_loc     0x0000000000000000       0xad apps/trx/main.o
 .debug_loc     0x00000000000000ad      0x413 abb/twl3025.o
 .debug_loc     0x00000000000004c0      0x784 rf/trf6151.o
 .debug_loc     0x0000000000000c44      0x60c flash/cfi_flash.o
 .debug_loc     0x0000000000001250      0x2cf apps/trx/burst_queue.o
 .debug_loc     0x000000000000151f      0x1e7 apps/trx/trx.o
 .debug_loc     0x0000000000001706      0x153 board/compal/rffe_dualband.o
 .debug_loc     0x0000000000001859       0x99 board/compal_e88/init.o
 .debug_loc     0x00000000000018f2      0x133 battery/compal_e88.o
 .debug_loc     0x0000000000001a25       0x4f fb/font.o
 .debug_loc     0x0000000000001a74      0x93d fb/fb_bw8.o
 .debug_loc     0x00000000000023b1       0xcb fb/fb_st7558.o
 .debug_loc     0x000000000000247c      0x297 calypso/libcalypso.a(clock.o)
 .debug_loc     0x0000000000002713       0xee calypso/libcalypso.a(i2c.o)
 .debug_loc     0x0000000000002801      0x215 calypso/libcalypso.a(irq.o)
 .debug_loc     0x0000000000002a16       0x20 calypso/libcalypso.a(rtc.o)
 .debug_loc     0x0000000000002a36      0x155 calypso/libcalypso.a(spi.o)
 .debug_loc     0x0000000000002b8b      0x31e calypso/libcalypso.a(tpu.o)
 .debug_loc     0x0000000000002ea9      0x153 calypso/libcalypso.a(tsp.o)
 .debug_loc     0x0000000000002ffc      0x174 calypso/libcalypso.a(keypad.o)
 .debug_loc     0x0000000000003170       0xfa calypso/libcalypso.a(misc.o)
 .debug_loc     0x000000000000326a      0x154 calypso/libcalypso.a(timer.o)
 .debug_loc     0x00000000000033be       0x44 calypso/libcalypso.a(backlight.o)
 .debug_loc     0x0000000000003402      0x4b2 calypso/libcalypso.a(uart.o)
 .debug_loc     0x00000000000038b4      0x39a layer1/liblayer1.a(sync.o)
 .debug_loc     0x0000000000003c4e      0x4e0 layer1/liblayer1.a(tdma_sched.o)
 .debug_loc     0x000000000000412e      0x3ea layer1/liblayer1.a(tpu_window.o)
 .debug_loc     0x0000000000004518       0x3e layer1/liblayer1.a(init.o)
 .debug_loc     0x0000000000004556      0xcdc layer1/liblayer1.a(l23_api.o)
 .debug_loc     0x0000000000005232      0x1d9 layer1/liblayer1.a(mframe_sched.o)
 .debug_loc     0x000000000000540b      0x6d7 layer1/liblayer1.a(sched_gsmtime.o)
 .debug_loc     0x0000000000005ae2      0x1cc layer1/liblayer1.a(async.o)
 .debug_loc     0x0000000000005cae      0x195 layer1/liblayer1.a(rfch.o)
 .debug_loc     0x0000000000005e43       0xa0 layer1/liblayer1.a(apc.o)
 .debug_loc     0x0000000000005ee3      0x347 layer1/liblayer1.a(prim_pm.o)
 .debug_loc     0x000000000000622a      0x19c layer1/liblayer1.a(prim_rach.o)
 .debug_loc     0x00000000000063c6      0x22c layer1/liblayer1.a(prim_tx_nb.o)
 .debug_loc     0x00000000000065f2      0x35d layer1/liblayer1.a(prim_rx_nb.o)
 .debug_loc     0x000000000000694f      0x586 layer1/liblayer1.a(prim_fbsb.o)
 .debug_loc     0x0000000000006ed5       0xdb layer1/liblayer1.a(prim_freq.o)
 .debug_loc     0x0000000000006fb0       0x13 layer1/liblayer1.a(prim_utils.o)
 .debug_loc     0x0000000000006fc3      0xb7c layer1/liblayer1.a(prim_tch.o)
 .debug_loc     0x0000000000007b3f      0x5c3 layer1/liblayer1.a(prim_bts.o)
 .debug_loc     0x0000000000008102      0x311 layer1/liblayer1.a(prim_bts_sync.o)
 .debug_loc     0x0000000000008413       0x82 layer1/liblayer1.a(agc.o)
 .debug_loc     0x0000000000008495       0xf2 layer1/liblayer1.a(afc.o)
 .debug_loc     0x0000000000008587       0xce layer1/liblayer1.a(toa.o)
 .debug_loc     0x0000000000008655       0x6e layer1/liblayer1.a(avg.o)
 .debug_loc     0x00000000000086c3     0x1604 lib/libmini.a(vsprintf.o)
 .debug_loc     0x0000000000009cc7       0x8b lib/libmini.a(string.o)
 .debug_loc     0x0000000000009d52       0x4a lib/libmini.a(printf.o)
 .debug_loc     0x0000000000009d9c      0x23b lib/libmini.a(console.o)
 .debug_loc     0x0000000000009fd7       0x7b lib/libmini.a(ctors.o)
 .debug_loc     0x000000000000a052       0xa9 lib/libmini.a(delay.o)
 .debug_loc     0x000000000000a0fb      0x2fc comm/libcomm.a(sercomm.o)
 .debug_loc     0x000000000000a3f7      0x2ea comm/libcomm.a(sercomm_cons.o)
 .debug_loc     0x000000000000a6e1      0x291 comm/libcomm.a(timer.o)
 .debug_loc     0x000000000000a972      0x724 calypso/libcalypso.a(dsp.o)
 .debug_loc     0x000000000000b096      0x420 calypso/libcalypso.a(sim.o)
 .debug_loc     0x000000000000b4b6       0x77 comm/libcomm.a(msgb.o)

.debug_pubnames
                0x0000000000000000     0x1bff
 .debug_pubnames
                0x0000000000000000       0x1b apps/trx/main.o
 .debug_pubnames
                0x000000000000001b      0x13c abb/twl3025.o
 .debug_pubnames
                0x0000000000000157      0x164 rf/trf6151.o
 .debug_pubnames
                0x00000000000002bb       0xa6 flash/cfi_flash.o
 .debug_pubnames
                0x0000000000000361       0x51 apps/trx/burst_queue.o
 .debug_pubnames
                0x00000000000003b2       0x43 apps/trx/trx.o
 .debug_pubnames
                0x00000000000003f5       0xd6 board/compal/rffe_dualband.o
 .debug_pubnames
                0x00000000000004cb       0x3c board/compal/rf_power.o
 .debug_pubnames
                0x0000000000000507       0x21 board/compal_e88/init.o
 .debug_pubnames
                0x0000000000000528       0x57 battery/compal_e88.o
 .debug_pubnames
                0x000000000000057f       0x34 fb/font.o
 .debug_pubnames
                0x00000000000005b3       0x23 fb/helvR08.o
 .debug_pubnames
                0x00000000000005d6       0x23 fb/helvB14.o
 .debug_pubnames
                0x00000000000005f9       0x1f fb/c64.o
 .debug_pubnames
                0x0000000000000618       0x23 fb/symbols.o
 .debug_pubnames
                0x000000000000063b       0x6b fb/fb_bw8.o
 .debug_pubnames
                0x00000000000006a6       0x2d fb/fb_st7558.o
 .debug_pubnames
                0x00000000000006d3       0x6d board/compal_e88/trx.e88flash.manifest.o
 .debug_pubnames
                0x0000000000000740       0xd0 calypso/libcalypso.a(clock.o)
 .debug_pubnames
                0x0000000000000810       0x1f calypso/libcalypso.a(dma.o)
 .debug_pubnames
                0x000000000000082f       0x2d calypso/libcalypso.a(i2c.o)
 .debug_pubnames
                0x000000000000085c       0x95 calypso/libcalypso.a(irq.o)
 .debug_pubnames
                0x00000000000008f1       0x1f calypso/libcalypso.a(rtc.o)
 .debug_pubnames
                0x0000000000000910       0x2c calypso/libcalypso.a(spi.o)
 .debug_pubnames
                0x000000000000093c      0x12d calypso/libcalypso.a(tpu.o)
 .debug_pubnames
                0x0000000000000a69       0x9a calypso/libcalypso.a(tsp.o)
 .debug_pubnames
                0x0000000000000b03       0x8a calypso/libcalypso.a(keypad.o)
 .debug_pubnames
                0x0000000000000b8d       0x41 calypso/libcalypso.a(misc.o)
 .debug_pubnames
                0x0000000000000bce       0x8a calypso/libcalypso.a(timer.o)
 .debug_pubnames
                0x0000000000000c58       0x2f calypso/libcalypso.a(backlight.o)
 .debug_pubnames
                0x0000000000000c87       0xa3 calypso/libcalypso.a(uart.o)
 .debug_pubnames
                0x0000000000000d2a       0x47 calypso/libcalypso.a(arm.o)
 .debug_pubnames
                0x0000000000000d71       0xeb layer1/liblayer1.a(sync.o)
 .debug_pubnames
                0x0000000000000e5c       0xbb layer1/liblayer1.a(tdma_sched.o)
 .debug_pubnames
                0x0000000000000f17       0x7a layer1/liblayer1.a(tpu_window.o)
 .debug_pubnames
                0x0000000000000f91       0x22 layer1/liblayer1.a(init.o)
 .debug_pubnames
                0x0000000000000fb3       0xac layer1/liblayer1.a(l23_api.o)
 .debug_pubnames
                0x000000000000105f       0x83 layer1/liblayer1.a(mframe_sched.o)
 .debug_pubnames
                0x00000000000010e2       0x6d layer1/liblayer1.a(sched_gsmtime.o)
 .debug_pubnames
                0x000000000000114f       0xfa layer1/liblayer1.a(async.o)
 .debug_pubnames
                0x0000000000001249       0x26 layer1/liblayer1.a(rfch.o)
 .debug_pubnames
                0x000000000000126f       0x41 layer1/liblayer1.a(apc.o)
 .debug_pubnames
                0x00000000000012b0       0x39 layer1/liblayer1.a(prim_pm.o)
 .debug_pubnames
                0x00000000000012e9       0x47 layer1/liblayer1.a(prim_rach.o)
 .debug_pubnames
                0x0000000000001330       0x36 layer1/liblayer1.a(prim_tx_nb.o)
 .debug_pubnames
                0x0000000000001366       0x23 layer1/liblayer1.a(prim_rx_nb.o)
 .debug_pubnames
                0x0000000000001389       0x33 layer1/liblayer1.a(prim_fbsb.o)
 .debug_pubnames
                0x00000000000013bc       0x44 layer1/liblayer1.a(prim_freq.o)
 .debug_pubnames
                0x0000000000001400       0x55 layer1/liblayer1.a(prim_utils.o)
 .debug_pubnames
                0x0000000000001455       0x4c layer1/liblayer1.a(prim_tch.o)
 .debug_pubnames
                0x00000000000014a1       0x34 layer1/liblayer1.a(prim_bts.o)
 .debug_pubnames
                0x00000000000014d5       0x29 layer1/liblayer1.a(prim_bts_sync.o)
 .debug_pubnames
                0x00000000000014fe       0x3c layer1/liblayer1.a(agc.o)
 .debug_pubnames
                0x000000000000153a       0x4f layer1/liblayer1.a(afc.o)
 .debug_pubnames
                0x0000000000001589       0x2e layer1/liblayer1.a(toa.o)
 .debug_pubnames
                0x00000000000015b7       0x3b layer1/liblayer1.a(avg.o)
 .debug_pubnames
                0x00000000000015f2       0xb3 lib/libmini.a(vsprintf.o)
 .debug_pubnames
                0x00000000000016a5       0x29 lib/libmini.a(string.o)
 .debug_pubnames
                0x00000000000016ce       0x1d lib/libmini.a(ctype.o)
 .debug_pubnames
                0x00000000000016eb       0x1d lib/libmini.a(printf.o)
 .debug_pubnames
                0x0000000000001708       0x89 lib/libmini.a(console.o)
 .debug_pubnames
                0x0000000000001791       0x26 lib/libmini.a(ctors.o)
 .debug_pubnames
                0x00000000000017b7       0x2c lib/libmini.a(delay.o)
 .debug_pubnames
                0x00000000000017e3       0xdd comm/libcomm.a(sercomm.o)
 .debug_pubnames
                0x00000000000018c0       0x37 comm/libcomm.a(sercomm_cons.o)
 .debug_pubnames
                0x00000000000018f7       0xaf comm/libcomm.a(timer.o)
 .debug_pubnames
                0x00000000000019a6      0x12b calypso/libcalypso.a(dsp.o)
 .debug_pubnames
                0x0000000000001ad1       0xe9 calypso/libcalypso.a(sim.o)
 .debug_pubnames
                0x0000000000001bba       0x45 comm/libcomm.a(msgb.o)

.debug_pubtypes
                0x0000000000000000     0x34d8
 .debug_pubtypes
                0x0000000000000000       0x75 apps/trx/main.o
 .debug_pubtypes
                0x0000000000000075       0xa2 abb/twl3025.o
 .debug_pubtypes
                0x0000000000000117       0xa3 rf/trf6151.o
 .debug_pubtypes
                0x00000000000001ba      0x109 flash/cfi_flash.o
 .debug_pubtypes
                0x00000000000002c3       0x80 apps/trx/burst_queue.o
 .debug_pubtypes
                0x0000000000000343      0x182 apps/trx/trx.o
 .debug_pubtypes
                0x00000000000004c5       0x5f board/compal/rffe_dualband.o
 .debug_pubtypes
                0x0000000000000524       0x1e board/compal/rf_power.o
 .debug_pubtypes
                0x0000000000000542       0xce board/compal_e88/init.o
 .debug_pubtypes
                0x0000000000000610      0x139 battery/compal_e88.o
 .debug_pubtypes
                0x0000000000000749       0x4b fb/framebuffer.o
 .debug_pubtypes
                0x0000000000000794       0x4e fb/font.o
 .debug_pubtypes
                0x00000000000007e2       0x42 fb/helvR08.o
 .debug_pubtypes
                0x0000000000000824       0x42 fb/helvB14.o
 .debug_pubtypes
                0x0000000000000866       0x42 fb/c64.o
 .debug_pubtypes
                0x00000000000008a8       0x42 fb/symbols.o
 .debug_pubtypes
                0x00000000000008ea       0x85 fb/fb_bw8.o
 .debug_pubtypes
                0x000000000000096f       0x72 fb/fb_st7558.o
 .debug_pubtypes
                0x00000000000009e1       0x97 calypso/libcalypso.a(clock.o)
 .debug_pubtypes
                0x0000000000000a78       0x1e calypso/libcalypso.a(dma.o)
 .debug_pubtypes
                0x0000000000000a96       0x37 calypso/libcalypso.a(i2c.o)
 .debug_pubtypes
                0x0000000000000acd       0x6a calypso/libcalypso.a(irq.o)
 .debug_pubtypes
                0x0000000000000b37       0x29 calypso/libcalypso.a(rtc.o)
 .debug_pubtypes
                0x0000000000000b60       0x45 calypso/libcalypso.a(spi.o)
 .debug_pubtypes
                0x0000000000000ba5       0x89 calypso/libcalypso.a(tpu.o)
 .debug_pubtypes
                0x0000000000000c2e       0x6a calypso/libcalypso.a(tsp.o)
 .debug_pubtypes
                0x0000000000000c98       0x72 calypso/libcalypso.a(keypad.o)
 .debug_pubtypes
                0x0000000000000d0a       0x12 calypso/libcalypso.a(misc.o)
 .debug_pubtypes
                0x0000000000000d1c       0x6d calypso/libcalypso.a(timer.o)
 .debug_pubtypes
                0x0000000000000d89       0x37 calypso/libcalypso.a(backlight.o)
 .debug_pubtypes
                0x0000000000000dc0       0x7c calypso/libcalypso.a(uart.o)
 .debug_pubtypes
                0x0000000000000e3c      0x1ea layer1/liblayer1.a(sync.o)
 .debug_pubtypes
                0x0000000000001026      0x12d layer1/liblayer1.a(tdma_sched.o)
 .debug_pubtypes
                0x0000000000001153      0x18d layer1/liblayer1.a(tpu_window.o)
 .debug_pubtypes
                0x00000000000012e0       0x40 layer1/liblayer1.a(init.o)
 .debug_pubtypes
                0x0000000000001320      0x385 layer1/liblayer1.a(l23_api.o)
 .debug_pubtypes
                0x00000000000016a5      0x177 layer1/liblayer1.a(mframe_sched.o)
 .debug_pubtypes
                0x000000000000181c       0x91 layer1/liblayer1.a(sched_gsmtime.o)
 .debug_pubtypes
                0x00000000000018ad      0x15a layer1/liblayer1.a(async.o)
 .debug_pubtypes
                0x0000000000001a07      0x13a layer1/liblayer1.a(rfch.o)
 .debug_pubtypes
                0x0000000000001b41       0x42 layer1/liblayer1.a(apc.o)
 .debug_pubtypes
                0x0000000000001b83      0x1fd layer1/liblayer1.a(prim_pm.o)
 .debug_pubtypes
                0x0000000000001d80      0x1c6 layer1/liblayer1.a(prim_rach.o)
 .debug_pubtypes
                0x0000000000001f46      0x1dd layer1/liblayer1.a(prim_tx_nb.o)
 .debug_pubtypes
                0x0000000000002123      0x226 layer1/liblayer1.a(prim_rx_nb.o)
 .debug_pubtypes